Assuming unrestricted shared filesystem usage.
host: Sarahs-iMac.local
Building DAG of jobs...
Using shell: /bin/bash
Provided cores: 2
Rules claiming more threads will be scaled down.
Job stats:
job                 count
----------------  -------
all                     1
combine_pdfs            1
matlab_level_set       18
python_analysis        18
total                  38

Select jobs to execute...
Execute 2 jobs...
[Mon Jan 26 13:41:32 2026]
localrule matlab_level_set:
    input: /Users/smgroves/Documents/GitHub/VCell_Analysis/5_vcell_to_ch/output/01_16_2026/CPC_all_11_26_25_metacentric_relaxed_MCF10A_chr19_PMP1_100_/CPC_all_11_26_25_metacentric_relaxed_MCF10A_chr19_PMP1_100_144x144__6max_4.1minphi.csv, /Users/smgroves/Documents/GitHub/VCell_Analysis/5_vcell_to_ch/output/01_16_2026/CPC_all_11_26_25_metacentric_relaxed_MCF10A_chr19_PMP1_100_/CPC_all_11_26_25_metacentric_relaxed_MCF10A_chr19_PMP1_100_144x144__6max_4.1minmovie.mp4
    output: /Users/smgroves/Documents/GitHub/VCell_Analysis/5_vcell_to_ch/int/CPC_all_11_26_25_metacentric_relaxed_MCF10A_chr19_PMP1_100_/CPC_all_11_26_25_metacentric_relaxed_MCF10A_chr19_PMP1_100_144x144__6max_4.1minradius_data.csv
    jobid: 37
    reason: Missing output files: /Users/smgroves/Documents/GitHub/VCell_Analysis/5_vcell_to_ch/int/CPC_all_11_26_25_metacentric_relaxed_MCF10A_chr19_PMP1_100_/CPC_all_11_26_25_metacentric_relaxed_MCF10A_chr19_PMP1_100_144x144__6max_4.1minradius_data.csv; Updated input files: /Users/smgroves/Documents/GitHub/VCell_Analysis/5_vcell_to_ch/output/01_16_2026/CPC_all_11_26_25_metacentric_relaxed_MCF10A_chr19_PMP1_100_/CPC_all_11_26_25_metacentric_relaxed_MCF10A_chr19_PMP1_100_144x144__6max_4.1minmovie.mp4, /Users/smgroves/Documents/GitHub/VCell_Analysis/5_vcell_to_ch/output/01_16_2026/CPC_all_11_26_25_metacentric_relaxed_MCF10A_chr19_PMP1_100_/CPC_all_11_26_25_metacentric_relaxed_MCF10A_chr19_PMP1_100_144x144__6max_4.1minphi.csv
    wildcards: simulation=CPC_all_11_26_25_metacentric_relaxed_MCF10A_chr19_PMP1_100_144x144__6max_4.1min
    resources: tmpdir=/var/folders/qg/8dr16mq572j_ksgn8_d2g59h0000gn/T
[Mon Jan 26 13:41:32 2026]
localrule matlab_level_set:
    input: /Users/smgroves/Documents/GitHub/VCell_Analysis/5_vcell_to_ch/output/01_16_2026/CPC_all_11_26_25_metacentric_relaxed_MCF10A_chr19_PMP1_100_/CPC_all_11_26_25_metacentric_relaxed_MCF10A_chr19_PMP1_100_144x144__8max_4.5minphi.csv, /Users/smgroves/Documents/GitHub/VCell_Analysis/5_vcell_to_ch/output/01_16_2026/CPC_all_11_26_25_metacentric_relaxed_MCF10A_chr19_PMP1_100_/CPC_all_11_26_25_metacentric_relaxed_MCF10A_chr19_PMP1_100_144x144__8max_4.5minmovie.mp4
    output: /Users/smgroves/Documents/GitHub/VCell_Analysis/5_vcell_to_ch/int/CPC_all_11_26_25_metacentric_relaxed_MCF10A_chr19_PMP1_100_/CPC_all_11_26_25_metacentric_relaxed_MCF10A_chr19_PMP1_100_144x144__8max_4.5minradius_data.csv
    jobid: 69
    reason: Missing output files: /Users/smgroves/Documents/GitHub/VCell_Analysis/5_vcell_to_ch/int/CPC_all_11_26_25_metacentric_relaxed_MCF10A_chr19_PMP1_100_/CPC_all_11_26_25_metacentric_relaxed_MCF10A_chr19_PMP1_100_144x144__8max_4.5minradius_data.csv; Updated input files: /Users/smgroves/Documents/GitHub/VCell_Analysis/5_vcell_to_ch/output/01_16_2026/CPC_all_11_26_25_metacentric_relaxed_MCF10A_chr19_PMP1_100_/CPC_all_11_26_25_metacentric_relaxed_MCF10A_chr19_PMP1_100_144x144__8max_4.5minmovie.mp4, /Users/smgroves/Documents/GitHub/VCell_Analysis/5_vcell_to_ch/output/01_16_2026/CPC_all_11_26_25_metacentric_relaxed_MCF10A_chr19_PMP1_100_/CPC_all_11_26_25_metacentric_relaxed_MCF10A_chr19_PMP1_100_144x144__8max_4.5minphi.csv
    wildcards: simulation=CPC_all_11_26_25_metacentric_relaxed_MCF10A_chr19_PMP1_100_144x144__8max_4.5min
    resources: tmpdir=/var/folders/qg/8dr16mq572j_ksgn8_d2g59h0000gn/T
Select jobs to execute...
[Mon Jan 26 13:41:55 2026]
Finished jobid: 69 (Rule: matlab_level_set)
1 of 38 steps (3%) done
Execute 1 jobs...
[Mon Jan 26 13:41:55 2026]
localrule matlab_level_set:
    input: /Users/smgroves/Documents/GitHub/VCell_Analysis/5_vcell_to_ch/output/01_16_2026/CPC_all_11_26_25_metacentric_relaxed_MCF10A_chr19_PMP1_100_/CPC_all_11_26_25_metacentric_relaxed_MCF10A_chr19_PMP1_100_144x144__9max_4.5minphi.csv, /Users/smgroves/Documents/GitHub/VCell_Analysis/5_vcell_to_ch/output/01_16_2026/CPC_all_11_26_25_metacentric_relaxed_MCF10A_chr19_PMP1_100_/CPC_all_11_26_25_metacentric_relaxed_MCF10A_chr19_PMP1_100_144x144__9max_4.5minmovie.mp4
    output: /Users/smgroves/Documents/GitHub/VCell_Analysis/5_vcell_to_ch/int/CPC_all_11_26_25_metacentric_relaxed_MCF10A_chr19_PMP1_100_/CPC_all_11_26_25_metacentric_relaxed_MCF10A_chr19_PMP1_100_144x144__9max_4.5minradius_data.csv
    jobid: 21
    reason: Missing output files: /Users/smgroves/Documents/GitHub/VCell_Analysis/5_vcell_to_ch/int/CPC_all_11_26_25_metacentric_relaxed_MCF10A_chr19_PMP1_100_/CPC_all_11_26_25_metacentric_relaxed_MCF10A_chr19_PMP1_100_144x144__9max_4.5minradius_data.csv; Updated input files: /Users/smgroves/Documents/GitHub/VCell_Analysis/5_vcell_to_ch/output/01_16_2026/CPC_all_11_26_25_metacentric_relaxed_MCF10A_chr19_PMP1_100_/CPC_all_11_26_25_metacentric_relaxed_MCF10A_chr19_PMP1_100_144x144__9max_4.5minmovie.mp4, /Users/smgroves/Documents/GitHub/VCell_Analysis/5_vcell_to_ch/output/01_16_2026/CPC_all_11_26_25_metacentric_relaxed_MCF10A_chr19_PMP1_100_/CPC_all_11_26_25_metacentric_relaxed_MCF10A_chr19_PMP1_100_144x144__9max_4.5minphi.csv
    wildcards: simulation=CPC_all_11_26_25_metacentric_relaxed_MCF10A_chr19_PMP1_100_144x144__9max_4.5min
    resources: tmpdir=/var/folders/qg/8dr16mq572j_ksgn8_d2g59h0000gn/T
Select jobs to execute...
[Mon Jan 26 13:41:56 2026]
Finished jobid: 37 (Rule: matlab_level_set)
2 of 38 steps (5%) done
Execute 1 jobs...
[Mon Jan 26 13:41:56 2026]
localrule matlab_level_set:
    input: /Users/smgroves/Documents/GitHub/VCell_Analysis/5_vcell_to_ch/output/01_16_2026/CPC_all_11_26_25_metacentric_relaxed_MCF10A_chr19_PMP1_100_/CPC_all_11_26_25_metacentric_relaxed_MCF10A_chr19_PMP1_100_144x144__8max_4.25minphi.csv, /Users/smgroves/Documents/GitHub/VCell_Analysis/5_vcell_to_ch/output/01_16_2026/CPC_all_11_26_25_metacentric_relaxed_MCF10A_chr19_PMP1_100_/CPC_all_11_26_25_metacentric_relaxed_MCF10A_chr19_PMP1_100_144x144__8max_4.25minmovie.mp4
    output: /Users/smgroves/Documents/GitHub/VCell_Analysis/5_vcell_to_ch/int/CPC_all_11_26_25_metacentric_relaxed_MCF10A_chr19_PMP1_100_/CPC_all_11_26_25_metacentric_relaxed_MCF10A_chr19_PMP1_100_144x144__8max_4.25minradius_data.csv
    jobid: 79
    reason: Missing output files: /Users/smgroves/Documents/GitHub/VCell_Analysis/5_vcell_to_ch/int/CPC_all_11_26_25_metacentric_relaxed_MCF10A_chr19_PMP1_100_/CPC_all_11_26_25_metacentric_relaxed_MCF10A_chr19_PMP1_100_144x144__8max_4.25minradius_data.csv; Updated input files: /Users/smgroves/Documents/GitHub/VCell_Analysis/5_vcell_to_ch/output/01_16_2026/CPC_all_11_26_25_metacentric_relaxed_MCF10A_chr19_PMP1_100_/CPC_all_11_26_25_metacentric_relaxed_MCF10A_chr19_PMP1_100_144x144__8max_4.25minphi.csv, /Users/smgroves/Documents/GitHub/VCell_Analysis/5_vcell_to_ch/output/01_16_2026/CPC_all_11_26_25_metacentric_relaxed_MCF10A_chr19_PMP1_100_/CPC_all_11_26_25_metacentric_relaxed_MCF10A_chr19_PMP1_100_144x144__8max_4.25minmovie.mp4
    wildcards: simulation=CPC_all_11_26_25_metacentric_relaxed_MCF10A_chr19_PMP1_100_144x144__8max_4.25min
    resources: tmpdir=/var/folders/qg/8dr16mq572j_ksgn8_d2g59h0000gn/T
Select jobs to execute...
[Mon Jan 26 13:42:13 2026]
Finished jobid: 21 (Rule: matlab_level_set)
3 of 38 steps (8%) done
Execute 1 jobs...
[Mon Jan 26 13:42:13 2026]
localrule matlab_level_set:
    input: /Users/smgroves/Documents/GitHub/VCell_Analysis/5_vcell_to_ch/output/01_16_2026/CPC_all_11_26_25_metacentric_relaxed_MCF10A_chr19_PMP1_100_/CPC_all_11_26_25_metacentric_relaxed_MCF10A_chr19_PMP1_100_144x144__6max_4.5minphi.csv, /Users/smgroves/Documents/GitHub/VCell_Analysis/5_vcell_to_ch/output/01_16_2026/CPC_all_11_26_25_metacentric_relaxed_MCF10A_chr19_PMP1_100_/CPC_all_11_26_25_metacentric_relaxed_MCF10A_chr19_PMP1_100_144x144__6max_4.5minmovie.mp4
    output: /Users/smgroves/Documents/GitHub/VCell_Analysis/5_vcell_to_ch/int/CPC_all_11_26_25_metacentric_relaxed_MCF10A_chr19_PMP1_100_/CPC_all_11_26_25_metacentric_relaxed_MCF10A_chr19_PMP1_100_144x144__6max_4.5minradius_data.csv
    jobid: 71
    reason: Missing output files: /Users/smgroves/Documents/GitHub/VCell_Analysis/5_vcell_to_ch/int/CPC_all_11_26_25_metacentric_relaxed_MCF10A_chr19_PMP1_100_/CPC_all_11_26_25_metacentric_relaxed_MCF10A_chr19_PMP1_100_144x144__6max_4.5minradius_data.csv; Updated input files: /Users/smgroves/Documents/GitHub/VCell_Analysis/5_vcell_to_ch/output/01_16_2026/CPC_all_11_26_25_metacentric_relaxed_MCF10A_chr19_PMP1_100_/CPC_all_11_26_25_metacentric_relaxed_MCF10A_chr19_PMP1_100_144x144__6max_4.5minmovie.mp4, /Users/smgroves/Documents/GitHub/VCell_Analysis/5_vcell_to_ch/output/01_16_2026/CPC_all_11_26_25_metacentric_relaxed_MCF10A_chr19_PMP1_100_/CPC_all_11_26_25_metacentric_relaxed_MCF10A_chr19_PMP1_100_144x144__6max_4.5minphi.csv
    wildcards: simulation=CPC_all_11_26_25_metacentric_relaxed_MCF10A_chr19_PMP1_100_144x144__6max_4.5min
    resources: tmpdir=/var/folders/qg/8dr16mq572j_ksgn8_d2g59h0000gn/T
[Mon Jan 26 13:42:13 2026]
Finished jobid: 79 (Rule: matlab_level_set)
4 of 38 steps (11%) done
Select jobs to execute...
Execute 1 jobs...
[Mon Jan 26 13:42:13 2026]
localrule matlab_level_set:
    input: /Users/smgroves/Documents/GitHub/VCell_Analysis/5_vcell_to_ch/output/01_16_2026/CPC_all_11_26_25_metacentric_relaxed_MCF10A_chr19_PMP1_100_/CPC_all_11_26_25_metacentric_relaxed_MCF10A_chr19_PMP1_100_144x144__8max_4.2minphi.csv, /Users/smgroves/Documents/GitHub/VCell_Analysis/5_vcell_to_ch/output/01_16_2026/CPC_all_11_26_25_metacentric_relaxed_MCF10A_chr19_PMP1_100_/CPC_all_11_26_25_metacentric_relaxed_MCF10A_chr19_PMP1_100_144x144__8max_4.2minmovie.mp4
    output: /Users/smgroves/Documents/GitHub/VCell_Analysis/5_vcell_to_ch/int/CPC_all_11_26_25_metacentric_relaxed_MCF10A_chr19_PMP1_100_/CPC_all_11_26_25_metacentric_relaxed_MCF10A_chr19_PMP1_100_144x144__8max_4.2minradius_data.csv
    jobid: 17
    reason: Missing output files: /Users/smgroves/Documents/GitHub/VCell_Analysis/5_vcell_to_ch/int/CPC_all_11_26_25_metacentric_relaxed_MCF10A_chr19_PMP1_100_/CPC_all_11_26_25_metacentric_relaxed_MCF10A_chr19_PMP1_100_144x144__8max_4.2minradius_data.csv; Updated input files: /Users/smgroves/Documents/GitHub/VCell_Analysis/5_vcell_to_ch/output/01_16_2026/CPC_all_11_26_25_metacentric_relaxed_MCF10A_chr19_PMP1_100_/CPC_all_11_26_25_metacentric_relaxed_MCF10A_chr19_PMP1_100_144x144__8max_4.2minmovie.mp4, /Users/smgroves/Documents/GitHub/VCell_Analysis/5_vcell_to_ch/output/01_16_2026/CPC_all_11_26_25_metacentric_relaxed_MCF10A_chr19_PMP1_100_/CPC_all_11_26_25_metacentric_relaxed_MCF10A_chr19_PMP1_100_144x144__8max_4.2minphi.csv
    wildcards: simulation=CPC_all_11_26_25_metacentric_relaxed_MCF10A_chr19_PMP1_100_144x144__8max_4.2min
    resources: tmpdir=/var/folders/qg/8dr16mq572j_ksgn8_d2g59h0000gn/T
Select jobs to execute...
[Mon Jan 26 13:42:30 2026]
Finished jobid: 71 (Rule: matlab_level_set)
5 of 38 steps (13%) done
Execute 1 jobs...
[Mon Jan 26 13:42:30 2026]
localrule matlab_level_set:
    input: /Users/smgroves/Documents/GitHub/VCell_Analysis/5_vcell_to_ch/output/01_16_2026/CPC_all_11_26_25_metacentric_relaxed_MCF10A_chr19_PMP1_100_/CPC_all_11_26_25_metacentric_relaxed_MCF10A_chr19_PMP1_100_144x144__6max_4minphi.csv, /Users/smgroves/Documents/GitHub/VCell_Analysis/5_vcell_to_ch/output/01_16_2026/CPC_all_11_26_25_metacentric_relaxed_MCF10A_chr19_PMP1_100_/CPC_all_11_26_25_metacentric_relaxed_MCF10A_chr19_PMP1_100_144x144__6max_4minmovie.mp4
    output: /Users/smgroves/Documents/GitHub/VCell_Analysis/5_vcell_to_ch/int/CPC_all_11_26_25_metacentric_relaxed_MCF10A_chr19_PMP1_100_/CPC_all_11_26_25_metacentric_relaxed_MCF10A_chr19_PMP1_100_144x144__6max_4minradius_data.csv
    jobid: 53
    reason: Missing output files: /Users/smgroves/Documents/GitHub/VCell_Analysis/5_vcell_to_ch/int/CPC_all_11_26_25_metacentric_relaxed_MCF10A_chr19_PMP1_100_/CPC_all_11_26_25_metacentric_relaxed_MCF10A_chr19_PMP1_100_144x144__6max_4minradius_data.csv; Updated input files: /Users/smgroves/Documents/GitHub/VCell_Analysis/5_vcell_to_ch/output/01_16_2026/CPC_all_11_26_25_metacentric_relaxed_MCF10A_chr19_PMP1_100_/CPC_all_11_26_25_metacentric_relaxed_MCF10A_chr19_PMP1_100_144x144__6max_4minphi.csv, /Users/smgroves/Documents/GitHub/VCell_Analysis/5_vcell_to_ch/output/01_16_2026/CPC_all_11_26_25_metacentric_relaxed_MCF10A_chr19_PMP1_100_/CPC_all_11_26_25_metacentric_relaxed_MCF10A_chr19_PMP1_100_144x144__6max_4minmovie.mp4
    wildcards: simulation=CPC_all_11_26_25_metacentric_relaxed_MCF10A_chr19_PMP1_100_144x144__6max_4min
    resources: tmpdir=/var/folders/qg/8dr16mq572j_ksgn8_d2g59h0000gn/T
Select jobs to execute...
[Mon Jan 26 13:42:31 2026]
Finished jobid: 17 (Rule: matlab_level_set)
6 of 38 steps (16%) done
Execute 1 jobs...
[Mon Jan 26 13:42:31 2026]
localrule python_analysis:
    input: /Users/smgroves/Documents/GitHub/VCell_Analysis/5_vcell_to_ch/output/01_16_2026/CPC_all_11_26_25_metacentric_relaxed_MCF10A_chr19_PMP1_100_/CPC_all_11_26_25_metacentric_relaxed_MCF10A_chr19_PMP1_100_144x144__9max_4.5minfinal_phi.csv, /Users/smgroves/Documents/GitHub/VCell_Analysis/5_vcell_to_ch/output/01_16_2026/CPC_all_11_26_25_metacentric_relaxed_MCF10A_chr19_PMP1_100_/CPC_all_11_26_25_metacentric_relaxed_MCF10A_chr19_PMP1_100_144x144__9max_4.5minphi.csv, /Users/smgroves/Documents/GitHub/VCell_Analysis/5_vcell_to_ch/int/CPC_all_11_26_25_metacentric_relaxed_MCF10A_chr19_PMP1_100_/CPC_all_11_26_25_metacentric_relaxed_MCF10A_chr19_PMP1_100_144x144__9max_4.5minradius_data.csv, /Users/smgroves/Documents/GitHub/VCell_Analysis/5_vcell_to_ch/output/01_16_2026/CPC_all_11_26_25_metacentric_relaxed_MCF10A_chr19_PMP1_100_/CPC_all_11_26_25_metacentric_relaxed_MCF10A_chr19_PMP1_100_144x144__9max_4.5minmovie.mp4
    output: /Users/smgroves/Documents/GitHub/VCell_Analysis/5_vcell_to_ch/int/CPC_all_11_26_25_metacentric_relaxed_MCF10A_chr19_PMP1_100_/CPC_all_11_26_25_metacentric_relaxed_MCF10A_chr19_PMP1_100_144x144__9max_4.5minanalysis_plots.npz
    jobid: 20
    reason: Missing output files: /Users/smgroves/Documents/GitHub/VCell_Analysis/5_vcell_to_ch/int/CPC_all_11_26_25_metacentric_relaxed_MCF10A_chr19_PMP1_100_/CPC_all_11_26_25_metacentric_relaxed_MCF10A_chr19_PMP1_100_144x144__9max_4.5minanalysis_plots.npz; Input files updated by another job: /Users/smgroves/Documents/GitHub/VCell_Analysis/5_vcell_to_ch/int/CPC_all_11_26_25_metacentric_relaxed_MCF10A_chr19_PMP1_100_/CPC_all_11_26_25_metacentric_relaxed_MCF10A_chr19_PMP1_100_144x144__9max_4.5minradius_data.csv
    wildcards: simulation=CPC_all_11_26_25_metacentric_relaxed_MCF10A_chr19_PMP1_100_144x144__9max_4.5min
    resources: tmpdir=/var/folders/qg/8dr16mq572j_ksgn8_d2g59h0000gn/T
Select jobs to execute...
[Mon Jan 26 13:42:34 2026]
Finished jobid: 20 (Rule: python_analysis)
7 of 38 steps (18%) done
Execute 1 jobs...
[Mon Jan 26 13:42:34 2026]
localrule matlab_level_set:
    input: /Users/smgroves/Documents/GitHub/VCell_Analysis/5_vcell_to_ch/output/01_16_2026/CPC_all_11_26_25_metacentric_relaxed_MCF10A_chr19_PMP1_100_/CPC_all_11_26_25_metacentric_relaxed_MCF10A_chr19_PMP1_100_144x144__9max_4.2minphi.csv, /Users/smgroves/Documents/GitHub/VCell_Analysis/5_vcell_to_ch/output/01_16_2026/CPC_all_11_26_25_metacentric_relaxed_MCF10A_chr19_PMP1_100_/CPC_all_11_26_25_metacentric_relaxed_MCF10A_chr19_PMP1_100_144x144__9max_4.2minmovie.mp4
    output: /Users/smgroves/Documents/GitHub/VCell_Analysis/5_vcell_to_ch/int/CPC_all_11_26_25_metacentric_relaxed_MCF10A_chr19_PMP1_100_/CPC_all_11_26_25_metacentric_relaxed_MCF10A_chr19_PMP1_100_144x144__9max_4.2minradius_data.csv
    jobid: 57
    reason: Missing output files: /Users/smgroves/Documents/GitHub/VCell_Analysis/5_vcell_to_ch/int/CPC_all_11_26_25_metacentric_relaxed_MCF10A_chr19_PMP1_100_/CPC_all_11_26_25_metacentric_relaxed_MCF10A_chr19_PMP1_100_144x144__9max_4.2minradius_data.csv; Updated input files: /Users/smgroves/Documents/GitHub/VCell_Analysis/5_vcell_to_ch/output/01_16_2026/CPC_all_11_26_25_metacentric_relaxed_MCF10A_chr19_PMP1_100_/CPC_all_11_26_25_metacentric_relaxed_MCF10A_chr19_PMP1_100_144x144__9max_4.2minphi.csv, /Users/smgroves/Documents/GitHub/VCell_Analysis/5_vcell_to_ch/output/01_16_2026/CPC_all_11_26_25_metacentric_relaxed_MCF10A_chr19_PMP1_100_/CPC_all_11_26_25_metacentric_relaxed_MCF10A_chr19_PMP1_100_144x144__9max_4.2minmovie.mp4
    wildcards: simulation=CPC_all_11_26_25_metacentric_relaxed_MCF10A_chr19_PMP1_100_144x144__9max_4.2min
    resources: tmpdir=/var/folders/qg/8dr16mq572j_ksgn8_d2g59h0000gn/T
Select jobs to execute...
[Mon Jan 26 13:42:46 2026]
Finished jobid: 53 (Rule: matlab_level_set)
8 of 38 steps (21%) done
Execute 1 jobs...
[Mon Jan 26 13:42:46 2026]
localrule python_analysis:
    input: /Users/smgroves/Documents/GitHub/VCell_Analysis/5_vcell_to_ch/output/01_16_2026/CPC_all_11_26_25_metacentric_relaxed_MCF10A_chr19_PMP1_100_/CPC_all_11_26_25_metacentric_relaxed_MCF10A_chr19_PMP1_100_144x144__6max_4minfinal_phi.csv, /Users/smgroves/Documents/GitHub/VCell_Analysis/5_vcell_to_ch/output/01_16_2026/CPC_all_11_26_25_metacentric_relaxed_MCF10A_chr19_PMP1_100_/CPC_all_11_26_25_metacentric_relaxed_MCF10A_chr19_PMP1_100_144x144__6max_4minphi.csv, /Users/smgroves/Documents/GitHub/VCell_Analysis/5_vcell_to_ch/int/CPC_all_11_26_25_metacentric_relaxed_MCF10A_chr19_PMP1_100_/CPC_all_11_26_25_metacentric_relaxed_MCF10A_chr19_PMP1_100_144x144__6max_4minradius_data.csv, /Users/smgroves/Documents/GitHub/VCell_Analysis/5_vcell_to_ch/output/01_16_2026/CPC_all_11_26_25_metacentric_relaxed_MCF10A_chr19_PMP1_100_/CPC_all_11_26_25_metacentric_relaxed_MCF10A_chr19_PMP1_100_144x144__6max_4minmovie.mp4
    output: /Users/smgroves/Documents/GitHub/VCell_Analysis/5_vcell_to_ch/int/CPC_all_11_26_25_metacentric_relaxed_MCF10A_chr19_PMP1_100_/CPC_all_11_26_25_metacentric_relaxed_MCF10A_chr19_PMP1_100_144x144__6max_4minanalysis_plots.npz
    jobid: 52
    reason: Missing output files: /Users/smgroves/Documents/GitHub/VCell_Analysis/5_vcell_to_ch/int/CPC_all_11_26_25_metacentric_relaxed_MCF10A_chr19_PMP1_100_/CPC_all_11_26_25_metacentric_relaxed_MCF10A_chr19_PMP1_100_144x144__6max_4minanalysis_plots.npz; Input files updated by another job: /Users/smgroves/Documents/GitHub/VCell_Analysis/5_vcell_to_ch/int/CPC_all_11_26_25_metacentric_relaxed_MCF10A_chr19_PMP1_100_/CPC_all_11_26_25_metacentric_relaxed_MCF10A_chr19_PMP1_100_144x144__6max_4minradius_data.csv
    wildcards: simulation=CPC_all_11_26_25_metacentric_relaxed_MCF10A_chr19_PMP1_100_144x144__6max_4min
    resources: tmpdir=/var/folders/qg/8dr16mq572j_ksgn8_d2g59h0000gn/T
Select jobs to execute...
[Mon Jan 26 13:42:49 2026]
Finished jobid: 52 (Rule: python_analysis)
9 of 38 steps (24%) done
Execute 1 jobs...
[Mon Jan 26 13:42:49 2026]
localrule matlab_level_set:
    input: /Users/smgroves/Documents/GitHub/VCell_Analysis/5_vcell_to_ch/output/01_16_2026/CPC_all_11_26_25_metacentric_relaxed_MCF10A_chr19_PMP1_100_/CPC_all_11_26_25_metacentric_relaxed_MCF10A_chr19_PMP1_100_144x144__6max_4.2minphi.csv, /Users/smgroves/Documents/GitHub/VCell_Analysis/5_vcell_to_ch/output/01_16_2026/CPC_all_11_26_25_metacentric_relaxed_MCF10A_chr19_PMP1_100_/CPC_all_11_26_25_metacentric_relaxed_MCF10A_chr19_PMP1_100_144x144__6max_4.2minmovie.mp4
    output: /Users/smgroves/Documents/GitHub/VCell_Analysis/5_vcell_to_ch/int/CPC_all_11_26_25_metacentric_relaxed_MCF10A_chr19_PMP1_100_/CPC_all_11_26_25_metacentric_relaxed_MCF10A_chr19_PMP1_100_144x144__6max_4.2minradius_data.csv
    jobid: 7
    reason: Missing output files: /Users/smgroves/Documents/GitHub/VCell_Analysis/5_vcell_to_ch/int/CPC_all_11_26_25_metacentric_relaxed_MCF10A_chr19_PMP1_100_/CPC_all_11_26_25_metacentric_relaxed_MCF10A_chr19_PMP1_100_144x144__6max_4.2minradius_data.csv; Updated input files: /Users/smgroves/Documents/GitHub/VCell_Analysis/5_vcell_to_ch/output/01_16_2026/CPC_all_11_26_25_metacentric_relaxed_MCF10A_chr19_PMP1_100_/CPC_all_11_26_25_metacentric_relaxed_MCF10A_chr19_PMP1_100_144x144__6max_4.2minphi.csv, /Users/smgroves/Documents/GitHub/VCell_Analysis/5_vcell_to_ch/output/01_16_2026/CPC_all_11_26_25_metacentric_relaxed_MCF10A_chr19_PMP1_100_/CPC_all_11_26_25_metacentric_relaxed_MCF10A_chr19_PMP1_100_144x144__6max_4.2minmovie.mp4
    wildcards: simulation=CPC_all_11_26_25_metacentric_relaxed_MCF10A_chr19_PMP1_100_144x144__6max_4.2min
    resources: tmpdir=/var/folders/qg/8dr16mq572j_ksgn8_d2g59h0000gn/T
Select jobs to execute...
[Mon Jan 26 13:42:51 2026]
Finished jobid: 57 (Rule: matlab_level_set)
10 of 38 steps (26%) done
Execute 1 jobs...
[Mon Jan 26 13:42:51 2026]
localrule matlab_level_set:
    input: /Users/smgroves/Documents/GitHub/VCell_Analysis/5_vcell_to_ch/output/01_16_2026/CPC_all_11_26_25_metacentric_relaxed_MCF10A_chr19_PMP1_100_/CPC_all_11_26_25_metacentric_relaxed_MCF10A_chr19_PMP1_100_144x144__9max_4minphi.csv, /Users/smgroves/Documents/GitHub/VCell_Analysis/5_vcell_to_ch/output/01_16_2026/CPC_all_11_26_25_metacentric_relaxed_MCF10A_chr19_PMP1_100_/CPC_all_11_26_25_metacentric_relaxed_MCF10A_chr19_PMP1_100_144x144__9max_4minmovie.mp4
    output: /Users/smgroves/Documents/GitHub/VCell_Analysis/5_vcell_to_ch/int/CPC_all_11_26_25_metacentric_relaxed_MCF10A_chr19_PMP1_100_/CPC_all_11_26_25_metacentric_relaxed_MCF10A_chr19_PMP1_100_144x144__9max_4minradius_data.csv
    jobid: 43
    reason: Missing output files: /Users/smgroves/Documents/GitHub/VCell_Analysis/5_vcell_to_ch/int/CPC_all_11_26_25_metacentric_relaxed_MCF10A_chr19_PMP1_100_/CPC_all_11_26_25_metacentric_relaxed_MCF10A_chr19_PMP1_100_144x144__9max_4minradius_data.csv; Updated input files: /Users/smgroves/Documents/GitHub/VCell_Analysis/5_vcell_to_ch/output/01_16_2026/CPC_all_11_26_25_metacentric_relaxed_MCF10A_chr19_PMP1_100_/CPC_all_11_26_25_metacentric_relaxed_MCF10A_chr19_PMP1_100_144x144__9max_4minmovie.mp4, /Users/smgroves/Documents/GitHub/VCell_Analysis/5_vcell_to_ch/output/01_16_2026/CPC_all_11_26_25_metacentric_relaxed_MCF10A_chr19_PMP1_100_/CPC_all_11_26_25_metacentric_relaxed_MCF10A_chr19_PMP1_100_144x144__9max_4minphi.csv
    wildcards: simulation=CPC_all_11_26_25_metacentric_relaxed_MCF10A_chr19_PMP1_100_144x144__9max_4min
    resources: tmpdir=/var/folders/qg/8dr16mq572j_ksgn8_d2g59h0000gn/T
Select jobs to execute...
[Mon Jan 26 13:43:05 2026]
Finished jobid: 7 (Rule: matlab_level_set)
11 of 38 steps (29%) done
Execute 1 jobs...
[Mon Jan 26 13:43:05 2026]
localrule matlab_level_set:
    input: /Users/smgroves/Documents/GitHub/VCell_Analysis/5_vcell_to_ch/output/01_16_2026/CPC_all_11_26_25_metacentric_relaxed_MCF10A_chr19_PMP1_100_/CPC_all_11_26_25_metacentric_relaxed_MCF10A_chr19_PMP1_100_144x144__9max_4.25minphi.csv, /Users/smgroves/Documents/GitHub/VCell_Analysis/5_vcell_to_ch/output/01_16_2026/CPC_all_11_26_25_metacentric_relaxed_MCF10A_chr19_PMP1_100_/CPC_all_11_26_25_metacentric_relaxed_MCF10A_chr19_PMP1_100_144x144__9max_4.25minmovie.mp4
    output: /Users/smgroves/Documents/GitHub/VCell_Analysis/5_vcell_to_ch/int/CPC_all_11_26_25_metacentric_relaxed_MCF10A_chr19_PMP1_100_/CPC_all_11_26_25_metacentric_relaxed_MCF10A_chr19_PMP1_100_144x144__9max_4.25minradius_data.csv
    jobid: 83
    reason: Missing output files: /Users/smgroves/Documents/GitHub/VCell_Analysis/5_vcell_to_ch/int/CPC_all_11_26_25_metacentric_relaxed_MCF10A_chr19_PMP1_100_/CPC_all_11_26_25_metacentric_relaxed_MCF10A_chr19_PMP1_100_144x144__9max_4.25minradius_data.csv; Updated input files: /Users/smgroves/Documents/GitHub/VCell_Analysis/5_vcell_to_ch/output/01_16_2026/CPC_all_11_26_25_metacentric_relaxed_MCF10A_chr19_PMP1_100_/CPC_all_11_26_25_metacentric_relaxed_MCF10A_chr19_PMP1_100_144x144__9max_4.25minmovie.mp4, /Users/smgroves/Documents/GitHub/VCell_Analysis/5_vcell_to_ch/output/01_16_2026/CPC_all_11_26_25_metacentric_relaxed_MCF10A_chr19_PMP1_100_/CPC_all_11_26_25_metacentric_relaxed_MCF10A_chr19_PMP1_100_144x144__9max_4.25minphi.csv
    wildcards: simulation=CPC_all_11_26_25_metacentric_relaxed_MCF10A_chr19_PMP1_100_144x144__9max_4.25min
    resources: tmpdir=/var/folders/qg/8dr16mq572j_ksgn8_d2g59h0000gn/T
Select jobs to execute...
[Mon Jan 26 13:43:07 2026]
Finished jobid: 43 (Rule: matlab_level_set)
12 of 38 steps (32%) done
Execute 1 jobs...
[Mon Jan 26 13:43:07 2026]
localrule python_analysis:
    input: /Users/smgroves/Documents/GitHub/VCell_Analysis/5_vcell_to_ch/output/01_16_2026/CPC_all_11_26_25_metacentric_relaxed_MCF10A_chr19_PMP1_100_/CPC_all_11_26_25_metacentric_relaxed_MCF10A_chr19_PMP1_100_144x144__6max_4.1minfinal_phi.csv, /Users/smgroves/Documents/GitHub/VCell_Analysis/5_vcell_to_ch/output/01_16_2026/CPC_all_11_26_25_metacentric_relaxed_MCF10A_chr19_PMP1_100_/CPC_all_11_26_25_metacentric_relaxed_MCF10A_chr19_PMP1_100_144x144__6max_4.1minphi.csv, /Users/smgroves/Documents/GitHub/VCell_Analysis/5_vcell_to_ch/int/CPC_all_11_26_25_metacentric_relaxed_MCF10A_chr19_PMP1_100_/CPC_all_11_26_25_metacentric_relaxed_MCF10A_chr19_PMP1_100_144x144__6max_4.1minradius_data.csv, /Users/smgroves/Documents/GitHub/VCell_Analysis/5_vcell_to_ch/output/01_16_2026/CPC_all_11_26_25_metacentric_relaxed_MCF10A_chr19_PMP1_100_/CPC_all_11_26_25_metacentric_relaxed_MCF10A_chr19_PMP1_100_144x144__6max_4.1minmovie.mp4
    output: /Users/smgroves/Documents/GitHub/VCell_Analysis/5_vcell_to_ch/int/CPC_all_11_26_25_metacentric_relaxed_MCF10A_chr19_PMP1_100_/CPC_all_11_26_25_metacentric_relaxed_MCF10A_chr19_PMP1_100_144x144__6max_4.1minanalysis_plots.npz
    jobid: 36
    reason: Missing output files: /Users/smgroves/Documents/GitHub/VCell_Analysis/5_vcell_to_ch/int/CPC_all_11_26_25_metacentric_relaxed_MCF10A_chr19_PMP1_100_/CPC_all_11_26_25_metacentric_relaxed_MCF10A_chr19_PMP1_100_144x144__6max_4.1minanalysis_plots.npz; Input files updated by another job: /Users/smgroves/Documents/GitHub/VCell_Analysis/5_vcell_to_ch/int/CPC_all_11_26_25_metacentric_relaxed_MCF10A_chr19_PMP1_100_/CPC_all_11_26_25_metacentric_relaxed_MCF10A_chr19_PMP1_100_144x144__6max_4.1minradius_data.csv
    wildcards: simulation=CPC_all_11_26_25_metacentric_relaxed_MCF10A_chr19_PMP1_100_144x144__6max_4.1min
    resources: tmpdir=/var/folders/qg/8dr16mq572j_ksgn8_d2g59h0000gn/T
Select jobs to execute...
[Mon Jan 26 13:43:09 2026]
Finished jobid: 36 (Rule: python_analysis)
13 of 38 steps (34%) done
Execute 1 jobs...
[Mon Jan 26 13:43:09 2026]
localrule matlab_level_set:
    input: /Users/smgroves/Documents/GitHub/VCell_Analysis/5_vcell_to_ch/output/01_16_2026/CPC_all_11_26_25_metacentric_relaxed_MCF10A_chr19_PMP1_100_/CPC_all_11_26_25_metacentric_relaxed_MCF10A_chr19_PMP1_100_144x144__8max_4.1minphi.csv, /Users/smgroves/Documents/GitHub/VCell_Analysis/5_vcell_to_ch/output/01_16_2026/CPC_all_11_26_25_metacentric_relaxed_MCF10A_chr19_PMP1_100_/CPC_all_11_26_25_metacentric_relaxed_MCF10A_chr19_PMP1_100_144x144__8max_4.1minmovie.mp4
    output: /Users/smgroves/Documents/GitHub/VCell_Analysis/5_vcell_to_ch/int/CPC_all_11_26_25_metacentric_relaxed_MCF10A_chr19_PMP1_100_/CPC_all_11_26_25_metacentric_relaxed_MCF10A_chr19_PMP1_100_144x144__8max_4.1minradius_data.csv
    jobid: 33
    reason: Missing output files: /Users/smgroves/Documents/GitHub/VCell_Analysis/5_vcell_to_ch/int/CPC_all_11_26_25_metacentric_relaxed_MCF10A_chr19_PMP1_100_/CPC_all_11_26_25_metacentric_relaxed_MCF10A_chr19_PMP1_100_144x144__8max_4.1minradius_data.csv; Updated input files: /Users/smgroves/Documents/GitHub/VCell_Analysis/5_vcell_to_ch/output/01_16_2026/CPC_all_11_26_25_metacentric_relaxed_MCF10A_chr19_PMP1_100_/CPC_all_11_26_25_metacentric_relaxed_MCF10A_chr19_PMP1_100_144x144__8max_4.1minmovie.mp4, /Users/smgroves/Documents/GitHub/VCell_Analysis/5_vcell_to_ch/output/01_16_2026/CPC_all_11_26_25_metacentric_relaxed_MCF10A_chr19_PMP1_100_/CPC_all_11_26_25_metacentric_relaxed_MCF10A_chr19_PMP1_100_144x144__8max_4.1minphi.csv
    wildcards: simulation=CPC_all_11_26_25_metacentric_relaxed_MCF10A_chr19_PMP1_100_144x144__8max_4.1min
    resources: tmpdir=/var/folders/qg/8dr16mq572j_ksgn8_d2g59h0000gn/T
Select jobs to execute...
[Mon Jan 26 13:43:22 2026]
Finished jobid: 83 (Rule: matlab_level_set)
14 of 38 steps (37%) done
Execute 1 jobs...
[Mon Jan 26 13:43:22 2026]
localrule matlab_level_set:
    input: /Users/smgroves/Documents/GitHub/VCell_Analysis/5_vcell_to_ch/output/01_16_2026/CPC_all_11_26_25_metacentric_relaxed_MCF10A_chr19_PMP1_100_/CPC_all_11_26_25_metacentric_relaxed_MCF10A_chr19_PMP1_100_144x144__8max_4minphi.csv, /Users/smgroves/Documents/GitHub/VCell_Analysis/5_vcell_to_ch/output/01_16_2026/CPC_all_11_26_25_metacentric_relaxed_MCF10A_chr19_PMP1_100_/CPC_all_11_26_25_metacentric_relaxed_MCF10A_chr19_PMP1_100_144x144__8max_4minmovie.mp4
    output: /Users/smgroves/Documents/GitHub/VCell_Analysis/5_vcell_to_ch/int/CPC_all_11_26_25_metacentric_relaxed_MCF10A_chr19_PMP1_100_/CPC_all_11_26_25_metacentric_relaxed_MCF10A_chr19_PMP1_100_144x144__8max_4minradius_data.csv
    jobid: 63
    reason: Missing output files: /Users/smgroves/Documents/GitHub/VCell_Analysis/5_vcell_to_ch/int/CPC_all_11_26_25_metacentric_relaxed_MCF10A_chr19_PMP1_100_/CPC_all_11_26_25_metacentric_relaxed_MCF10A_chr19_PMP1_100_144x144__8max_4minradius_data.csv; Updated input files: /Users/smgroves/Documents/GitHub/VCell_Analysis/5_vcell_to_ch/output/01_16_2026/CPC_all_11_26_25_metacentric_relaxed_MCF10A_chr19_PMP1_100_/CPC_all_11_26_25_metacentric_relaxed_MCF10A_chr19_PMP1_100_144x144__8max_4minmovie.mp4, /Users/smgroves/Documents/GitHub/VCell_Analysis/5_vcell_to_ch/output/01_16_2026/CPC_all_11_26_25_metacentric_relaxed_MCF10A_chr19_PMP1_100_/CPC_all_11_26_25_metacentric_relaxed_MCF10A_chr19_PMP1_100_144x144__8max_4minphi.csv
    wildcards: simulation=CPC_all_11_26_25_metacentric_relaxed_MCF10A_chr19_PMP1_100_144x144__8max_4min
    resources: tmpdir=/var/folders/qg/8dr16mq572j_ksgn8_d2g59h0000gn/T
Select jobs to execute...
[Mon Jan 26 13:43:25 2026]
Finished jobid: 33 (Rule: matlab_level_set)
15 of 38 steps (39%) done
Execute 1 jobs...
[Mon Jan 26 13:43:25 2026]
localrule python_analysis:
    input: /Users/smgroves/Documents/GitHub/VCell_Analysis/5_vcell_to_ch/output/01_16_2026/CPC_all_11_26_25_metacentric_relaxed_MCF10A_chr19_PMP1_100_/CPC_all_11_26_25_metacentric_relaxed_MCF10A_chr19_PMP1_100_144x144__6max_4.2minfinal_phi.csv, /Users/smgroves/Documents/GitHub/VCell_Analysis/5_vcell_to_ch/output/01_16_2026/CPC_all_11_26_25_metacentric_relaxed_MCF10A_chr19_PMP1_100_/CPC_all_11_26_25_metacentric_relaxed_MCF10A_chr19_PMP1_100_144x144__6max_4.2minphi.csv, /Users/smgroves/Documents/GitHub/VCell_Analysis/5_vcell_to_ch/int/CPC_all_11_26_25_metacentric_relaxed_MCF10A_chr19_PMP1_100_/CPC_all_11_26_25_metacentric_relaxed_MCF10A_chr19_PMP1_100_144x144__6max_4.2minradius_data.csv, /Users/smgroves/Documents/GitHub/VCell_Analysis/5_vcell_to_ch/output/01_16_2026/CPC_all_11_26_25_metacentric_relaxed_MCF10A_chr19_PMP1_100_/CPC_all_11_26_25_metacentric_relaxed_MCF10A_chr19_PMP1_100_144x144__6max_4.2minmovie.mp4
    output: /Users/smgroves/Documents/GitHub/VCell_Analysis/5_vcell_to_ch/int/CPC_all_11_26_25_metacentric_relaxed_MCF10A_chr19_PMP1_100_/CPC_all_11_26_25_metacentric_relaxed_MCF10A_chr19_PMP1_100_144x144__6max_4.2minanalysis_plots.npz
    jobid: 6
    reason: Missing output files: /Users/smgroves/Documents/GitHub/VCell_Analysis/5_vcell_to_ch/int/CPC_all_11_26_25_metacentric_relaxed_MCF10A_chr19_PMP1_100_/CPC_all_11_26_25_metacentric_relaxed_MCF10A_chr19_PMP1_100_144x144__6max_4.2minanalysis_plots.npz; Input files updated by another job: /Users/smgroves/Documents/GitHub/VCell_Analysis/5_vcell_to_ch/int/CPC_all_11_26_25_metacentric_relaxed_MCF10A_chr19_PMP1_100_/CPC_all_11_26_25_metacentric_relaxed_MCF10A_chr19_PMP1_100_144x144__6max_4.2minradius_data.csv
    wildcards: simulation=CPC_all_11_26_25_metacentric_relaxed_MCF10A_chr19_PMP1_100_144x144__6max_4.2min
    resources: tmpdir=/var/folders/qg/8dr16mq572j_ksgn8_d2g59h0000gn/T
Select jobs to execute...
[Mon Jan 26 13:43:28 2026]
Finished jobid: 6 (Rule: python_analysis)
16 of 38 steps (42%) done
Execute 1 jobs...
[Mon Jan 26 13:43:28 2026]
localrule matlab_level_set:
    input: /Users/smgroves/Documents/GitHub/VCell_Analysis/5_vcell_to_ch/output/01_16_2026/CPC_all_11_26_25_metacentric_relaxed_MCF10A_chr19_PMP1_100_/CPC_all_11_26_25_metacentric_relaxed_MCF10A_chr19_PMP1_100_144x144__8max_3.9minphi.csv, /Users/smgroves/Documents/GitHub/VCell_Analysis/5_vcell_to_ch/output/01_16_2026/CPC_all_11_26_25_metacentric_relaxed_MCF10A_chr19_PMP1_100_/CPC_all_11_26_25_metacentric_relaxed_MCF10A_chr19_PMP1_100_144x144__8max_3.9minmovie.mp4
    output: /Users/smgroves/Documents/GitHub/VCell_Analysis/5_vcell_to_ch/int/CPC_all_11_26_25_metacentric_relaxed_MCF10A_chr19_PMP1_100_/CPC_all_11_26_25_metacentric_relaxed_MCF10A_chr19_PMP1_100_144x144__8max_3.9minradius_data.csv
    jobid: 61
    reason: Missing output files: /Users/smgroves/Documents/GitHub/VCell_Analysis/5_vcell_to_ch/int/CPC_all_11_26_25_metacentric_relaxed_MCF10A_chr19_PMP1_100_/CPC_all_11_26_25_metacentric_relaxed_MCF10A_chr19_PMP1_100_144x144__8max_3.9minradius_data.csv; Updated input files: /Users/smgroves/Documents/GitHub/VCell_Analysis/5_vcell_to_ch/output/01_16_2026/CPC_all_11_26_25_metacentric_relaxed_MCF10A_chr19_PMP1_100_/CPC_all_11_26_25_metacentric_relaxed_MCF10A_chr19_PMP1_100_144x144__8max_3.9minphi.csv, /Users/smgroves/Documents/GitHub/VCell_Analysis/5_vcell_to_ch/output/01_16_2026/CPC_all_11_26_25_metacentric_relaxed_MCF10A_chr19_PMP1_100_/CPC_all_11_26_25_metacentric_relaxed_MCF10A_chr19_PMP1_100_144x144__8max_3.9minmovie.mp4
    wildcards: simulation=CPC_all_11_26_25_metacentric_relaxed_MCF10A_chr19_PMP1_100_144x144__8max_3.9min
    resources: tmpdir=/var/folders/qg/8dr16mq572j_ksgn8_d2g59h0000gn/T
Select jobs to execute...
[Mon Jan 26 13:43:38 2026]
Finished jobid: 63 (Rule: matlab_level_set)
17 of 38 steps (45%) done
Execute 1 jobs...
[Mon Jan 26 13:43:38 2026]
localrule python_analysis:
    input: /Users/smgroves/Documents/GitHub/VCell_Analysis/5_vcell_to_ch/output/01_16_2026/CPC_all_11_26_25_metacentric_relaxed_MCF10A_chr19_PMP1_100_/CPC_all_11_26_25_metacentric_relaxed_MCF10A_chr19_PMP1_100_144x144__8max_4minfinal_phi.csv, /Users/smgroves/Documents/GitHub/VCell_Analysis/5_vcell_to_ch/output/01_16_2026/CPC_all_11_26_25_metacentric_relaxed_MCF10A_chr19_PMP1_100_/CPC_all_11_26_25_metacentric_relaxed_MCF10A_chr19_PMP1_100_144x144__8max_4minphi.csv, /Users/smgroves/Documents/GitHub/VCell_Analysis/5_vcell_to_ch/int/CPC_all_11_26_25_metacentric_relaxed_MCF10A_chr19_PMP1_100_/CPC_all_11_26_25_metacentric_relaxed_MCF10A_chr19_PMP1_100_144x144__8max_4minradius_data.csv, /Users/smgroves/Documents/GitHub/VCell_Analysis/5_vcell_to_ch/output/01_16_2026/CPC_all_11_26_25_metacentric_relaxed_MCF10A_chr19_PMP1_100_/CPC_all_11_26_25_metacentric_relaxed_MCF10A_chr19_PMP1_100_144x144__8max_4minmovie.mp4
    output: /Users/smgroves/Documents/GitHub/VCell_Analysis/5_vcell_to_ch/int/CPC_all_11_26_25_metacentric_relaxed_MCF10A_chr19_PMP1_100_/CPC_all_11_26_25_metacentric_relaxed_MCF10A_chr19_PMP1_100_144x144__8max_4minanalysis_plots.npz
    jobid: 62
    reason: Missing output files: /Users/smgroves/Documents/GitHub/VCell_Analysis/5_vcell_to_ch/int/CPC_all_11_26_25_metacentric_relaxed_MCF10A_chr19_PMP1_100_/CPC_all_11_26_25_metacentric_relaxed_MCF10A_chr19_PMP1_100_144x144__8max_4minanalysis_plots.npz; Input files updated by another job: /Users/smgroves/Documents/GitHub/VCell_Analysis/5_vcell_to_ch/int/CPC_all_11_26_25_metacentric_relaxed_MCF10A_chr19_PMP1_100_/CPC_all_11_26_25_metacentric_relaxed_MCF10A_chr19_PMP1_100_144x144__8max_4minradius_data.csv
    wildcards: simulation=CPC_all_11_26_25_metacentric_relaxed_MCF10A_chr19_PMP1_100_144x144__8max_4min
    resources: tmpdir=/var/folders/qg/8dr16mq572j_ksgn8_d2g59h0000gn/T
Select jobs to execute...
[Mon Jan 26 13:43:40 2026]
Finished jobid: 62 (Rule: python_analysis)
18 of 38 steps (47%) done
Execute 1 jobs...
[Mon Jan 26 13:43:40 2026]
localrule matlab_level_set:
    input: /Users/smgroves/Documents/GitHub/VCell_Analysis/5_vcell_to_ch/output/01_16_2026/CPC_all_11_26_25_metacentric_relaxed_MCF10A_chr19_PMP1_100_/CPC_all_11_26_25_metacentric_relaxed_MCF10A_chr19_PMP1_100_144x144__6max_4.25minphi.csv, /Users/smgroves/Documents/GitHub/VCell_Analysis/5_vcell_to_ch/output/01_16_2026/CPC_all_11_26_25_metacentric_relaxed_MCF10A_chr19_PMP1_100_/CPC_all_11_26_25_metacentric_relaxed_MCF10A_chr19_PMP1_100_144x144__6max_4.25minmovie.mp4
    output: /Users/smgroves/Documents/GitHub/VCell_Analysis/5_vcell_to_ch/int/CPC_all_11_26_25_metacentric_relaxed_MCF10A_chr19_PMP1_100_/CPC_all_11_26_25_metacentric_relaxed_MCF10A_chr19_PMP1_100_144x144__6max_4.25minradius_data.csv
    jobid: 47
    reason: Missing output files: /Users/smgroves/Documents/GitHub/VCell_Analysis/5_vcell_to_ch/int/CPC_all_11_26_25_metacentric_relaxed_MCF10A_chr19_PMP1_100_/CPC_all_11_26_25_metacentric_relaxed_MCF10A_chr19_PMP1_100_144x144__6max_4.25minradius_data.csv; Updated input files: /Users/smgroves/Documents/GitHub/VCell_Analysis/5_vcell_to_ch/output/01_16_2026/CPC_all_11_26_25_metacentric_relaxed_MCF10A_chr19_PMP1_100_/CPC_all_11_26_25_metacentric_relaxed_MCF10A_chr19_PMP1_100_144x144__6max_4.25minmovie.mp4, /Users/smgroves/Documents/GitHub/VCell_Analysis/5_vcell_to_ch/output/01_16_2026/CPC_all_11_26_25_metacentric_relaxed_MCF10A_chr19_PMP1_100_/CPC_all_11_26_25_metacentric_relaxed_MCF10A_chr19_PMP1_100_144x144__6max_4.25minphi.csv
    wildcards: simulation=CPC_all_11_26_25_metacentric_relaxed_MCF10A_chr19_PMP1_100_144x144__6max_4.25min
    resources: tmpdir=/var/folders/qg/8dr16mq572j_ksgn8_d2g59h0000gn/T
Select jobs to execute...
[Mon Jan 26 13:43:43 2026]
Finished jobid: 61 (Rule: matlab_level_set)
19 of 38 steps (50%) done
Execute 1 jobs...
[Mon Jan 26 13:43:43 2026]
localrule python_analysis:
    input: /Users/smgroves/Documents/GitHub/VCell_Analysis/5_vcell_to_ch/output/01_16_2026/CPC_all_11_26_25_metacentric_relaxed_MCF10A_chr19_PMP1_100_/CPC_all_11_26_25_metacentric_relaxed_MCF10A_chr19_PMP1_100_144x144__8max_4.5minfinal_phi.csv, /Users/smgroves/Documents/GitHub/VCell_Analysis/5_vcell_to_ch/output/01_16_2026/CPC_all_11_26_25_metacentric_relaxed_MCF10A_chr19_PMP1_100_/CPC_all_11_26_25_metacentric_relaxed_MCF10A_chr19_PMP1_100_144x144__8max_4.5minphi.csv, /Users/smgroves/Documents/GitHub/VCell_Analysis/5_vcell_to_ch/int/CPC_all_11_26_25_metacentric_relaxed_MCF10A_chr19_PMP1_100_/CPC_all_11_26_25_metacentric_relaxed_MCF10A_chr19_PMP1_100_144x144__8max_4.5minradius_data.csv, /Users/smgroves/Documents/GitHub/VCell_Analysis/5_vcell_to_ch/output/01_16_2026/CPC_all_11_26_25_metacentric_relaxed_MCF10A_chr19_PMP1_100_/CPC_all_11_26_25_metacentric_relaxed_MCF10A_chr19_PMP1_100_144x144__8max_4.5minmovie.mp4
    output: /Users/smgroves/Documents/GitHub/VCell_Analysis/5_vcell_to_ch/int/CPC_all_11_26_25_metacentric_relaxed_MCF10A_chr19_PMP1_100_/CPC_all_11_26_25_metacentric_relaxed_MCF10A_chr19_PMP1_100_144x144__8max_4.5minanalysis_plots.npz
    jobid: 68
    reason: Missing output files: /Users/smgroves/Documents/GitHub/VCell_Analysis/5_vcell_to_ch/int/CPC_all_11_26_25_metacentric_relaxed_MCF10A_chr19_PMP1_100_/CPC_all_11_26_25_metacentric_relaxed_MCF10A_chr19_PMP1_100_144x144__8max_4.5minanalysis_plots.npz; Input files updated by another job: /Users/smgroves/Documents/GitHub/VCell_Analysis/5_vcell_to_ch/int/CPC_all_11_26_25_metacentric_relaxed_MCF10A_chr19_PMP1_100_/CPC_all_11_26_25_metacentric_relaxed_MCF10A_chr19_PMP1_100_144x144__8max_4.5minradius_data.csv
    wildcards: simulation=CPC_all_11_26_25_metacentric_relaxed_MCF10A_chr19_PMP1_100_144x144__8max_4.5min
    resources: tmpdir=/var/folders/qg/8dr16mq572j_ksgn8_d2g59h0000gn/T
Select jobs to execute...
[Mon Jan 26 13:43:45 2026]
Finished jobid: 68 (Rule: python_analysis)
20 of 38 steps (53%) done
Execute 1 jobs...
[Mon Jan 26 13:43:45 2026]
localrule python_analysis:
    input: /Users/smgroves/Documents/GitHub/VCell_Analysis/5_vcell_to_ch/output/01_16_2026/CPC_all_11_26_25_metacentric_relaxed_MCF10A_chr19_PMP1_100_/CPC_all_11_26_25_metacentric_relaxed_MCF10A_chr19_PMP1_100_144x144__6max_4.5minfinal_phi.csv, /Users/smgroves/Documents/GitHub/VCell_Analysis/5_vcell_to_ch/output/01_16_2026/CPC_all_11_26_25_metacentric_relaxed_MCF10A_chr19_PMP1_100_/CPC_all_11_26_25_metacentric_relaxed_MCF10A_chr19_PMP1_100_144x144__6max_4.5minphi.csv, /Users/smgroves/Documents/GitHub/VCell_Analysis/5_vcell_to_ch/int/CPC_all_11_26_25_metacentric_relaxed_MCF10A_chr19_PMP1_100_/CPC_all_11_26_25_metacentric_relaxed_MCF10A_chr19_PMP1_100_144x144__6max_4.5minradius_data.csv, /Users/smgroves/Documents/GitHub/VCell_Analysis/5_vcell_to_ch/output/01_16_2026/CPC_all_11_26_25_metacentric_relaxed_MCF10A_chr19_PMP1_100_/CPC_all_11_26_25_metacentric_relaxed_MCF10A_chr19_PMP1_100_144x144__6max_4.5minmovie.mp4
    output: /Users/smgroves/Documents/GitHub/VCell_Analysis/5_vcell_to_ch/int/CPC_all_11_26_25_metacentric_relaxed_MCF10A_chr19_PMP1_100_/CPC_all_11_26_25_metacentric_relaxed_MCF10A_chr19_PMP1_100_144x144__6max_4.5minanalysis_plots.npz
    jobid: 70
    reason: Missing output files: /Users/smgroves/Documents/GitHub/VCell_Analysis/5_vcell_to_ch/int/CPC_all_11_26_25_metacentric_relaxed_MCF10A_chr19_PMP1_100_/CPC_all_11_26_25_metacentric_relaxed_MCF10A_chr19_PMP1_100_144x144__6max_4.5minanalysis_plots.npz; Input files updated by another job: /Users/smgroves/Documents/GitHub/VCell_Analysis/5_vcell_to_ch/int/CPC_all_11_26_25_metacentric_relaxed_MCF10A_chr19_PMP1_100_/CPC_all_11_26_25_metacentric_relaxed_MCF10A_chr19_PMP1_100_144x144__6max_4.5minradius_data.csv
    wildcards: simulation=CPC_all_11_26_25_metacentric_relaxed_MCF10A_chr19_PMP1_100_144x144__6max_4.5min
    resources: tmpdir=/var/folders/qg/8dr16mq572j_ksgn8_d2g59h0000gn/T
Select jobs to execute...
[Mon Jan 26 13:43:47 2026]
Finished jobid: 70 (Rule: python_analysis)
21 of 38 steps (55%) done
Execute 1 jobs...
[Mon Jan 26 13:43:47 2026]
localrule python_analysis:
    input: /Users/smgroves/Documents/GitHub/VCell_Analysis/5_vcell_to_ch/output/01_16_2026/CPC_all_11_26_25_metacentric_relaxed_MCF10A_chr19_PMP1_100_/CPC_all_11_26_25_metacentric_relaxed_MCF10A_chr19_PMP1_100_144x144__9max_4.2minfinal_phi.csv, /Users/smgroves/Documents/GitHub/VCell_Analysis/5_vcell_to_ch/output/01_16_2026/CPC_all_11_26_25_metacentric_relaxed_MCF10A_chr19_PMP1_100_/CPC_all_11_26_25_metacentric_relaxed_MCF10A_chr19_PMP1_100_144x144__9max_4.2minphi.csv, /Users/smgroves/Documents/GitHub/VCell_Analysis/5_vcell_to_ch/int/CPC_all_11_26_25_metacentric_relaxed_MCF10A_chr19_PMP1_100_/CPC_all_11_26_25_metacentric_relaxed_MCF10A_chr19_PMP1_100_144x144__9max_4.2minradius_data.csv, /Users/smgroves/Documents/GitHub/VCell_Analysis/5_vcell_to_ch/output/01_16_2026/CPC_all_11_26_25_metacentric_relaxed_MCF10A_chr19_PMP1_100_/CPC_all_11_26_25_metacentric_relaxed_MCF10A_chr19_PMP1_100_144x144__9max_4.2minmovie.mp4
    output: /Users/smgroves/Documents/GitHub/VCell_Analysis/5_vcell_to_ch/int/CPC_all_11_26_25_metacentric_relaxed_MCF10A_chr19_PMP1_100_/CPC_all_11_26_25_metacentric_relaxed_MCF10A_chr19_PMP1_100_144x144__9max_4.2minanalysis_plots.npz
    jobid: 56
    reason: Missing output files: /Users/smgroves/Documents/GitHub/VCell_Analysis/5_vcell_to_ch/int/CPC_all_11_26_25_metacentric_relaxed_MCF10A_chr19_PMP1_100_/CPC_all_11_26_25_metacentric_relaxed_MCF10A_chr19_PMP1_100_144x144__9max_4.2minanalysis_plots.npz; Input files updated by another job: /Users/smgroves/Documents/GitHub/VCell_Analysis/5_vcell_to_ch/int/CPC_all_11_26_25_metacentric_relaxed_MCF10A_chr19_PMP1_100_/CPC_all_11_26_25_metacentric_relaxed_MCF10A_chr19_PMP1_100_144x144__9max_4.2minradius_data.csv
    wildcards: simulation=CPC_all_11_26_25_metacentric_relaxed_MCF10A_chr19_PMP1_100_144x144__9max_4.2min
    resources: tmpdir=/var/folders/qg/8dr16mq572j_ksgn8_d2g59h0000gn/T
Select jobs to execute...
[Mon Jan 26 13:43:49 2026]
Finished jobid: 56 (Rule: python_analysis)
22 of 38 steps (58%) done
Execute 1 jobs...
[Mon Jan 26 13:43:49 2026]
localrule python_analysis:
    input: /Users/smgroves/Documents/GitHub/VCell_Analysis/5_vcell_to_ch/output/01_16_2026/CPC_all_11_26_25_metacentric_relaxed_MCF10A_chr19_PMP1_100_/CPC_all_11_26_25_metacentric_relaxed_MCF10A_chr19_PMP1_100_144x144__8max_4.2minfinal_phi.csv, /Users/smgroves/Documents/GitHub/VCell_Analysis/5_vcell_to_ch/output/01_16_2026/CPC_all_11_26_25_metacentric_relaxed_MCF10A_chr19_PMP1_100_/CPC_all_11_26_25_metacentric_relaxed_MCF10A_chr19_PMP1_100_144x144__8max_4.2minphi.csv, /Users/smgroves/Documents/GitHub/VCell_Analysis/5_vcell_to_ch/int/CPC_all_11_26_25_metacentric_relaxed_MCF10A_chr19_PMP1_100_/CPC_all_11_26_25_metacentric_relaxed_MCF10A_chr19_PMP1_100_144x144__8max_4.2minradius_data.csv, /Users/smgroves/Documents/GitHub/VCell_Analysis/5_vcell_to_ch/output/01_16_2026/CPC_all_11_26_25_metacentric_relaxed_MCF10A_chr19_PMP1_100_/CPC_all_11_26_25_metacentric_relaxed_MCF10A_chr19_PMP1_100_144x144__8max_4.2minmovie.mp4
    output: /Users/smgroves/Documents/GitHub/VCell_Analysis/5_vcell_to_ch/int/CPC_all_11_26_25_metacentric_relaxed_MCF10A_chr19_PMP1_100_/CPC_all_11_26_25_metacentric_relaxed_MCF10A_chr19_PMP1_100_144x144__8max_4.2minanalysis_plots.npz
    jobid: 16
    reason: Missing output files: /Users/smgroves/Documents/GitHub/VCell_Analysis/5_vcell_to_ch/int/CPC_all_11_26_25_metacentric_relaxed_MCF10A_chr19_PMP1_100_/CPC_all_11_26_25_metacentric_relaxed_MCF10A_chr19_PMP1_100_144x144__8max_4.2minanalysis_plots.npz; Input files updated by another job: /Users/smgroves/Documents/GitHub/VCell_Analysis/5_vcell_to_ch/int/CPC_all_11_26_25_metacentric_relaxed_MCF10A_chr19_PMP1_100_/CPC_all_11_26_25_metacentric_relaxed_MCF10A_chr19_PMP1_100_144x144__8max_4.2minradius_data.csv
    wildcards: simulation=CPC_all_11_26_25_metacentric_relaxed_MCF10A_chr19_PMP1_100_144x144__8max_4.2min
    resources: tmpdir=/var/folders/qg/8dr16mq572j_ksgn8_d2g59h0000gn/T
Select jobs to execute...
[Mon Jan 26 13:43:52 2026]
Finished jobid: 16 (Rule: python_analysis)
23 of 38 steps (61%) done
Execute 1 jobs...
[Mon Jan 26 13:43:52 2026]
localrule python_analysis:
    input: /Users/smgroves/Documents/GitHub/VCell_Analysis/5_vcell_to_ch/output/01_16_2026/CPC_all_11_26_25_metacentric_relaxed_MCF10A_chr19_PMP1_100_/CPC_all_11_26_25_metacentric_relaxed_MCF10A_chr19_PMP1_100_144x144__9max_4.25minfinal_phi.csv, /Users/smgroves/Documents/GitHub/VCell_Analysis/5_vcell_to_ch/output/01_16_2026/CPC_all_11_26_25_metacentric_relaxed_MCF10A_chr19_PMP1_100_/CPC_all_11_26_25_metacentric_relaxed_MCF10A_chr19_PMP1_100_144x144__9max_4.25minphi.csv, /Users/smgroves/Documents/GitHub/VCell_Analysis/5_vcell_to_ch/int/CPC_all_11_26_25_metacentric_relaxed_MCF10A_chr19_PMP1_100_/CPC_all_11_26_25_metacentric_relaxed_MCF10A_chr19_PMP1_100_144x144__9max_4.25minradius_data.csv, /Users/smgroves/Documents/GitHub/VCell_Analysis/5_vcell_to_ch/output/01_16_2026/CPC_all_11_26_25_metacentric_relaxed_MCF10A_chr19_PMP1_100_/CPC_all_11_26_25_metacentric_relaxed_MCF10A_chr19_PMP1_100_144x144__9max_4.25minmovie.mp4
    output: /Users/smgroves/Documents/GitHub/VCell_Analysis/5_vcell_to_ch/int/CPC_all_11_26_25_metacentric_relaxed_MCF10A_chr19_PMP1_100_/CPC_all_11_26_25_metacentric_relaxed_MCF10A_chr19_PMP1_100_144x144__9max_4.25minanalysis_plots.npz
    jobid: 82
    reason: Missing output files: /Users/smgroves/Documents/GitHub/VCell_Analysis/5_vcell_to_ch/int/CPC_all_11_26_25_metacentric_relaxed_MCF10A_chr19_PMP1_100_/CPC_all_11_26_25_metacentric_relaxed_MCF10A_chr19_PMP1_100_144x144__9max_4.25minanalysis_plots.npz; Input files updated by another job: /Users/smgroves/Documents/GitHub/VCell_Analysis/5_vcell_to_ch/int/CPC_all_11_26_25_metacentric_relaxed_MCF10A_chr19_PMP1_100_/CPC_all_11_26_25_metacentric_relaxed_MCF10A_chr19_PMP1_100_144x144__9max_4.25minradius_data.csv
    wildcards: simulation=CPC_all_11_26_25_metacentric_relaxed_MCF10A_chr19_PMP1_100_144x144__9max_4.25min
    resources: tmpdir=/var/folders/qg/8dr16mq572j_ksgn8_d2g59h0000gn/T
Select jobs to execute...
[Mon Jan 26 13:43:54 2026]
Finished jobid: 82 (Rule: python_analysis)
24 of 38 steps (63%) done
Execute 1 jobs...
[Mon Jan 26 13:43:54 2026]
localrule python_analysis:
    input: /Users/smgroves/Documents/GitHub/VCell_Analysis/5_vcell_to_ch/output/01_16_2026/CPC_all_11_26_25_metacentric_relaxed_MCF10A_chr19_PMP1_100_/CPC_all_11_26_25_metacentric_relaxed_MCF10A_chr19_PMP1_100_144x144__8max_4.25minfinal_phi.csv, /Users/smgroves/Documents/GitHub/VCell_Analysis/5_vcell_to_ch/output/01_16_2026/CPC_all_11_26_25_metacentric_relaxed_MCF10A_chr19_PMP1_100_/CPC_all_11_26_25_metacentric_relaxed_MCF10A_chr19_PMP1_100_144x144__8max_4.25minphi.csv, /Users/smgroves/Documents/GitHub/VCell_Analysis/5_vcell_to_ch/int/CPC_all_11_26_25_metacentric_relaxed_MCF10A_chr19_PMP1_100_/CPC_all_11_26_25_metacentric_relaxed_MCF10A_chr19_PMP1_100_144x144__8max_4.25minradius_data.csv, /Users/smgroves/Documents/GitHub/VCell_Analysis/5_vcell_to_ch/output/01_16_2026/CPC_all_11_26_25_metacentric_relaxed_MCF10A_chr19_PMP1_100_/CPC_all_11_26_25_metacentric_relaxed_MCF10A_chr19_PMP1_100_144x144__8max_4.25minmovie.mp4
    output: /Users/smgroves/Documents/GitHub/VCell_Analysis/5_vcell_to_ch/int/CPC_all_11_26_25_metacentric_relaxed_MCF10A_chr19_PMP1_100_/CPC_all_11_26_25_metacentric_relaxed_MCF10A_chr19_PMP1_100_144x144__8max_4.25minanalysis_plots.npz
    jobid: 78
    reason: Missing output files: /Users/smgroves/Documents/GitHub/VCell_Analysis/5_vcell_to_ch/int/CPC_all_11_26_25_metacentric_relaxed_MCF10A_chr19_PMP1_100_/CPC_all_11_26_25_metacentric_relaxed_MCF10A_chr19_PMP1_100_144x144__8max_4.25minanalysis_plots.npz; Input files updated by another job: /Users/smgroves/Documents/GitHub/VCell_Analysis/5_vcell_to_ch/int/CPC_all_11_26_25_metacentric_relaxed_MCF10A_chr19_PMP1_100_/CPC_all_11_26_25_metacentric_relaxed_MCF10A_chr19_PMP1_100_144x144__8max_4.25minradius_data.csv
    wildcards: simulation=CPC_all_11_26_25_metacentric_relaxed_MCF10A_chr19_PMP1_100_144x144__8max_4.25min
    resources: tmpdir=/var/folders/qg/8dr16mq572j_ksgn8_d2g59h0000gn/T
Select jobs to execute...
[Mon Jan 26 13:43:56 2026]
Finished jobid: 78 (Rule: python_analysis)
25 of 38 steps (66%) done
Execute 1 jobs...
[Mon Jan 26 13:43:56 2026]
localrule python_analysis:
    input: /Users/smgroves/Documents/GitHub/VCell_Analysis/5_vcell_to_ch/output/01_16_2026/CPC_all_11_26_25_metacentric_relaxed_MCF10A_chr19_PMP1_100_/CPC_all_11_26_25_metacentric_relaxed_MCF10A_chr19_PMP1_100_144x144__8max_4.1minfinal_phi.csv, /Users/smgroves/Documents/GitHub/VCell_Analysis/5_vcell_to_ch/output/01_16_2026/CPC_all_11_26_25_metacentric_relaxed_MCF10A_chr19_PMP1_100_/CPC_all_11_26_25_metacentric_relaxed_MCF10A_chr19_PMP1_100_144x144__8max_4.1minphi.csv, /Users/smgroves/Documents/GitHub/VCell_Analysis/5_vcell_to_ch/int/CPC_all_11_26_25_metacentric_relaxed_MCF10A_chr19_PMP1_100_/CPC_all_11_26_25_metacentric_relaxed_MCF10A_chr19_PMP1_100_144x144__8max_4.1minradius_data.csv, /Users/smgroves/Documents/GitHub/VCell_Analysis/5_vcell_to_ch/output/01_16_2026/CPC_all_11_26_25_metacentric_relaxed_MCF10A_chr19_PMP1_100_/CPC_all_11_26_25_metacentric_relaxed_MCF10A_chr19_PMP1_100_144x144__8max_4.1minmovie.mp4
    output: /Users/smgroves/Documents/GitHub/VCell_Analysis/5_vcell_to_ch/int/CPC_all_11_26_25_metacentric_relaxed_MCF10A_chr19_PMP1_100_/CPC_all_11_26_25_metacentric_relaxed_MCF10A_chr19_PMP1_100_144x144__8max_4.1minanalysis_plots.npz
    jobid: 32
    reason: Missing output files: /Users/smgroves/Documents/GitHub/VCell_Analysis/5_vcell_to_ch/int/CPC_all_11_26_25_metacentric_relaxed_MCF10A_chr19_PMP1_100_/CPC_all_11_26_25_metacentric_relaxed_MCF10A_chr19_PMP1_100_144x144__8max_4.1minanalysis_plots.npz; Input files updated by another job: /Users/smgroves/Documents/GitHub/VCell_Analysis/5_vcell_to_ch/int/CPC_all_11_26_25_metacentric_relaxed_MCF10A_chr19_PMP1_100_/CPC_all_11_26_25_metacentric_relaxed_MCF10A_chr19_PMP1_100_144x144__8max_4.1minradius_data.csv
    wildcards: simulation=CPC_all_11_26_25_metacentric_relaxed_MCF10A_chr19_PMP1_100_144x144__8max_4.1min
    resources: tmpdir=/var/folders/qg/8dr16mq572j_ksgn8_d2g59h0000gn/T
Select jobs to execute...
[Mon Jan 26 13:43:56 2026]
Finished jobid: 47 (Rule: matlab_level_set)
26 of 38 steps (68%) done
Execute 1 jobs...
[Mon Jan 26 13:43:56 2026]
localrule python_analysis:
    input: /Users/smgroves/Documents/GitHub/VCell_Analysis/5_vcell_to_ch/output/01_16_2026/CPC_all_11_26_25_metacentric_relaxed_MCF10A_chr19_PMP1_100_/CPC_all_11_26_25_metacentric_relaxed_MCF10A_chr19_PMP1_100_144x144__6max_4.25minfinal_phi.csv, /Users/smgroves/Documents/GitHub/VCell_Analysis/5_vcell_to_ch/output/01_16_2026/CPC_all_11_26_25_metacentric_relaxed_MCF10A_chr19_PMP1_100_/CPC_all_11_26_25_metacentric_relaxed_MCF10A_chr19_PMP1_100_144x144__6max_4.25minphi.csv, /Users/smgroves/Documents/GitHub/VCell_Analysis/5_vcell_to_ch/int/CPC_all_11_26_25_metacentric_relaxed_MCF10A_chr19_PMP1_100_/CPC_all_11_26_25_metacentric_relaxed_MCF10A_chr19_PMP1_100_144x144__6max_4.25minradius_data.csv, /Users/smgroves/Documents/GitHub/VCell_Analysis/5_vcell_to_ch/output/01_16_2026/CPC_all_11_26_25_metacentric_relaxed_MCF10A_chr19_PMP1_100_/CPC_all_11_26_25_metacentric_relaxed_MCF10A_chr19_PMP1_100_144x144__6max_4.25minmovie.mp4
    output: /Users/smgroves/Documents/GitHub/VCell_Analysis/5_vcell_to_ch/int/CPC_all_11_26_25_metacentric_relaxed_MCF10A_chr19_PMP1_100_/CPC_all_11_26_25_metacentric_relaxed_MCF10A_chr19_PMP1_100_144x144__6max_4.25minanalysis_plots.npz
    jobid: 46
    reason: Missing output files: /Users/smgroves/Documents/GitHub/VCell_Analysis/5_vcell_to_ch/int/CPC_all_11_26_25_metacentric_relaxed_MCF10A_chr19_PMP1_100_/CPC_all_11_26_25_metacentric_relaxed_MCF10A_chr19_PMP1_100_144x144__6max_4.25minanalysis_plots.npz; Input files updated by another job: /Users/smgroves/Documents/GitHub/VCell_Analysis/5_vcell_to_ch/int/CPC_all_11_26_25_metacentric_relaxed_MCF10A_chr19_PMP1_100_/CPC_all_11_26_25_metacentric_relaxed_MCF10A_chr19_PMP1_100_144x144__6max_4.25minradius_data.csv
    wildcards: simulation=CPC_all_11_26_25_metacentric_relaxed_MCF10A_chr19_PMP1_100_144x144__6max_4.25min
    resources: tmpdir=/var/folders/qg/8dr16mq572j_ksgn8_d2g59h0000gn/T
Select jobs to execute...
[Mon Jan 26 13:43:58 2026]
Finished jobid: 32 (Rule: python_analysis)
27 of 38 steps (71%) done
Execute 1 jobs...
[Mon Jan 26 13:43:58 2026]
localrule python_analysis:
    input: /Users/smgroves/Documents/GitHub/VCell_Analysis/5_vcell_to_ch/output/01_16_2026/CPC_all_11_26_25_metacentric_relaxed_MCF10A_chr19_PMP1_100_/CPC_all_11_26_25_metacentric_relaxed_MCF10A_chr19_PMP1_100_144x144__8max_3.9minfinal_phi.csv, /Users/smgroves/Documents/GitHub/VCell_Analysis/5_vcell_to_ch/output/01_16_2026/CPC_all_11_26_25_metacentric_relaxed_MCF10A_chr19_PMP1_100_/CPC_all_11_26_25_metacentric_relaxed_MCF10A_chr19_PMP1_100_144x144__8max_3.9minphi.csv, /Users/smgroves/Documents/GitHub/VCell_Analysis/5_vcell_to_ch/int/CPC_all_11_26_25_metacentric_relaxed_MCF10A_chr19_PMP1_100_/CPC_all_11_26_25_metacentric_relaxed_MCF10A_chr19_PMP1_100_144x144__8max_3.9minradius_data.csv, /Users/smgroves/Documents/GitHub/VCell_Analysis/5_vcell_to_ch/output/01_16_2026/CPC_all_11_26_25_metacentric_relaxed_MCF10A_chr19_PMP1_100_/CPC_all_11_26_25_metacentric_relaxed_MCF10A_chr19_PMP1_100_144x144__8max_3.9minmovie.mp4
    output: /Users/smgroves/Documents/GitHub/VCell_Analysis/5_vcell_to_ch/int/CPC_all_11_26_25_metacentric_relaxed_MCF10A_chr19_PMP1_100_/CPC_all_11_26_25_metacentric_relaxed_MCF10A_chr19_PMP1_100_144x144__8max_3.9minanalysis_plots.npz
    jobid: 60
    reason: Missing output files: /Users/smgroves/Documents/GitHub/VCell_Analysis/5_vcell_to_ch/int/CPC_all_11_26_25_metacentric_relaxed_MCF10A_chr19_PMP1_100_/CPC_all_11_26_25_metacentric_relaxed_MCF10A_chr19_PMP1_100_144x144__8max_3.9minanalysis_plots.npz; Input files updated by another job: /Users/smgroves/Documents/GitHub/VCell_Analysis/5_vcell_to_ch/int/CPC_all_11_26_25_metacentric_relaxed_MCF10A_chr19_PMP1_100_/CPC_all_11_26_25_metacentric_relaxed_MCF10A_chr19_PMP1_100_144x144__8max_3.9minradius_data.csv
    wildcards: simulation=CPC_all_11_26_25_metacentric_relaxed_MCF10A_chr19_PMP1_100_144x144__8max_3.9min
    resources: tmpdir=/var/folders/qg/8dr16mq572j_ksgn8_d2g59h0000gn/T
Select jobs to execute...
[Mon Jan 26 13:43:58 2026]
Finished jobid: 46 (Rule: python_analysis)
28 of 38 steps (74%) done
Execute 1 jobs...
[Mon Jan 26 13:43:58 2026]
localrule matlab_level_set:
    input: /Users/smgroves/Documents/GitHub/VCell_Analysis/5_vcell_to_ch/output/01_16_2026/CPC_all_11_26_25_metacentric_relaxed_MCF10A_chr19_PMP1_100_/CPC_all_11_26_25_metacentric_relaxed_MCF10A_chr19_PMP1_100_144x144__6max_3.9minphi.csv, /Users/smgroves/Documents/GitHub/VCell_Analysis/5_vcell_to_ch/output/01_16_2026/CPC_all_11_26_25_metacentric_relaxed_MCF10A_chr19_PMP1_100_/CPC_all_11_26_25_metacentric_relaxed_MCF10A_chr19_PMP1_100_144x144__6max_3.9minmovie.mp4
    output: /Users/smgroves/Documents/GitHub/VCell_Analysis/5_vcell_to_ch/int/CPC_all_11_26_25_metacentric_relaxed_MCF10A_chr19_PMP1_100_/CPC_all_11_26_25_metacentric_relaxed_MCF10A_chr19_PMP1_100_144x144__6max_3.9minradius_data.csv
    jobid: 87
    reason: Missing output files: /Users/smgroves/Documents/GitHub/VCell_Analysis/5_vcell_to_ch/int/CPC_all_11_26_25_metacentric_relaxed_MCF10A_chr19_PMP1_100_/CPC_all_11_26_25_metacentric_relaxed_MCF10A_chr19_PMP1_100_144x144__6max_3.9minradius_data.csv; Updated input files: /Users/smgroves/Documents/GitHub/VCell_Analysis/5_vcell_to_ch/output/01_16_2026/CPC_all_11_26_25_metacentric_relaxed_MCF10A_chr19_PMP1_100_/CPC_all_11_26_25_metacentric_relaxed_MCF10A_chr19_PMP1_100_144x144__6max_3.9minmovie.mp4, /Users/smgroves/Documents/GitHub/VCell_Analysis/5_vcell_to_ch/output/01_16_2026/CPC_all_11_26_25_metacentric_relaxed_MCF10A_chr19_PMP1_100_/CPC_all_11_26_25_metacentric_relaxed_MCF10A_chr19_PMP1_100_144x144__6max_3.9minphi.csv
    wildcards: simulation=CPC_all_11_26_25_metacentric_relaxed_MCF10A_chr19_PMP1_100_144x144__6max_3.9min
    resources: tmpdir=/var/folders/qg/8dr16mq572j_ksgn8_d2g59h0000gn/T
Select jobs to execute...
[Mon Jan 26 13:44:00 2026]
Finished jobid: 60 (Rule: python_analysis)
29 of 38 steps (76%) done
Execute 1 jobs...
[Mon Jan 26 13:44:00 2026]
localrule matlab_level_set:
    input: /Users/smgroves/Documents/GitHub/VCell_Analysis/5_vcell_to_ch/output/01_16_2026/CPC_all_11_26_25_metacentric_relaxed_MCF10A_chr19_PMP1_100_/CPC_all_11_26_25_metacentric_relaxed_MCF10A_chr19_PMP1_100_144x144__9max_4.1minphi.csv, /Users/smgroves/Documents/GitHub/VCell_Analysis/5_vcell_to_ch/output/01_16_2026/CPC_all_11_26_25_metacentric_relaxed_MCF10A_chr19_PMP1_100_/CPC_all_11_26_25_metacentric_relaxed_MCF10A_chr19_PMP1_100_144x144__9max_4.1minmovie.mp4
    output: /Users/smgroves/Documents/GitHub/VCell_Analysis/5_vcell_to_ch/int/CPC_all_11_26_25_metacentric_relaxed_MCF10A_chr19_PMP1_100_/CPC_all_11_26_25_metacentric_relaxed_MCF10A_chr19_PMP1_100_144x144__9max_4.1minradius_data.csv
    jobid: 55
    reason: Missing output files: /Users/smgroves/Documents/GitHub/VCell_Analysis/5_vcell_to_ch/int/CPC_all_11_26_25_metacentric_relaxed_MCF10A_chr19_PMP1_100_/CPC_all_11_26_25_metacentric_relaxed_MCF10A_chr19_PMP1_100_144x144__9max_4.1minradius_data.csv; Updated input files: /Users/smgroves/Documents/GitHub/VCell_Analysis/5_vcell_to_ch/output/01_16_2026/CPC_all_11_26_25_metacentric_relaxed_MCF10A_chr19_PMP1_100_/CPC_all_11_26_25_metacentric_relaxed_MCF10A_chr19_PMP1_100_144x144__9max_4.1minphi.csv, /Users/smgroves/Documents/GitHub/VCell_Analysis/5_vcell_to_ch/output/01_16_2026/CPC_all_11_26_25_metacentric_relaxed_MCF10A_chr19_PMP1_100_/CPC_all_11_26_25_metacentric_relaxed_MCF10A_chr19_PMP1_100_144x144__9max_4.1minmovie.mp4
    wildcards: simulation=CPC_all_11_26_25_metacentric_relaxed_MCF10A_chr19_PMP1_100_144x144__9max_4.1min
    resources: tmpdir=/var/folders/qg/8dr16mq572j_ksgn8_d2g59h0000gn/T
Select jobs to execute...
[Mon Jan 26 13:44:15 2026]
Finished jobid: 87 (Rule: matlab_level_set)
30 of 38 steps (79%) done
Execute 1 jobs...
[Mon Jan 26 13:44:15 2026]
localrule python_analysis:
    input: /Users/smgroves/Documents/GitHub/VCell_Analysis/5_vcell_to_ch/output/01_16_2026/CPC_all_11_26_25_metacentric_relaxed_MCF10A_chr19_PMP1_100_/CPC_all_11_26_25_metacentric_relaxed_MCF10A_chr19_PMP1_100_144x144__6max_3.9minfinal_phi.csv, /Users/smgroves/Documents/GitHub/VCell_Analysis/5_vcell_to_ch/output/01_16_2026/CPC_all_11_26_25_metacentric_relaxed_MCF10A_chr19_PMP1_100_/CPC_all_11_26_25_metacentric_relaxed_MCF10A_chr19_PMP1_100_144x144__6max_3.9minphi.csv, /Users/smgroves/Documents/GitHub/VCell_Analysis/5_vcell_to_ch/int/CPC_all_11_26_25_metacentric_relaxed_MCF10A_chr19_PMP1_100_/CPC_all_11_26_25_metacentric_relaxed_MCF10A_chr19_PMP1_100_144x144__6max_3.9minradius_data.csv, /Users/smgroves/Documents/GitHub/VCell_Analysis/5_vcell_to_ch/output/01_16_2026/CPC_all_11_26_25_metacentric_relaxed_MCF10A_chr19_PMP1_100_/CPC_all_11_26_25_metacentric_relaxed_MCF10A_chr19_PMP1_100_144x144__6max_3.9minmovie.mp4
    output: /Users/smgroves/Documents/GitHub/VCell_Analysis/5_vcell_to_ch/int/CPC_all_11_26_25_metacentric_relaxed_MCF10A_chr19_PMP1_100_/CPC_all_11_26_25_metacentric_relaxed_MCF10A_chr19_PMP1_100_144x144__6max_3.9minanalysis_plots.npz
    jobid: 86
    reason: Missing output files: /Users/smgroves/Documents/GitHub/VCell_Analysis/5_vcell_to_ch/int/CPC_all_11_26_25_metacentric_relaxed_MCF10A_chr19_PMP1_100_/CPC_all_11_26_25_metacentric_relaxed_MCF10A_chr19_PMP1_100_144x144__6max_3.9minanalysis_plots.npz; Input files updated by another job: /Users/smgroves/Documents/GitHub/VCell_Analysis/5_vcell_to_ch/int/CPC_all_11_26_25_metacentric_relaxed_MCF10A_chr19_PMP1_100_/CPC_all_11_26_25_metacentric_relaxed_MCF10A_chr19_PMP1_100_144x144__6max_3.9minradius_data.csv
    wildcards: simulation=CPC_all_11_26_25_metacentric_relaxed_MCF10A_chr19_PMP1_100_144x144__6max_3.9min
    resources: tmpdir=/var/folders/qg/8dr16mq572j_ksgn8_d2g59h0000gn/T
Select jobs to execute...
[Mon Jan 26 13:44:16 2026]
Finished jobid: 55 (Rule: matlab_level_set)
31 of 38 steps (82%) done
Execute 1 jobs...
[Mon Jan 26 13:44:16 2026]
localrule python_analysis:
    input: /Users/smgroves/Documents/GitHub/VCell_Analysis/5_vcell_to_ch/output/01_16_2026/CPC_all_11_26_25_metacentric_relaxed_MCF10A_chr19_PMP1_100_/CPC_all_11_26_25_metacentric_relaxed_MCF10A_chr19_PMP1_100_144x144__9max_4.1minfinal_phi.csv, /Users/smgroves/Documents/GitHub/VCell_Analysis/5_vcell_to_ch/output/01_16_2026/CPC_all_11_26_25_metacentric_relaxed_MCF10A_chr19_PMP1_100_/CPC_all_11_26_25_metacentric_relaxed_MCF10A_chr19_PMP1_100_144x144__9max_4.1minphi.csv, /Users/smgroves/Documents/GitHub/VCell_Analysis/5_vcell_to_ch/int/CPC_all_11_26_25_metacentric_relaxed_MCF10A_chr19_PMP1_100_/CPC_all_11_26_25_metacentric_relaxed_MCF10A_chr19_PMP1_100_144x144__9max_4.1minradius_data.csv, /Users/smgroves/Documents/GitHub/VCell_Analysis/5_vcell_to_ch/output/01_16_2026/CPC_all_11_26_25_metacentric_relaxed_MCF10A_chr19_PMP1_100_/CPC_all_11_26_25_metacentric_relaxed_MCF10A_chr19_PMP1_100_144x144__9max_4.1minmovie.mp4
    output: /Users/smgroves/Documents/GitHub/VCell_Analysis/5_vcell_to_ch/int/CPC_all_11_26_25_metacentric_relaxed_MCF10A_chr19_PMP1_100_/CPC_all_11_26_25_metacentric_relaxed_MCF10A_chr19_PMP1_100_144x144__9max_4.1minanalysis_plots.npz
    jobid: 54
    reason: Missing output files: /Users/smgroves/Documents/GitHub/VCell_Analysis/5_vcell_to_ch/int/CPC_all_11_26_25_metacentric_relaxed_MCF10A_chr19_PMP1_100_/CPC_all_11_26_25_metacentric_relaxed_MCF10A_chr19_PMP1_100_144x144__9max_4.1minanalysis_plots.npz; Input files updated by another job: /Users/smgroves/Documents/GitHub/VCell_Analysis/5_vcell_to_ch/int/CPC_all_11_26_25_metacentric_relaxed_MCF10A_chr19_PMP1_100_/CPC_all_11_26_25_metacentric_relaxed_MCF10A_chr19_PMP1_100_144x144__9max_4.1minradius_data.csv
    wildcards: simulation=CPC_all_11_26_25_metacentric_relaxed_MCF10A_chr19_PMP1_100_144x144__9max_4.1min
    resources: tmpdir=/var/folders/qg/8dr16mq572j_ksgn8_d2g59h0000gn/T
Select jobs to execute...
[Mon Jan 26 13:44:17 2026]
Finished jobid: 86 (Rule: python_analysis)
32 of 38 steps (84%) done
Execute 1 jobs...
[Mon Jan 26 13:44:17 2026]
localrule python_analysis:
    input: /Users/smgroves/Documents/GitHub/VCell_Analysis/5_vcell_to_ch/output/01_16_2026/CPC_all_11_26_25_metacentric_relaxed_MCF10A_chr19_PMP1_100_/CPC_all_11_26_25_metacentric_relaxed_MCF10A_chr19_PMP1_100_144x144__9max_4minfinal_phi.csv, /Users/smgroves/Documents/GitHub/VCell_Analysis/5_vcell_to_ch/output/01_16_2026/CPC_all_11_26_25_metacentric_relaxed_MCF10A_chr19_PMP1_100_/CPC_all_11_26_25_metacentric_relaxed_MCF10A_chr19_PMP1_100_144x144__9max_4minphi.csv, /Users/smgroves/Documents/GitHub/VCell_Analysis/5_vcell_to_ch/int/CPC_all_11_26_25_metacentric_relaxed_MCF10A_chr19_PMP1_100_/CPC_all_11_26_25_metacentric_relaxed_MCF10A_chr19_PMP1_100_144x144__9max_4minradius_data.csv, /Users/smgroves/Documents/GitHub/VCell_Analysis/5_vcell_to_ch/output/01_16_2026/CPC_all_11_26_25_metacentric_relaxed_MCF10A_chr19_PMP1_100_/CPC_all_11_26_25_metacentric_relaxed_MCF10A_chr19_PMP1_100_144x144__9max_4minmovie.mp4
    output: /Users/smgroves/Documents/GitHub/VCell_Analysis/5_vcell_to_ch/int/CPC_all_11_26_25_metacentric_relaxed_MCF10A_chr19_PMP1_100_/CPC_all_11_26_25_metacentric_relaxed_MCF10A_chr19_PMP1_100_144x144__9max_4minanalysis_plots.npz
    jobid: 42
    reason: Missing output files: /Users/smgroves/Documents/GitHub/VCell_Analysis/5_vcell_to_ch/int/CPC_all_11_26_25_metacentric_relaxed_MCF10A_chr19_PMP1_100_/CPC_all_11_26_25_metacentric_relaxed_MCF10A_chr19_PMP1_100_144x144__9max_4minanalysis_plots.npz; Input files updated by another job: /Users/smgroves/Documents/GitHub/VCell_Analysis/5_vcell_to_ch/int/CPC_all_11_26_25_metacentric_relaxed_MCF10A_chr19_PMP1_100_/CPC_all_11_26_25_metacentric_relaxed_MCF10A_chr19_PMP1_100_144x144__9max_4minradius_data.csv
    wildcards: simulation=CPC_all_11_26_25_metacentric_relaxed_MCF10A_chr19_PMP1_100_144x144__9max_4min
    resources: tmpdir=/var/folders/qg/8dr16mq572j_ksgn8_d2g59h0000gn/T
Select jobs to execute...
[Mon Jan 26 13:44:18 2026]
Finished jobid: 54 (Rule: python_analysis)
33 of 38 steps (87%) done
Execute 1 jobs...
[Mon Jan 26 13:44:18 2026]
localrule matlab_level_set:
    input: /Users/smgroves/Documents/GitHub/VCell_Analysis/5_vcell_to_ch/output/01_16_2026/CPC_all_11_26_25_metacentric_relaxed_MCF10A_chr19_PMP1_100_/CPC_all_11_26_25_metacentric_relaxed_MCF10A_chr19_PMP1_100_144x144__9max_3.9minphi.csv, /Users/smgroves/Documents/GitHub/VCell_Analysis/5_vcell_to_ch/output/01_16_2026/CPC_all_11_26_25_metacentric_relaxed_MCF10A_chr19_PMP1_100_/CPC_all_11_26_25_metacentric_relaxed_MCF10A_chr19_PMP1_100_144x144__9max_3.9minmovie.mp4
    output: /Users/smgroves/Documents/GitHub/VCell_Analysis/5_vcell_to_ch/int/CPC_all_11_26_25_metacentric_relaxed_MCF10A_chr19_PMP1_100_/CPC_all_11_26_25_metacentric_relaxed_MCF10A_chr19_PMP1_100_144x144__9max_3.9minradius_data.csv
    jobid: 19
    reason: Missing output files: /Users/smgroves/Documents/GitHub/VCell_Analysis/5_vcell_to_ch/int/CPC_all_11_26_25_metacentric_relaxed_MCF10A_chr19_PMP1_100_/CPC_all_11_26_25_metacentric_relaxed_MCF10A_chr19_PMP1_100_144x144__9max_3.9minradius_data.csv; Updated input files: /Users/smgroves/Documents/GitHub/VCell_Analysis/5_vcell_to_ch/output/01_16_2026/CPC_all_11_26_25_metacentric_relaxed_MCF10A_chr19_PMP1_100_/CPC_all_11_26_25_metacentric_relaxed_MCF10A_chr19_PMP1_100_144x144__9max_3.9minphi.csv, /Users/smgroves/Documents/GitHub/VCell_Analysis/5_vcell_to_ch/output/01_16_2026/CPC_all_11_26_25_metacentric_relaxed_MCF10A_chr19_PMP1_100_/CPC_all_11_26_25_metacentric_relaxed_MCF10A_chr19_PMP1_100_144x144__9max_3.9minmovie.mp4
    wildcards: simulation=CPC_all_11_26_25_metacentric_relaxed_MCF10A_chr19_PMP1_100_144x144__9max_3.9min
    resources: tmpdir=/var/folders/qg/8dr16mq572j_ksgn8_d2g59h0000gn/T
[Mon Jan 26 13:44:19 2026]
Finished jobid: 42 (Rule: python_analysis)
34 of 38 steps (89%) done
[Mon Jan 26 13:44:34 2026]
Finished jobid: 19 (Rule: matlab_level_set)
35 of 38 steps (92%) done
Select jobs to execute...
Execute 1 jobs...
[Mon Jan 26 13:44:34 2026]
localrule python_analysis:
    input: /Users/smgroves/Documents/GitHub/VCell_Analysis/5_vcell_to_ch/output/01_16_2026/CPC_all_11_26_25_metacentric_relaxed_MCF10A_chr19_PMP1_100_/CPC_all_11_26_25_metacentric_relaxed_MCF10A_chr19_PMP1_100_144x144__9max_3.9minfinal_phi.csv, /Users/smgroves/Documents/GitHub/VCell_Analysis/5_vcell_to_ch/output/01_16_2026/CPC_all_11_26_25_metacentric_relaxed_MCF10A_chr19_PMP1_100_/CPC_all_11_26_25_metacentric_relaxed_MCF10A_chr19_PMP1_100_144x144__9max_3.9minphi.csv, /Users/smgroves/Documents/GitHub/VCell_Analysis/5_vcell_to_ch/int/CPC_all_11_26_25_metacentric_relaxed_MCF10A_chr19_PMP1_100_/CPC_all_11_26_25_metacentric_relaxed_MCF10A_chr19_PMP1_100_144x144__9max_3.9minradius_data.csv, /Users/smgroves/Documents/GitHub/VCell_Analysis/5_vcell_to_ch/output/01_16_2026/CPC_all_11_26_25_metacentric_relaxed_MCF10A_chr19_PMP1_100_/CPC_all_11_26_25_metacentric_relaxed_MCF10A_chr19_PMP1_100_144x144__9max_3.9minmovie.mp4
    output: /Users/smgroves/Documents/GitHub/VCell_Analysis/5_vcell_to_ch/int/CPC_all_11_26_25_metacentric_relaxed_MCF10A_chr19_PMP1_100_/CPC_all_11_26_25_metacentric_relaxed_MCF10A_chr19_PMP1_100_144x144__9max_3.9minanalysis_plots.npz
    jobid: 18
    reason: Missing output files: /Users/smgroves/Documents/GitHub/VCell_Analysis/5_vcell_to_ch/int/CPC_all_11_26_25_metacentric_relaxed_MCF10A_chr19_PMP1_100_/CPC_all_11_26_25_metacentric_relaxed_MCF10A_chr19_PMP1_100_144x144__9max_3.9minanalysis_plots.npz; Input files updated by another job: /Users/smgroves/Documents/GitHub/VCell_Analysis/5_vcell_to_ch/int/CPC_all_11_26_25_metacentric_relaxed_MCF10A_chr19_PMP1_100_/CPC_all_11_26_25_metacentric_relaxed_MCF10A_chr19_PMP1_100_144x144__9max_3.9minradius_data.csv
    wildcards: simulation=CPC_all_11_26_25_metacentric_relaxed_MCF10A_chr19_PMP1_100_144x144__9max_3.9min
    resources: tmpdir=/var/folders/qg/8dr16mq572j_ksgn8_d2g59h0000gn/T
[Mon Jan 26 13:44:36 2026]
Finished jobid: 18 (Rule: python_analysis)
36 of 38 steps (95%) done
Select jobs to execute...
Execute 1 jobs...
[Mon Jan 26 13:44:36 2026]
localrule combine_pdfs:
    input: /Users/smgroves/Documents/GitHub/VCell_Analysis/5_vcell_to_ch/int/CPC_all_11_26_25_metacentric_relaxed_MCF10A_chr19_PMP1_100_/CPC_all_11_26_25_metacentric_relaxed_MCF10A_chr19_PMP1_100_144x144__16max_4.9minanalysis_plots.npz, /Users/smgroves/Documents/GitHub/VCell_Analysis/5_vcell_to_ch/int/CPC_all_11_26_25_metacentric_relaxed_MCF10A_chr19_PMP1_100_/CPC_all_11_26_25_metacentric_relaxed_MCF10A_chr19_PMP1_100_144x144__16max_4.75minanalysis_plots.npz, /Users/smgroves/Documents/GitHub/VCell_Analysis/5_vcell_to_ch/int/CPC_all_11_26_25_metacentric_relaxed_MCF10A_chr19_PMP1_100_/CPC_all_11_26_25_metacentric_relaxed_MCF10A_chr19_PMP1_100_144x144__6max_4.2minanalysis_plots.npz, /Users/smgroves/Documents/GitHub/VCell_Analysis/5_vcell_to_ch/int/CPC_all_11_26_25_metacentric_relaxed_MCF10A_chr19_PMP1_100_/CPC_all_11_26_25_metacentric_relaxed_MCF10A_chr19_PMP1_100_144x144__14max_4.75minanalysis_plots.npz, /Users/smgroves/Documents/GitHub/VCell_Analysis/5_vcell_to_ch/int/CPC_all_11_26_25_metacentric_relaxed_MCF10A_chr19_PMP1_100_/CPC_all_11_26_25_metacentric_relaxed_MCF10A_chr19_PMP1_100_144x144__12max_4.75minanalysis_plots.npz, /Users/smgroves/Documents/GitHub/VCell_Analysis/5_vcell_to_ch/int/CPC_all_11_26_25_metacentric_relaxed_MCF10A_chr19_PMP1_100_/CPC_all_11_26_25_metacentric_relaxed_MCF10A_chr19_PMP1_100_144x144__16max_4.5minanalysis_plots.npz, /Users/smgroves/Documents/GitHub/VCell_Analysis/5_vcell_to_ch/int/CPC_all_11_26_25_metacentric_relaxed_MCF10A_chr19_PMP1_100_/CPC_all_11_26_25_metacentric_relaxed_MCF10A_chr19_PMP1_100_144x144__14max_5.0minanalysis_plots.npz, /Users/smgroves/Documents/GitHub/VCell_Analysis/5_vcell_to_ch/int/CPC_all_11_26_25_metacentric_relaxed_MCF10A_chr19_PMP1_100_/CPC_all_11_26_25_metacentric_relaxed_MCF10A_chr19_PMP1_100_144x144__8max_4.2minanalysis_plots.npz, /Users/smgroves/Documents/GitHub/VCell_Analysis/5_vcell_to_ch/int/CPC_all_11_26_25_metacentric_relaxed_MCF10A_chr19_PMP1_100_/CPC_all_11_26_25_metacentric_relaxed_MCF10A_chr19_PMP1_100_144x144__9max_3.9minanalysis_plots.npz, /Users/smgroves/Documents/GitHub/VCell_Analysis/5_vcell_to_ch/int/CPC_all_11_26_25_metacentric_relaxed_MCF10A_chr19_PMP1_100_/CPC_all_11_26_25_metacentric_relaxed_MCF10A_chr19_PMP1_100_144x144__9max_4.5minanalysis_plots.npz, /Users/smgroves/Documents/GitHub/VCell_Analysis/5_vcell_to_ch/int/CPC_all_11_26_25_metacentric_relaxed_MCF10A_chr19_PMP1_100_/CPC_all_11_26_25_metacentric_relaxed_MCF10A_chr19_PMP1_100_144x144__10max_4.75minanalysis_plots.npz, /Users/smgroves/Documents/GitHub/VCell_Analysis/5_vcell_to_ch/int/CPC_all_11_26_25_metacentric_relaxed_MCF10A_chr19_PMP1_100_/CPC_all_11_26_25_metacentric_relaxed_MCF10A_chr19_PMP1_100_144x144__15max_4.9minanalysis_plots.npz, /Users/smgroves/Documents/GitHub/VCell_Analysis/5_vcell_to_ch/int/CPC_all_11_26_25_metacentric_relaxed_MCF10A_chr19_PMP1_100_/CPC_all_11_26_25_metacentric_relaxed_MCF10A_chr19_PMP1_100_144x144__18max_4.9minanalysis_plots.npz, /Users/smgroves/Documents/GitHub/VCell_Analysis/5_vcell_to_ch/int/CPC_all_11_26_25_metacentric_relaxed_MCF10A_chr19_PMP1_100_/CPC_all_11_26_25_metacentric_relaxed_MCF10A_chr19_PMP1_100_144x144__13max_4.9minanalysis_plots.npz, /Users/smgroves/Documents/GitHub/VCell_Analysis/5_vcell_to_ch/int/CPC_all_11_26_25_metacentric_relaxed_MCF10A_chr19_PMP1_100_/CPC_all_11_26_25_metacentric_relaxed_MCF10A_chr19_PMP1_100_144x144__10max_4.5minanalysis_plots.npz, /Users/smgroves/Documents/GitHub/VCell_Analysis/5_vcell_to_ch/int/CPC_all_11_26_25_metacentric_relaxed_MCF10A_chr19_PMP1_100_/CPC_all_11_26_25_metacentric_relaxed_MCF10A_chr19_PMP1_100_144x144__8max_4.1minanalysis_plots.npz, /Users/smgroves/Documents/GitHub/VCell_Analysis/5_vcell_to_ch/int/CPC_all_11_26_25_metacentric_relaxed_MCF10A_chr19_PMP1_100_/CPC_all_11_26_25_metacentric_relaxed_MCF10A_chr19_PMP1_100_144x144__12max_5.0minanalysis_plots.npz, /Users/smgroves/Documents/GitHub/VCell_Analysis/5_vcell_to_ch/int/CPC_all_11_26_25_metacentric_relaxed_MCF10A_chr19_PMP1_100_/CPC_all_11_26_25_metacentric_relaxed_MCF10A_chr19_PMP1_100_144x144__6max_4.1minanalysis_plots.npz, /Users/smgroves/Documents/GitHub/VCell_Analysis/5_vcell_to_ch/int/CPC_all_11_26_25_metacentric_relaxed_MCF10A_chr19_PMP1_100_/CPC_all_11_26_25_metacentric_relaxed_MCF10A_chr19_PMP1_100_144x144__10max_4.9minanalysis_plots.npz, /Users/smgroves/Documents/GitHub/VCell_Analysis/5_vcell_to_ch/int/CPC_all_11_26_25_metacentric_relaxed_MCF10A_chr19_PMP1_100_/CPC_all_11_26_25_metacentric_relaxed_MCF10A_chr19_PMP1_100_144x144__12max_4.5minanalysis_plots.npz, /Users/smgroves/Documents/GitHub/VCell_Analysis/5_vcell_to_ch/int/CPC_all_11_26_25_metacentric_relaxed_MCF10A_chr19_PMP1_100_/CPC_all_11_26_25_metacentric_relaxed_MCF10A_chr19_PMP1_100_144x144__9max_4minanalysis_plots.npz, /Users/smgroves/Documents/GitHub/VCell_Analysis/5_vcell_to_ch/int/CPC_all_11_26_25_metacentric_relaxed_MCF10A_chr19_PMP1_100_/CPC_all_11_26_25_metacentric_relaxed_MCF10A_chr19_PMP1_100_144x144__10max_5.0minanalysis_plots.npz, /Users/smgroves/Documents/GitHub/VCell_Analysis/5_vcell_to_ch/int/CPC_all_11_26_25_metacentric_relaxed_MCF10A_chr19_PMP1_100_/CPC_all_11_26_25_metacentric_relaxed_MCF10A_chr19_PMP1_100_144x144__6max_4.25minanalysis_plots.npz, /Users/smgroves/Documents/GitHub/VCell_Analysis/5_vcell_to_ch/int/CPC_all_11_26_25_metacentric_relaxed_MCF10A_chr19_PMP1_100_/CPC_all_11_26_25_metacentric_relaxed_MCF10A_chr19_PMP1_100_144x144__11max_4.9minanalysis_plots.npz, /Users/smgroves/Documents/GitHub/VCell_Analysis/5_vcell_to_ch/int/CPC_all_11_26_25_metacentric_relaxed_MCF10A_chr19_PMP1_100_/CPC_all_11_26_25_metacentric_relaxed_MCF10A_chr19_PMP1_100_144x144__12max_4.9minanalysis_plots.npz, /Users/smgroves/Documents/GitHub/VCell_Analysis/5_vcell_to_ch/int/CPC_all_11_26_25_metacentric_relaxed_MCF10A_chr19_PMP1_100_/CPC_all_11_26_25_metacentric_relaxed_MCF10A_chr19_PMP1_100_144x144__6max_4minanalysis_plots.npz, /Users/smgroves/Documents/GitHub/VCell_Analysis/5_vcell_to_ch/int/CPC_all_11_26_25_metacentric_relaxed_MCF10A_chr19_PMP1_100_/CPC_all_11_26_25_metacentric_relaxed_MCF10A_chr19_PMP1_100_144x144__9max_4.1minanalysis_plots.npz, /Users/smgroves/Documents/GitHub/VCell_Analysis/5_vcell_to_ch/int/CPC_all_11_26_25_metacentric_relaxed_MCF10A_chr19_PMP1_100_/CPC_all_11_26_25_metacentric_relaxed_MCF10A_chr19_PMP1_100_144x144__9max_4.2minanalysis_plots.npz, /Users/smgroves/Documents/GitHub/VCell_Analysis/5_vcell_to_ch/int/CPC_all_11_26_25_metacentric_relaxed_MCF10A_chr19_PMP1_100_/CPC_all_11_26_25_metacentric_relaxed_MCF10A_chr19_PMP1_100_144x144__12max_4.25minanalysis_plots.npz, /Users/smgroves/Documents/GitHub/VCell_Analysis/5_vcell_to_ch/int/CPC_all_11_26_25_metacentric_relaxed_MCF10A_chr19_PMP1_100_/CPC_all_11_26_25_metacentric_relaxed_MCF10A_chr19_PMP1_100_144x144__8max_3.9minanalysis_plots.npz, /Users/smgroves/Documents/GitHub/VCell_Analysis/5_vcell_to_ch/int/CPC_all_11_26_25_metacentric_relaxed_MCF10A_chr19_PMP1_100_/CPC_all_11_26_25_metacentric_relaxed_MCF10A_chr19_PMP1_100_144x144__8max_4minanalysis_plots.npz, /Users/smgroves/Documents/GitHub/VCell_Analysis/5_vcell_to_ch/int/CPC_all_11_26_25_metacentric_relaxed_MCF10A_chr19_PMP1_100_/CPC_all_11_26_25_metacentric_relaxed_MCF10A_chr19_PMP1_100_144x144__10max_4.25minanalysis_plots.npz, /Users/smgroves/Documents/GitHub/VCell_Analysis/5_vcell_to_ch/int/CPC_all_11_26_25_metacentric_relaxed_MCF10A_chr19_PMP1_100_/CPC_all_11_26_25_metacentric_relaxed_MCF10A_chr19_PMP1_100_144x144__14max_4.9minanalysis_plots.npz, /Users/smgroves/Documents/GitHub/VCell_Analysis/5_vcell_to_ch/int/CPC_all_11_26_25_metacentric_relaxed_MCF10A_chr19_PMP1_100_/CPC_all_11_26_25_metacentric_relaxed_MCF10A_chr19_PMP1_100_144x144__8max_4.5minanalysis_plots.npz, /Users/smgroves/Documents/GitHub/VCell_Analysis/5_vcell_to_ch/int/CPC_all_11_26_25_metacentric_relaxed_MCF10A_chr19_PMP1_100_/CPC_all_11_26_25_metacentric_relaxed_MCF10A_chr19_PMP1_100_144x144__6max_4.5minanalysis_plots.npz, /Users/smgroves/Documents/GitHub/VCell_Analysis/5_vcell_to_ch/int/CPC_all_11_26_25_metacentric_relaxed_MCF10A_chr19_PMP1_100_/CPC_all_11_26_25_metacentric_relaxed_MCF10A_chr19_PMP1_100_144x144__16max_4.25minanalysis_plots.npz, /Users/smgroves/Documents/GitHub/VCell_Analysis/5_vcell_to_ch/int/CPC_all_11_26_25_metacentric_relaxed_MCF10A_chr19_PMP1_100_/CPC_all_11_26_25_metacentric_relaxed_MCF10A_chr19_PMP1_100_144x144__17max_4.9minanalysis_plots.npz, /Users/smgroves/Documents/GitHub/VCell_Analysis/5_vcell_to_ch/int/CPC_all_11_26_25_metacentric_relaxed_MCF10A_chr19_PMP1_100_/CPC_all_11_26_25_metacentric_relaxed_MCF10A_chr19_PMP1_100_144x144__14max_4.5minanalysis_plots.npz, /Users/smgroves/Documents/GitHub/VCell_Analysis/5_vcell_to_ch/int/CPC_all_11_26_25_metacentric_relaxed_MCF10A_chr19_PMP1_100_/CPC_all_11_26_25_metacentric_relaxed_MCF10A_chr19_PMP1_100_144x144__8max_4.25minanalysis_plots.npz, /Users/smgroves/Documents/GitHub/VCell_Analysis/5_vcell_to_ch/int/CPC_all_11_26_25_metacentric_relaxed_MCF10A_chr19_PMP1_100_/CPC_all_11_26_25_metacentric_relaxed_MCF10A_chr19_PMP1_100_144x144__16max_5.0minanalysis_plots.npz, /Users/smgroves/Documents/GitHub/VCell_Analysis/5_vcell_to_ch/int/CPC_all_11_26_25_metacentric_relaxed_MCF10A_chr19_PMP1_100_/CPC_all_11_26_25_metacentric_relaxed_MCF10A_chr19_PMP1_100_144x144__9max_4.25minanalysis_plots.npz, /Users/smgroves/Documents/GitHub/VCell_Analysis/5_vcell_to_ch/int/CPC_all_11_26_25_metacentric_relaxed_MCF10A_chr19_PMP1_100_/CPC_all_11_26_25_metacentric_relaxed_MCF10A_chr19_PMP1_100_144x144__14max_4.25minanalysis_plots.npz, /Users/smgroves/Documents/GitHub/VCell_Analysis/5_vcell_to_ch/int/CPC_all_11_26_25_metacentric_relaxed_MCF10A_chr19_PMP1_100_/CPC_all_11_26_25_metacentric_relaxed_MCF10A_chr19_PMP1_100_144x144__6max_3.9minanalysis_plots.npz
    output: /Users/smgroves/Documents/GitHub/VCell_Analysis/5_vcell_to_ch/generate_plot_pdf/CPC_all_11_26_25_metacentric_relaxed_MCF10A_chr19_PMP1_100__analysis.pdf
    jobid: 1
    reason: Input files updated by another job: /Users/smgroves/Documents/GitHub/VCell_Analysis/5_vcell_to_ch/int/CPC_all_11_26_25_metacentric_relaxed_MCF10A_chr19_PMP1_100_/CPC_all_11_26_25_metacentric_relaxed_MCF10A_chr19_PMP1_100_144x144__8max_3.9minanalysis_plots.npz, /Users/smgroves/Documents/GitHub/VCell_Analysis/5_vcell_to_ch/int/CPC_all_11_26_25_metacentric_relaxed_MCF10A_chr19_PMP1_100_/CPC_all_11_26_25_metacentric_relaxed_MCF10A_chr19_PMP1_100_144x144__8max_4minanalysis_plots.npz, /Users/smgroves/Documents/GitHub/VCell_Analysis/5_vcell_to_ch/int/CPC_all_11_26_25_metacentric_relaxed_MCF10A_chr19_PMP1_100_/CPC_all_11_26_25_metacentric_relaxed_MCF10A_chr19_PMP1_100_144x144__6max_4.1minanalysis_plots.npz, /Users/smgroves/Documents/GitHub/VCell_Analysis/5_vcell_to_ch/int/CPC_all_11_26_25_metacentric_relaxed_MCF10A_chr19_PMP1_100_/CPC_all_11_26_25_metacentric_relaxed_MCF10A_chr19_PMP1_100_144x144__6max_4.5minanalysis_plots.npz, /Users/smgroves/Documents/GitHub/VCell_Analysis/5_vcell_to_ch/int/CPC_all_11_26_25_metacentric_relaxed_MCF10A_chr19_PMP1_100_/CPC_all_11_26_25_metacentric_relaxed_MCF10A_chr19_PMP1_100_144x144__9max_4.1minanalysis_plots.npz, /Users/smgroves/Documents/GitHub/VCell_Analysis/5_vcell_to_ch/int/CPC_all_11_26_25_metacentric_relaxed_MCF10A_chr19_PMP1_100_/CPC_all_11_26_25_metacentric_relaxed_MCF10A_chr19_PMP1_100_144x144__8max_4.5minanalysis_plots.npz, /Users/smgroves/Documents/GitHub/VCell_Analysis/5_vcell_to_ch/int/CPC_all_11_26_25_metacentric_relaxed_MCF10A_chr19_PMP1_100_/CPC_all_11_26_25_metacentric_relaxed_MCF10A_chr19_PMP1_100_144x144__9max_4.5minanalysis_plots.npz, /Users/smgroves/Documents/GitHub/VCell_Analysis/5_vcell_to_ch/int/CPC_all_11_26_25_metacentric_relaxed_MCF10A_chr19_PMP1_100_/CPC_all_11_26_25_metacentric_relaxed_MCF10A_chr19_PMP1_100_144x144__9max_4minanalysis_plots.npz, /Users/smgroves/Documents/GitHub/VCell_Analysis/5_vcell_to_ch/int/CPC_all_11_26_25_metacentric_relaxed_MCF10A_chr19_PMP1_100_/CPC_all_11_26_25_metacentric_relaxed_MCF10A_chr19_PMP1_100_144x144__6max_4minanalysis_plots.npz, /Users/smgroves/Documents/GitHub/VCell_Analysis/5_vcell_to_ch/int/CPC_all_11_26_25_metacentric_relaxed_MCF10A_chr19_PMP1_100_/CPC_all_11_26_25_metacentric_relaxed_MCF10A_chr19_PMP1_100_144x144__6max_4.2minanalysis_plots.npz, /Users/smgroves/Documents/GitHub/VCell_Analysis/5_vcell_to_ch/int/CPC_all_11_26_25_metacentric_relaxed_MCF10A_chr19_PMP1_100_/CPC_all_11_26_25_metacentric_relaxed_MCF10A_chr19_PMP1_100_144x144__6max_3.9minanalysis_plots.npz, /Users/smgroves/Documents/GitHub/VCell_Analysis/5_vcell_to_ch/int/CPC_all_11_26_25_metacentric_relaxed_MCF10A_chr19_PMP1_100_/CPC_all_11_26_25_metacentric_relaxed_MCF10A_chr19_PMP1_100_144x144__8max_4.1minanalysis_plots.npz, /Users/smgroves/Documents/GitHub/VCell_Analysis/5_vcell_to_ch/int/CPC_all_11_26_25_metacentric_relaxed_MCF10A_chr19_PMP1_100_/CPC_all_11_26_25_metacentric_relaxed_MCF10A_chr19_PMP1_100_144x144__6max_4.25minanalysis_plots.npz, /Users/smgroves/Documents/GitHub/VCell_Analysis/5_vcell_to_ch/int/CPC_all_11_26_25_metacentric_relaxed_MCF10A_chr19_PMP1_100_/CPC_all_11_26_25_metacentric_relaxed_MCF10A_chr19_PMP1_100_144x144__8max_4.2minanalysis_plots.npz, /Users/smgroves/Documents/GitHub/VCell_Analysis/5_vcell_to_ch/int/CPC_all_11_26_25_metacentric_relaxed_MCF10A_chr19_PMP1_100_/CPC_all_11_26_25_metacentric_relaxed_MCF10A_chr19_PMP1_100_144x144__9max_4.25minanalysis_plots.npz, /Users/smgroves/Documents/GitHub/VCell_Analysis/5_vcell_to_ch/int/CPC_all_11_26_25_metacentric_relaxed_MCF10A_chr19_PMP1_100_/CPC_all_11_26_25_metacentric_relaxed_MCF10A_chr19_PMP1_100_144x144__8max_4.25minanalysis_plots.npz, /Users/smgroves/Documents/GitHub/VCell_Analysis/5_vcell_to_ch/int/CPC_all_11_26_25_metacentric_relaxed_MCF10A_chr19_PMP1_100_/CPC_all_11_26_25_metacentric_relaxed_MCF10A_chr19_PMP1_100_144x144__9max_4.2minanalysis_plots.npz, /Users/smgroves/Documents/GitHub/VCell_Analysis/5_vcell_to_ch/int/CPC_all_11_26_25_metacentric_relaxed_MCF10A_chr19_PMP1_100_/CPC_all_11_26_25_metacentric_relaxed_MCF10A_chr19_PMP1_100_144x144__9max_3.9minanalysis_plots.npz
    resources: tmpdir=/var/folders/qg/8dr16mq572j_ksgn8_d2g59h0000gn/T
[Mon Jan 26 13:44:49 2026]
Finished jobid: 1 (Rule: combine_pdfs)
37 of 38 steps (97%) done
Select jobs to execute...
Execute 1 jobs...
[Mon Jan 26 13:44:49 2026]
localrule all:
    input: /Users/smgroves/Documents/GitHub/VCell_Analysis/5_vcell_to_ch/generate_plot_pdf/CPC_all_11_26_25_metacentric_relaxed_MCF10A_chr19_PMP1_100__analysis.pdf
    jobid: 0
    reason: Input files updated by another job: /Users/smgroves/Documents/GitHub/VCell_Analysis/5_vcell_to_ch/generate_plot_pdf/CPC_all_11_26_25_metacentric_relaxed_MCF10A_chr19_PMP1_100__analysis.pdf
    resources: tmpdir=/var/folders/qg/8dr16mq572j_ksgn8_d2g59h0000gn/T
[Mon Jan 26 13:44:49 2026]
Finished jobid: 0 (Rule: all)
38 of 38 steps (100%) done
Complete log(s): /Users/smgroves/Documents/Github/VCell_Analysis/5_vcell_to_ch/generate_plot_pdf/.snakemake/log/2026-01-26T134132.447210.snakemake.log
