Assuming unrestricted shared filesystem usage.
host: Sarahs-iMac.local
Building DAG of jobs...
Using shell: /bin/bash
Provided cores: 4
Rules claiming more threads will be scaled down.
Job stats:
job                 count
----------------  -------
all                     1
combine_pdfs            1
matlab_level_set        2
python_analysis         2
total                   6

Select jobs to execute...
Execute 2 jobs...
[Fri Jan 23 14:13:06 2026]
localrule matlab_level_set:
    input: /Users/smgroves/Documents/GitHub/VCell_Analysis/5_vcell_to_ch/output/test_snakemake/CPC_all_11_26_25_metacentric_relaxed_MCF10A_chr19_PMP1_100_144x144__18max_4.9minphi.csv, /Users/smgroves/Documents/GitHub/VCell_Analysis/5_vcell_to_ch/output/test_snakemake/CPC_all_11_26_25_metacentric_relaxed_MCF10A_chr19_PMP1_100_144x144__18max_4.9minmovie.mp4
    output: /Users/smgroves/Documents/GitHub/VCell_Analysis/5_vcell_to_ch/output/test_snakemake/CPC_all_11_26_25_metacentric_relaxed_MCF10A_chr19_PMP1_100_144x144__18max_4.9minradius_data.csv
    jobid: 3
    reason: Missing output files: /Users/smgroves/Documents/GitHub/VCell_Analysis/5_vcell_to_ch/output/test_snakemake/CPC_all_11_26_25_metacentric_relaxed_MCF10A_chr19_PMP1_100_144x144__18max_4.9minradius_data.csv; Code has changed since last execution
    wildcards: simulation=CPC_all_11_26_25_metacentric_relaxed_MCF10A_chr19_PMP1_100_144x144__18max_4.9min
    resources: tmpdir=/var/folders/qg/8dr16mq572j_ksgn8_d2g59h0000gn/T
Shell command: 
        /Applications/MATLAB_R2023b.app/bin/maca64/MATLAB -nodisplay -nosplash -nodesktop -r         "try; cd('/Users/smgroves/Documents/GitHub/VCell_Analysis/5_vcell_to_ch/generate_plot_pdf'); calculate_level_set_radius('/Users/smgroves/Documents/GitHub/VCell_Analysis/5_vcell_to_ch/output/test_snakemake/CPC_all_11_26_25_metacentric_relaxed_MCF10A_chr19_PMP1_100_144x144__18max_4.9minphi.csv', 2.5e-05, 10, '/Users/smgroves/Documents/GitHub/VCell_Analysis/5_vcell_to_ch/output/test_snakemake/CPC_all_11_26_25_metacentric_relaxed_MCF10A_chr19_PMP1_100_144x144__18max_4.9minradius_data.csv'); exit(0); catch e; disp(getReport(e)); exit(1); end"
        
[Fri Jan 23 14:13:06 2026]
localrule matlab_level_set:
    input: /Users/smgroves/Documents/GitHub/VCell_Analysis/5_vcell_to_ch/output/test_snakemake/CPC_all_11_26_25_metacentric_relaxed_MCF10A_chr19_PMP1_100_144x144__17max_4.9minphi.csv, /Users/smgroves/Documents/GitHub/VCell_Analysis/5_vcell_to_ch/output/test_snakemake/CPC_all_11_26_25_metacentric_relaxed_MCF10A_chr19_PMP1_100_144x144__17max_4.9minmovie.mp4
    output: /Users/smgroves/Documents/GitHub/VCell_Analysis/5_vcell_to_ch/output/test_snakemake/CPC_all_11_26_25_metacentric_relaxed_MCF10A_chr19_PMP1_100_144x144__17max_4.9minradius_data.csv
    jobid: 5
    reason: Missing output files: /Users/smgroves/Documents/GitHub/VCell_Analysis/5_vcell_to_ch/output/test_snakemake/CPC_all_11_26_25_metacentric_relaxed_MCF10A_chr19_PMP1_100_144x144__17max_4.9minradius_data.csv; Code has changed since last execution
    wildcards: simulation=CPC_all_11_26_25_metacentric_relaxed_MCF10A_chr19_PMP1_100_144x144__17max_4.9min
    resources: tmpdir=/var/folders/qg/8dr16mq572j_ksgn8_d2g59h0000gn/T
Shell command: 
        /Applications/MATLAB_R2023b.app/bin/maca64/MATLAB -nodisplay -nosplash -nodesktop -r         "try; cd('/Users/smgroves/Documents/GitHub/VCell_Analysis/5_vcell_to_ch/generate_plot_pdf'); calculate_level_set_radius('/Users/smgroves/Documents/GitHub/VCell_Analysis/5_vcell_to_ch/output/test_snakemake/CPC_all_11_26_25_metacentric_relaxed_MCF10A_chr19_PMP1_100_144x144__17max_4.9minphi.csv', 2.5e-05, 10, '/Users/smgroves/Documents/GitHub/VCell_Analysis/5_vcell_to_ch/output/test_snakemake/CPC_all_11_26_25_metacentric_relaxed_MCF10A_chr19_PMP1_100_144x144__17max_4.9minradius_data.csv'); exit(0); catch e; disp(getReport(e)); exit(1); end"
        
[Fri Jan 23 14:13:21 2026]
Finished jobid: 5 (Rule: matlab_level_set)
1 of 6 steps (17%) done
[Fri Jan 23 14:13:21 2026]
Finished jobid: 3 (Rule: matlab_level_set)
2 of 6 steps (33%) done
Select jobs to execute...
Execute 2 jobs...
[Fri Jan 23 14:13:21 2026]
localrule python_analysis:
    input: /Users/smgroves/Documents/GitHub/VCell_Analysis/5_vcell_to_ch/output/test_snakemake/CPC_all_11_26_25_metacentric_relaxed_MCF10A_chr19_PMP1_100_144x144__17max_4.9minfinal_phi.csv, /Users/smgroves/Documents/GitHub/VCell_Analysis/5_vcell_to_ch/output/test_snakemake/CPC_all_11_26_25_metacentric_relaxed_MCF10A_chr19_PMP1_100_144x144__17max_4.9minphi.csv, /Users/smgroves/Documents/GitHub/VCell_Analysis/5_vcell_to_ch/output/test_snakemake/CPC_all_11_26_25_metacentric_relaxed_MCF10A_chr19_PMP1_100_144x144__17max_4.9minradius_data.csv, /Users/smgroves/Documents/GitHub/VCell_Analysis/5_vcell_to_ch/output/test_snakemake/CPC_all_11_26_25_metacentric_relaxed_MCF10A_chr19_PMP1_100_144x144__17max_4.9minmovie.mp4
    output: /Users/smgroves/Documents/GitHub/VCell_Analysis/5_vcell_to_ch/output/test_snakemake/CPC_all_11_26_25_metacentric_relaxed_MCF10A_chr19_PMP1_100_144x144__17max_4.9minanalysis_plots.npz
    jobid: 4
    reason: Missing output files: /Users/smgroves/Documents/GitHub/VCell_Analysis/5_vcell_to_ch/output/test_snakemake/CPC_all_11_26_25_metacentric_relaxed_MCF10A_chr19_PMP1_100_144x144__17max_4.9minanalysis_plots.npz; Input files updated by another job: /Users/smgroves/Documents/GitHub/VCell_Analysis/5_vcell_to_ch/output/test_snakemake/CPC_all_11_26_25_metacentric_relaxed_MCF10A_chr19_PMP1_100_144x144__17max_4.9minradius_data.csv
    wildcards: simulation=CPC_all_11_26_25_metacentric_relaxed_MCF10A_chr19_PMP1_100_144x144__17max_4.9min
    resources: tmpdir=/var/folders/qg/8dr16mq572j_ksgn8_d2g59h0000gn/T
Shell command: 
        python /Users/smgroves/Documents/GitHub/VCell_Analysis/5_vcell_to_ch/generate_plot_pdf/analyze_single_simulation.py             --final-phi /Users/smgroves/Documents/GitHub/VCell_Analysis/5_vcell_to_ch/output/test_snakemake/CPC_all_11_26_25_metacentric_relaxed_MCF10A_chr19_PMP1_100_144x144__17max_4.9minfinal_phi.csv             --phi /Users/smgroves/Documents/GitHub/VCell_Analysis/5_vcell_to_ch/output/test_snakemake/CPC_all_11_26_25_metacentric_relaxed_MCF10A_chr19_PMP1_100_144x144__17max_4.9minphi.csv             --radius-data /Users/smgroves/Documents/GitHub/VCell_Analysis/5_vcell_to_ch/output/test_snakemake/CPC_all_11_26_25_metacentric_relaxed_MCF10A_chr19_PMP1_100_144x144__17max_4.9minradius_data.csv             --dt 2.5e-05             --dt-out 10             --sim-name CPC_all_11_26_25_metacentric_relaxed_MCF10A_chr19_PMP1_100_144x144__17max_4.9min             --output /Users/smgroves/Documents/GitHub/VCell_Analysis/5_vcell_to_ch/output/test_snakemake/CPC_all_11_26_25_metacentric_relaxed_MCF10A_chr19_PMP1_100_144x144__17max_4.9minanalysis_plots.npz
        
[Fri Jan 23 14:13:21 2026]
localrule python_analysis:
    input: /Users/smgroves/Documents/GitHub/VCell_Analysis/5_vcell_to_ch/output/test_snakemake/CPC_all_11_26_25_metacentric_relaxed_MCF10A_chr19_PMP1_100_144x144__18max_4.9minfinal_phi.csv, /Users/smgroves/Documents/GitHub/VCell_Analysis/5_vcell_to_ch/output/test_snakemake/CPC_all_11_26_25_metacentric_relaxed_MCF10A_chr19_PMP1_100_144x144__18max_4.9minphi.csv, /Users/smgroves/Documents/GitHub/VCell_Analysis/5_vcell_to_ch/output/test_snakemake/CPC_all_11_26_25_metacentric_relaxed_MCF10A_chr19_PMP1_100_144x144__18max_4.9minradius_data.csv, /Users/smgroves/Documents/GitHub/VCell_Analysis/5_vcell_to_ch/output/test_snakemake/CPC_all_11_26_25_metacentric_relaxed_MCF10A_chr19_PMP1_100_144x144__18max_4.9minmovie.mp4
    output: /Users/smgroves/Documents/GitHub/VCell_Analysis/5_vcell_to_ch/output/test_snakemake/CPC_all_11_26_25_metacentric_relaxed_MCF10A_chr19_PMP1_100_144x144__18max_4.9minanalysis_plots.npz
    jobid: 2
    reason: Missing output files: /Users/smgroves/Documents/GitHub/VCell_Analysis/5_vcell_to_ch/output/test_snakemake/CPC_all_11_26_25_metacentric_relaxed_MCF10A_chr19_PMP1_100_144x144__18max_4.9minanalysis_plots.npz; Input files updated by another job: /Users/smgroves/Documents/GitHub/VCell_Analysis/5_vcell_to_ch/output/test_snakemake/CPC_all_11_26_25_metacentric_relaxed_MCF10A_chr19_PMP1_100_144x144__18max_4.9minradius_data.csv
    wildcards: simulation=CPC_all_11_26_25_metacentric_relaxed_MCF10A_chr19_PMP1_100_144x144__18max_4.9min
    resources: tmpdir=/var/folders/qg/8dr16mq572j_ksgn8_d2g59h0000gn/T
Shell command: 
        python /Users/smgroves/Documents/GitHub/VCell_Analysis/5_vcell_to_ch/generate_plot_pdf/analyze_single_simulation.py             --final-phi /Users/smgroves/Documents/GitHub/VCell_Analysis/5_vcell_to_ch/output/test_snakemake/CPC_all_11_26_25_metacentric_relaxed_MCF10A_chr19_PMP1_100_144x144__18max_4.9minfinal_phi.csv             --phi /Users/smgroves/Documents/GitHub/VCell_Analysis/5_vcell_to_ch/output/test_snakemake/CPC_all_11_26_25_metacentric_relaxed_MCF10A_chr19_PMP1_100_144x144__18max_4.9minphi.csv             --radius-data /Users/smgroves/Documents/GitHub/VCell_Analysis/5_vcell_to_ch/output/test_snakemake/CPC_all_11_26_25_metacentric_relaxed_MCF10A_chr19_PMP1_100_144x144__18max_4.9minradius_data.csv             --dt 2.5e-05             --dt-out 10             --sim-name CPC_all_11_26_25_metacentric_relaxed_MCF10A_chr19_PMP1_100_144x144__18max_4.9min             --output /Users/smgroves/Documents/GitHub/VCell_Analysis/5_vcell_to_ch/output/test_snakemake/CPC_all_11_26_25_metacentric_relaxed_MCF10A_chr19_PMP1_100_144x144__18max_4.9minanalysis_plots.npz
        
[Fri Jan 23 14:13:24 2026]
Finished jobid: 2 (Rule: python_analysis)
3 of 6 steps (50%) done
[Fri Jan 23 14:13:24 2026]
Finished jobid: 4 (Rule: python_analysis)
4 of 6 steps (67%) done
Select jobs to execute...
Execute 1 jobs...
[Fri Jan 23 14:13:24 2026]
localrule combine_pdfs:
    input: /Users/smgroves/Documents/GitHub/VCell_Analysis/5_vcell_to_ch/output/test_snakemake/CPC_all_11_26_25_metacentric_relaxed_MCF10A_chr19_PMP1_100_144x144__18max_4.9minanalysis_plots.npz, /Users/smgroves/Documents/GitHub/VCell_Analysis/5_vcell_to_ch/output/test_snakemake/CPC_all_11_26_25_metacentric_relaxed_MCF10A_chr19_PMP1_100_144x144__17max_4.9minanalysis_plots.npz
    output: /Users/smgroves/Documents/GitHub/VCell_Analysis/5_vcell_to_ch/generate_plot_pdf/all_simulations_analysis.pdf
    jobid: 1
    reason: Missing output files: /Users/smgroves/Documents/GitHub/VCell_Analysis/5_vcell_to_ch/generate_plot_pdf/all_simulations_analysis.pdf; Input files updated by another job: /Users/smgroves/Documents/GitHub/VCell_Analysis/5_vcell_to_ch/output/test_snakemake/CPC_all_11_26_25_metacentric_relaxed_MCF10A_chr19_PMP1_100_144x144__18max_4.9minanalysis_plots.npz, /Users/smgroves/Documents/GitHub/VCell_Analysis/5_vcell_to_ch/output/test_snakemake/CPC_all_11_26_25_metacentric_relaxed_MCF10A_chr19_PMP1_100_144x144__17max_4.9minanalysis_plots.npz
    resources: tmpdir=/var/folders/qg/8dr16mq572j_ksgn8_d2g59h0000gn/T
Shell command: 
        python /Users/smgroves/Documents/GitHub/VCell_Analysis/5_vcell_to_ch/generate_plot_pdf/create_combined_pdf.py             --outdir /Users/smgroves/Documents/GitHub/VCell_Analysis/5_vcell_to_ch/output/test_snakemake             --output /Users/smgroves/Documents/GitHub/VCell_Analysis/5_vcell_to_ch/generate_plot_pdf/all_simulations_analysis.pdf
        
Waiting at most 5 seconds for missing files:
/Users/smgroves/Documents/GitHub/VCell_Analysis/5_vcell_to_ch/generate_plot_pdf/all_simulations_analysis.pdf (missing locally)
MissingOutputException in rule combine_pdfs in file "/Users/smgroves/Documents/Github/VCell_Analysis/5_vcell_to_ch/generate_plot_pdf/Snakefile", line 76:
Job 1  completed successfully, but some output files are missing. Missing files after 5 seconds. This might be due to filesystem latency. If that is the case, consider to increase the wait time with --latency-wait:
/Users/smgroves/Documents/GitHub/VCell_Analysis/5_vcell_to_ch/generate_plot_pdf/all_simulations_analysis.pdf (missing locally, parent dir contents: calculate_level_set_radius.m, .snakemake, create_combined_pdf.py, Snakefile, Snakefile_intel, analyze_single_simulation.py)
Shutting down, this might take some time.
Exiting because a job execution failed. Look below for error messages
[Fri Jan 23 14:13:29 2026]
Error in rule combine_pdfs:
    message: None
    jobid: 1
    input: /Users/smgroves/Documents/GitHub/VCell_Analysis/5_vcell_to_ch/output/test_snakemake/CPC_all_11_26_25_metacentric_relaxed_MCF10A_chr19_PMP1_100_144x144__18max_4.9minanalysis_plots.npz, /Users/smgroves/Documents/GitHub/VCell_Analysis/5_vcell_to_ch/output/test_snakemake/CPC_all_11_26_25_metacentric_relaxed_MCF10A_chr19_PMP1_100_144x144__17max_4.9minanalysis_plots.npz
    output: /Users/smgroves/Documents/GitHub/VCell_Analysis/5_vcell_to_ch/generate_plot_pdf/all_simulations_analysis.pdf
    shell:
        
        python /Users/smgroves/Documents/GitHub/VCell_Analysis/5_vcell_to_ch/generate_plot_pdf/create_combined_pdf.py             --outdir /Users/smgroves/Documents/GitHub/VCell_Analysis/5_vcell_to_ch/output/test_snakemake             --output /Users/smgroves/Documents/GitHub/VCell_Analysis/5_vcell_to_ch/generate_plot_pdf/all_simulations_analysis.pdf
        
        (command exited with non-zero exit code)
Complete log(s): /Users/smgroves/Documents/Github/VCell_Analysis/5_vcell_to_ch/generate_plot_pdf/.snakemake/log/2026-01-23T141306.229986.snakemake.log
WorkflowError:
At least one job did not complete successfully.
