Assuming unrestricted shared filesystem usage.
host: Sarahs-iMac.local
Building DAG of jobs...
Using shell: /bin/bash
Provided cores: 2
Rules claiming more threads will be scaled down.
Job stats:
job                count
---------------  -------
all                    1
combine_pdfs           1
python_analysis       25
total                 27

Select jobs to execute...
Execute 2 jobs...
[Sat Jan 24 14:46:31 2026]
localrule python_analysis:
    input: /Users/smgroves/Documents/GitHub/VCell_Analysis/5_vcell_to_ch/output/01_16_2026/CPC_all_11_26_25_metacentric_relaxed_MCF10A_chr19_PMP1_100_/CPC_all_11_26_25_metacentric_relaxed_MCF10A_chr19_PMP1_100_144x144__14max_5.0minfinal_phi.csv, /Users/smgroves/Documents/GitHub/VCell_Analysis/5_vcell_to_ch/output/01_16_2026/CPC_all_11_26_25_metacentric_relaxed_MCF10A_chr19_PMP1_100_/CPC_all_11_26_25_metacentric_relaxed_MCF10A_chr19_PMP1_100_144x144__14max_5.0minphi.csv, /Users/smgroves/Documents/GitHub/VCell_Analysis/5_vcell_to_ch/int/CPC_all_11_26_25_metacentric_relaxed_MCF10A_chr19_PMP1_100_/CPC_all_11_26_25_metacentric_relaxed_MCF10A_chr19_PMP1_100_144x144__14max_5.0minradius_data.csv, /Users/smgroves/Documents/GitHub/VCell_Analysis/5_vcell_to_ch/output/01_16_2026/CPC_all_11_26_25_metacentric_relaxed_MCF10A_chr19_PMP1_100_/CPC_all_11_26_25_metacentric_relaxed_MCF10A_chr19_PMP1_100_144x144__14max_5.0minmovie.mp4
    output: /Users/smgroves/Documents/GitHub/VCell_Analysis/5_vcell_to_ch/int/CPC_all_11_26_25_metacentric_relaxed_MCF10A_chr19_PMP1_100_/CPC_all_11_26_25_metacentric_relaxed_MCF10A_chr19_PMP1_100_144x144__14max_5.0minanalysis_plots.npz
    jobid: 12
    reason: Forced execution
    wildcards: simulation=CPC_all_11_26_25_metacentric_relaxed_MCF10A_chr19_PMP1_100_144x144__14max_5.0min
    resources: tmpdir=/var/folders/qg/8dr16mq572j_ksgn8_d2g59h0000gn/T
[Sat Jan 24 14:46:31 2026]
localrule python_analysis:
    input: /Users/smgroves/Documents/GitHub/VCell_Analysis/5_vcell_to_ch/output/01_16_2026/CPC_all_11_26_25_metacentric_relaxed_MCF10A_chr19_PMP1_100_/CPC_all_11_26_25_metacentric_relaxed_MCF10A_chr19_PMP1_100_144x144__16max_4.9minfinal_phi.csv, /Users/smgroves/Documents/GitHub/VCell_Analysis/5_vcell_to_ch/output/01_16_2026/CPC_all_11_26_25_metacentric_relaxed_MCF10A_chr19_PMP1_100_/CPC_all_11_26_25_metacentric_relaxed_MCF10A_chr19_PMP1_100_144x144__16max_4.9minphi.csv, /Users/smgroves/Documents/GitHub/VCell_Analysis/5_vcell_to_ch/int/CPC_all_11_26_25_metacentric_relaxed_MCF10A_chr19_PMP1_100_/CPC_all_11_26_25_metacentric_relaxed_MCF10A_chr19_PMP1_100_144x144__16max_4.9minradius_data.csv, /Users/smgroves/Documents/GitHub/VCell_Analysis/5_vcell_to_ch/output/01_16_2026/CPC_all_11_26_25_metacentric_relaxed_MCF10A_chr19_PMP1_100_/CPC_all_11_26_25_metacentric_relaxed_MCF10A_chr19_PMP1_100_144x144__16max_4.9minmovie.mp4
    output: /Users/smgroves/Documents/GitHub/VCell_Analysis/5_vcell_to_ch/int/CPC_all_11_26_25_metacentric_relaxed_MCF10A_chr19_PMP1_100_/CPC_all_11_26_25_metacentric_relaxed_MCF10A_chr19_PMP1_100_144x144__16max_4.9minanalysis_plots.npz
    jobid: 2
    reason: Forced execution
    wildcards: simulation=CPC_all_11_26_25_metacentric_relaxed_MCF10A_chr19_PMP1_100_144x144__16max_4.9min
    resources: tmpdir=/var/folders/qg/8dr16mq572j_ksgn8_d2g59h0000gn/T
Select jobs to execute...
[Sat Jan 24 14:46:33 2026]
Finished jobid: 2 (Rule: python_analysis)
1 of 27 steps (4%) done
Execute 1 jobs...
[Sat Jan 24 14:46:33 2026]
localrule python_analysis:
    input: /Users/smgroves/Documents/GitHub/VCell_Analysis/5_vcell_to_ch/output/01_16_2026/CPC_all_11_26_25_metacentric_relaxed_MCF10A_chr19_PMP1_100_/CPC_all_11_26_25_metacentric_relaxed_MCF10A_chr19_PMP1_100_144x144__12max_4.25minfinal_phi.csv, /Users/smgroves/Documents/GitHub/VCell_Analysis/5_vcell_to_ch/output/01_16_2026/CPC_all_11_26_25_metacentric_relaxed_MCF10A_chr19_PMP1_100_/CPC_all_11_26_25_metacentric_relaxed_MCF10A_chr19_PMP1_100_144x144__12max_4.25minphi.csv, /Users/smgroves/Documents/GitHub/VCell_Analysis/5_vcell_to_ch/int/CPC_all_11_26_25_metacentric_relaxed_MCF10A_chr19_PMP1_100_/CPC_all_11_26_25_metacentric_relaxed_MCF10A_chr19_PMP1_100_144x144__12max_4.25minradius_data.csv, /Users/smgroves/Documents/GitHub/VCell_Analysis/5_vcell_to_ch/output/01_16_2026/CPC_all_11_26_25_metacentric_relaxed_MCF10A_chr19_PMP1_100_/CPC_all_11_26_25_metacentric_relaxed_MCF10A_chr19_PMP1_100_144x144__12max_4.25minmovie.mp4
    output: /Users/smgroves/Documents/GitHub/VCell_Analysis/5_vcell_to_ch/int/CPC_all_11_26_25_metacentric_relaxed_MCF10A_chr19_PMP1_100_/CPC_all_11_26_25_metacentric_relaxed_MCF10A_chr19_PMP1_100_144x144__12max_4.25minanalysis_plots.npz
    jobid: 36
    reason: Forced execution
    wildcards: simulation=CPC_all_11_26_25_metacentric_relaxed_MCF10A_chr19_PMP1_100_144x144__12max_4.25min
    resources: tmpdir=/var/folders/qg/8dr16mq572j_ksgn8_d2g59h0000gn/T
[Sat Jan 24 14:46:33 2026]
Finished jobid: 12 (Rule: python_analysis)
2 of 27 steps (7%) done
Select jobs to execute...
Execute 1 jobs...
[Sat Jan 24 14:46:33 2026]
localrule python_analysis:
    input: /Users/smgroves/Documents/GitHub/VCell_Analysis/5_vcell_to_ch/output/01_16_2026/CPC_all_11_26_25_metacentric_relaxed_MCF10A_chr19_PMP1_100_/CPC_all_11_26_25_metacentric_relaxed_MCF10A_chr19_PMP1_100_144x144__18max_4.9minfinal_phi.csv, /Users/smgroves/Documents/GitHub/VCell_Analysis/5_vcell_to_ch/output/01_16_2026/CPC_all_11_26_25_metacentric_relaxed_MCF10A_chr19_PMP1_100_/CPC_all_11_26_25_metacentric_relaxed_MCF10A_chr19_PMP1_100_144x144__18max_4.9minphi.csv, /Users/smgroves/Documents/GitHub/VCell_Analysis/5_vcell_to_ch/int/CPC_all_11_26_25_metacentric_relaxed_MCF10A_chr19_PMP1_100_/CPC_all_11_26_25_metacentric_relaxed_MCF10A_chr19_PMP1_100_144x144__18max_4.9minradius_data.csv, /Users/smgroves/Documents/GitHub/VCell_Analysis/5_vcell_to_ch/output/01_16_2026/CPC_all_11_26_25_metacentric_relaxed_MCF10A_chr19_PMP1_100_/CPC_all_11_26_25_metacentric_relaxed_MCF10A_chr19_PMP1_100_144x144__18max_4.9minmovie.mp4
    output: /Users/smgroves/Documents/GitHub/VCell_Analysis/5_vcell_to_ch/int/CPC_all_11_26_25_metacentric_relaxed_MCF10A_chr19_PMP1_100_/CPC_all_11_26_25_metacentric_relaxed_MCF10A_chr19_PMP1_100_144x144__18max_4.9minanalysis_plots.npz
    jobid: 18
    reason: Forced execution
    wildcards: simulation=CPC_all_11_26_25_metacentric_relaxed_MCF10A_chr19_PMP1_100_144x144__18max_4.9min
    resources: tmpdir=/var/folders/qg/8dr16mq572j_ksgn8_d2g59h0000gn/T
Select jobs to execute...
[Sat Jan 24 14:46:35 2026]
Finished jobid: 36 (Rule: python_analysis)
3 of 27 steps (11%) done
Execute 1 jobs...
[Sat Jan 24 14:46:35 2026]
localrule python_analysis:
    input: /Users/smgroves/Documents/GitHub/VCell_Analysis/5_vcell_to_ch/output/01_16_2026/CPC_all_11_26_25_metacentric_relaxed_MCF10A_chr19_PMP1_100_/CPC_all_11_26_25_metacentric_relaxed_MCF10A_chr19_PMP1_100_144x144__12max_4.75minfinal_phi.csv, /Users/smgroves/Documents/GitHub/VCell_Analysis/5_vcell_to_ch/output/01_16_2026/CPC_all_11_26_25_metacentric_relaxed_MCF10A_chr19_PMP1_100_/CPC_all_11_26_25_metacentric_relaxed_MCF10A_chr19_PMP1_100_144x144__12max_4.75minphi.csv, /Users/smgroves/Documents/GitHub/VCell_Analysis/5_vcell_to_ch/int/CPC_all_11_26_25_metacentric_relaxed_MCF10A_chr19_PMP1_100_/CPC_all_11_26_25_metacentric_relaxed_MCF10A_chr19_PMP1_100_144x144__12max_4.75minradius_data.csv, /Users/smgroves/Documents/GitHub/VCell_Analysis/5_vcell_to_ch/output/01_16_2026/CPC_all_11_26_25_metacentric_relaxed_MCF10A_chr19_PMP1_100_/CPC_all_11_26_25_metacentric_relaxed_MCF10A_chr19_PMP1_100_144x144__12max_4.75minmovie.mp4
    output: /Users/smgroves/Documents/GitHub/VCell_Analysis/5_vcell_to_ch/int/CPC_all_11_26_25_metacentric_relaxed_MCF10A_chr19_PMP1_100_/CPC_all_11_26_25_metacentric_relaxed_MCF10A_chr19_PMP1_100_144x144__12max_4.75minanalysis_plots.npz
    jobid: 8
    reason: Forced execution
    wildcards: simulation=CPC_all_11_26_25_metacentric_relaxed_MCF10A_chr19_PMP1_100_144x144__12max_4.75min
    resources: tmpdir=/var/folders/qg/8dr16mq572j_ksgn8_d2g59h0000gn/T
[Sat Jan 24 14:46:35 2026]
Finished jobid: 18 (Rule: python_analysis)
4 of 27 steps (15%) done
Select jobs to execute...
Execute 1 jobs...
[Sat Jan 24 14:46:35 2026]
localrule python_analysis:
    input: /Users/smgroves/Documents/GitHub/VCell_Analysis/5_vcell_to_ch/output/01_16_2026/CPC_all_11_26_25_metacentric_relaxed_MCF10A_chr19_PMP1_100_/CPC_all_11_26_25_metacentric_relaxed_MCF10A_chr19_PMP1_100_144x144__10max_4.25minfinal_phi.csv, /Users/smgroves/Documents/GitHub/VCell_Analysis/5_vcell_to_ch/output/01_16_2026/CPC_all_11_26_25_metacentric_relaxed_MCF10A_chr19_PMP1_100_/CPC_all_11_26_25_metacentric_relaxed_MCF10A_chr19_PMP1_100_144x144__10max_4.25minphi.csv, /Users/smgroves/Documents/GitHub/VCell_Analysis/5_vcell_to_ch/int/CPC_all_11_26_25_metacentric_relaxed_MCF10A_chr19_PMP1_100_/CPC_all_11_26_25_metacentric_relaxed_MCF10A_chr19_PMP1_100_144x144__10max_4.25minradius_data.csv, /Users/smgroves/Documents/GitHub/VCell_Analysis/5_vcell_to_ch/output/01_16_2026/CPC_all_11_26_25_metacentric_relaxed_MCF10A_chr19_PMP1_100_/CPC_all_11_26_25_metacentric_relaxed_MCF10A_chr19_PMP1_100_144x144__10max_4.25minmovie.mp4
    output: /Users/smgroves/Documents/GitHub/VCell_Analysis/5_vcell_to_ch/int/CPC_all_11_26_25_metacentric_relaxed_MCF10A_chr19_PMP1_100_/CPC_all_11_26_25_metacentric_relaxed_MCF10A_chr19_PMP1_100_144x144__10max_4.25minanalysis_plots.npz
    jobid: 38
    reason: Forced execution
    wildcards: simulation=CPC_all_11_26_25_metacentric_relaxed_MCF10A_chr19_PMP1_100_144x144__10max_4.25min
    resources: tmpdir=/var/folders/qg/8dr16mq572j_ksgn8_d2g59h0000gn/T
Select jobs to execute...
[Sat Jan 24 14:46:38 2026]
Finished jobid: 8 (Rule: python_analysis)
5 of 27 steps (19%) done
Execute 1 jobs...
[Sat Jan 24 14:46:38 2026]
localrule python_analysis:
    input: /Users/smgroves/Documents/GitHub/VCell_Analysis/5_vcell_to_ch/output/01_16_2026/CPC_all_11_26_25_metacentric_relaxed_MCF10A_chr19_PMP1_100_/CPC_all_11_26_25_metacentric_relaxed_MCF10A_chr19_PMP1_100_144x144__12max_5.0minfinal_phi.csv, /Users/smgroves/Documents/GitHub/VCell_Analysis/5_vcell_to_ch/output/01_16_2026/CPC_all_11_26_25_metacentric_relaxed_MCF10A_chr19_PMP1_100_/CPC_all_11_26_25_metacentric_relaxed_MCF10A_chr19_PMP1_100_144x144__12max_5.0minphi.csv, /Users/smgroves/Documents/GitHub/VCell_Analysis/5_vcell_to_ch/int/CPC_all_11_26_25_metacentric_relaxed_MCF10A_chr19_PMP1_100_/CPC_all_11_26_25_metacentric_relaxed_MCF10A_chr19_PMP1_100_144x144__12max_5.0minradius_data.csv, /Users/smgroves/Documents/GitHub/VCell_Analysis/5_vcell_to_ch/output/01_16_2026/CPC_all_11_26_25_metacentric_relaxed_MCF10A_chr19_PMP1_100_/CPC_all_11_26_25_metacentric_relaxed_MCF10A_chr19_PMP1_100_144x144__12max_5.0minmovie.mp4
    output: /Users/smgroves/Documents/GitHub/VCell_Analysis/5_vcell_to_ch/int/CPC_all_11_26_25_metacentric_relaxed_MCF10A_chr19_PMP1_100_/CPC_all_11_26_25_metacentric_relaxed_MCF10A_chr19_PMP1_100_144x144__12max_5.0minanalysis_plots.npz
    jobid: 24
    reason: Forced execution
    wildcards: simulation=CPC_all_11_26_25_metacentric_relaxed_MCF10A_chr19_PMP1_100_144x144__12max_5.0min
    resources: tmpdir=/var/folders/qg/8dr16mq572j_ksgn8_d2g59h0000gn/T
[Sat Jan 24 14:46:38 2026]
Finished jobid: 38 (Rule: python_analysis)
6 of 27 steps (22%) done
Select jobs to execute...
Execute 1 jobs...
[Sat Jan 24 14:46:38 2026]
localrule python_analysis:
    input: /Users/smgroves/Documents/GitHub/VCell_Analysis/5_vcell_to_ch/output/01_16_2026/CPC_all_11_26_25_metacentric_relaxed_MCF10A_chr19_PMP1_100_/CPC_all_11_26_25_metacentric_relaxed_MCF10A_chr19_PMP1_100_144x144__10max_4.5minfinal_phi.csv, /Users/smgroves/Documents/GitHub/VCell_Analysis/5_vcell_to_ch/output/01_16_2026/CPC_all_11_26_25_metacentric_relaxed_MCF10A_chr19_PMP1_100_/CPC_all_11_26_25_metacentric_relaxed_MCF10A_chr19_PMP1_100_144x144__10max_4.5minphi.csv, /Users/smgroves/Documents/GitHub/VCell_Analysis/5_vcell_to_ch/int/CPC_all_11_26_25_metacentric_relaxed_MCF10A_chr19_PMP1_100_/CPC_all_11_26_25_metacentric_relaxed_MCF10A_chr19_PMP1_100_144x144__10max_4.5minradius_data.csv, /Users/smgroves/Documents/GitHub/VCell_Analysis/5_vcell_to_ch/output/01_16_2026/CPC_all_11_26_25_metacentric_relaxed_MCF10A_chr19_PMP1_100_/CPC_all_11_26_25_metacentric_relaxed_MCF10A_chr19_PMP1_100_144x144__10max_4.5minmovie.mp4
    output: /Users/smgroves/Documents/GitHub/VCell_Analysis/5_vcell_to_ch/int/CPC_all_11_26_25_metacentric_relaxed_MCF10A_chr19_PMP1_100_/CPC_all_11_26_25_metacentric_relaxed_MCF10A_chr19_PMP1_100_144x144__10max_4.5minanalysis_plots.npz
    jobid: 22
    reason: Forced execution
    wildcards: simulation=CPC_all_11_26_25_metacentric_relaxed_MCF10A_chr19_PMP1_100_144x144__10max_4.5min
    resources: tmpdir=/var/folders/qg/8dr16mq572j_ksgn8_d2g59h0000gn/T
Select jobs to execute...
[Sat Jan 24 14:46:40 2026]
Finished jobid: 24 (Rule: python_analysis)
7 of 27 steps (26%) done
Execute 1 jobs...
[Sat Jan 24 14:46:40 2026]
localrule python_analysis:
    input: /Users/smgroves/Documents/GitHub/VCell_Analysis/5_vcell_to_ch/output/01_16_2026/CPC_all_11_26_25_metacentric_relaxed_MCF10A_chr19_PMP1_100_/CPC_all_11_26_25_metacentric_relaxed_MCF10A_chr19_PMP1_100_144x144__11max_4.9minfinal_phi.csv, /Users/smgroves/Documents/GitHub/VCell_Analysis/5_vcell_to_ch/output/01_16_2026/CPC_all_11_26_25_metacentric_relaxed_MCF10A_chr19_PMP1_100_/CPC_all_11_26_25_metacentric_relaxed_MCF10A_chr19_PMP1_100_144x144__11max_4.9minphi.csv, /Users/smgroves/Documents/GitHub/VCell_Analysis/5_vcell_to_ch/int/CPC_all_11_26_25_metacentric_relaxed_MCF10A_chr19_PMP1_100_/CPC_all_11_26_25_metacentric_relaxed_MCF10A_chr19_PMP1_100_144x144__11max_4.9minradius_data.csv, /Users/smgroves/Documents/GitHub/VCell_Analysis/5_vcell_to_ch/output/01_16_2026/CPC_all_11_26_25_metacentric_relaxed_MCF10A_chr19_PMP1_100_/CPC_all_11_26_25_metacentric_relaxed_MCF10A_chr19_PMP1_100_144x144__11max_4.9minmovie.mp4
    output: /Users/smgroves/Documents/GitHub/VCell_Analysis/5_vcell_to_ch/int/CPC_all_11_26_25_metacentric_relaxed_MCF10A_chr19_PMP1_100_/CPC_all_11_26_25_metacentric_relaxed_MCF10A_chr19_PMP1_100_144x144__11max_4.9minanalysis_plots.npz
    jobid: 32
    reason: Forced execution
    wildcards: simulation=CPC_all_11_26_25_metacentric_relaxed_MCF10A_chr19_PMP1_100_144x144__11max_4.9min
    resources: tmpdir=/var/folders/qg/8dr16mq572j_ksgn8_d2g59h0000gn/T
[Sat Jan 24 14:46:40 2026]
Finished jobid: 22 (Rule: python_analysis)
8 of 27 steps (30%) done
Select jobs to execute...
Execute 1 jobs...
[Sat Jan 24 14:46:40 2026]
localrule python_analysis:
    input: /Users/smgroves/Documents/GitHub/VCell_Analysis/5_vcell_to_ch/output/01_16_2026/CPC_all_11_26_25_metacentric_relaxed_MCF10A_chr19_PMP1_100_/CPC_all_11_26_25_metacentric_relaxed_MCF10A_chr19_PMP1_100_144x144__10max_4.75minfinal_phi.csv, /Users/smgroves/Documents/GitHub/VCell_Analysis/5_vcell_to_ch/output/01_16_2026/CPC_all_11_26_25_metacentric_relaxed_MCF10A_chr19_PMP1_100_/CPC_all_11_26_25_metacentric_relaxed_MCF10A_chr19_PMP1_100_144x144__10max_4.75minphi.csv, /Users/smgroves/Documents/GitHub/VCell_Analysis/5_vcell_to_ch/int/CPC_all_11_26_25_metacentric_relaxed_MCF10A_chr19_PMP1_100_/CPC_all_11_26_25_metacentric_relaxed_MCF10A_chr19_PMP1_100_144x144__10max_4.75minradius_data.csv, /Users/smgroves/Documents/GitHub/VCell_Analysis/5_vcell_to_ch/output/01_16_2026/CPC_all_11_26_25_metacentric_relaxed_MCF10A_chr19_PMP1_100_/CPC_all_11_26_25_metacentric_relaxed_MCF10A_chr19_PMP1_100_144x144__10max_4.75minmovie.mp4
    output: /Users/smgroves/Documents/GitHub/VCell_Analysis/5_vcell_to_ch/int/CPC_all_11_26_25_metacentric_relaxed_MCF10A_chr19_PMP1_100_/CPC_all_11_26_25_metacentric_relaxed_MCF10A_chr19_PMP1_100_144x144__10max_4.75minanalysis_plots.npz
    jobid: 14
    reason: Forced execution
    wildcards: simulation=CPC_all_11_26_25_metacentric_relaxed_MCF10A_chr19_PMP1_100_144x144__10max_4.75min
    resources: tmpdir=/var/folders/qg/8dr16mq572j_ksgn8_d2g59h0000gn/T
Select jobs to execute...
[Sat Jan 24 14:46:42 2026]
Finished jobid: 32 (Rule: python_analysis)
9 of 27 steps (33%) done
Execute 1 jobs...
[Sat Jan 24 14:46:42 2026]
localrule python_analysis:
    input: /Users/smgroves/Documents/GitHub/VCell_Analysis/5_vcell_to_ch/output/01_16_2026/CPC_all_11_26_25_metacentric_relaxed_MCF10A_chr19_PMP1_100_/CPC_all_11_26_25_metacentric_relaxed_MCF10A_chr19_PMP1_100_144x144__14max_4.25minfinal_phi.csv, /Users/smgroves/Documents/GitHub/VCell_Analysis/5_vcell_to_ch/output/01_16_2026/CPC_all_11_26_25_metacentric_relaxed_MCF10A_chr19_PMP1_100_/CPC_all_11_26_25_metacentric_relaxed_MCF10A_chr19_PMP1_100_144x144__14max_4.25minphi.csv, /Users/smgroves/Documents/GitHub/VCell_Analysis/5_vcell_to_ch/int/CPC_all_11_26_25_metacentric_relaxed_MCF10A_chr19_PMP1_100_/CPC_all_11_26_25_metacentric_relaxed_MCF10A_chr19_PMP1_100_144x144__14max_4.25minradius_data.csv, /Users/smgroves/Documents/GitHub/VCell_Analysis/5_vcell_to_ch/output/01_16_2026/CPC_all_11_26_25_metacentric_relaxed_MCF10A_chr19_PMP1_100_/CPC_all_11_26_25_metacentric_relaxed_MCF10A_chr19_PMP1_100_144x144__14max_4.25minmovie.mp4
    output: /Users/smgroves/Documents/GitHub/VCell_Analysis/5_vcell_to_ch/int/CPC_all_11_26_25_metacentric_relaxed_MCF10A_chr19_PMP1_100_/CPC_all_11_26_25_metacentric_relaxed_MCF10A_chr19_PMP1_100_144x144__14max_4.25minanalysis_plots.npz
    jobid: 50
    reason: Forced execution
    wildcards: simulation=CPC_all_11_26_25_metacentric_relaxed_MCF10A_chr19_PMP1_100_144x144__14max_4.25min
    resources: tmpdir=/var/folders/qg/8dr16mq572j_ksgn8_d2g59h0000gn/T
[Sat Jan 24 14:46:42 2026]
Finished jobid: 14 (Rule: python_analysis)
10 of 27 steps (37%) done
Select jobs to execute...
Execute 1 jobs...
[Sat Jan 24 14:46:42 2026]
localrule python_analysis:
    input: /Users/smgroves/Documents/GitHub/VCell_Analysis/5_vcell_to_ch/output/01_16_2026/CPC_all_11_26_25_metacentric_relaxed_MCF10A_chr19_PMP1_100_/CPC_all_11_26_25_metacentric_relaxed_MCF10A_chr19_PMP1_100_144x144__16max_4.75minfinal_phi.csv, /Users/smgroves/Documents/GitHub/VCell_Analysis/5_vcell_to_ch/output/01_16_2026/CPC_all_11_26_25_metacentric_relaxed_MCF10A_chr19_PMP1_100_/CPC_all_11_26_25_metacentric_relaxed_MCF10A_chr19_PMP1_100_144x144__16max_4.75minphi.csv, /Users/smgroves/Documents/GitHub/VCell_Analysis/5_vcell_to_ch/int/CPC_all_11_26_25_metacentric_relaxed_MCF10A_chr19_PMP1_100_/CPC_all_11_26_25_metacentric_relaxed_MCF10A_chr19_PMP1_100_144x144__16max_4.75minradius_data.csv, /Users/smgroves/Documents/GitHub/VCell_Analysis/5_vcell_to_ch/output/01_16_2026/CPC_all_11_26_25_metacentric_relaxed_MCF10A_chr19_PMP1_100_/CPC_all_11_26_25_metacentric_relaxed_MCF10A_chr19_PMP1_100_144x144__16max_4.75minmovie.mp4
    output: /Users/smgroves/Documents/GitHub/VCell_Analysis/5_vcell_to_ch/int/CPC_all_11_26_25_metacentric_relaxed_MCF10A_chr19_PMP1_100_/CPC_all_11_26_25_metacentric_relaxed_MCF10A_chr19_PMP1_100_144x144__16max_4.75minanalysis_plots.npz
    jobid: 4
    reason: Forced execution
    wildcards: simulation=CPC_all_11_26_25_metacentric_relaxed_MCF10A_chr19_PMP1_100_144x144__16max_4.75min
    resources: tmpdir=/var/folders/qg/8dr16mq572j_ksgn8_d2g59h0000gn/T
Select jobs to execute...
[Sat Jan 24 14:46:44 2026]
Finished jobid: 50 (Rule: python_analysis)
11 of 27 steps (41%) done
Execute 1 jobs...
[Sat Jan 24 14:46:44 2026]
localrule python_analysis:
    input: /Users/smgroves/Documents/GitHub/VCell_Analysis/5_vcell_to_ch/output/01_16_2026/CPC_all_11_26_25_metacentric_relaxed_MCF10A_chr19_PMP1_100_/CPC_all_11_26_25_metacentric_relaxed_MCF10A_chr19_PMP1_100_144x144__14max_4.9minfinal_phi.csv, /Users/smgroves/Documents/GitHub/VCell_Analysis/5_vcell_to_ch/output/01_16_2026/CPC_all_11_26_25_metacentric_relaxed_MCF10A_chr19_PMP1_100_/CPC_all_11_26_25_metacentric_relaxed_MCF10A_chr19_PMP1_100_144x144__14max_4.9minphi.csv, /Users/smgroves/Documents/GitHub/VCell_Analysis/5_vcell_to_ch/int/CPC_all_11_26_25_metacentric_relaxed_MCF10A_chr19_PMP1_100_/CPC_all_11_26_25_metacentric_relaxed_MCF10A_chr19_PMP1_100_144x144__14max_4.9minradius_data.csv, /Users/smgroves/Documents/GitHub/VCell_Analysis/5_vcell_to_ch/output/01_16_2026/CPC_all_11_26_25_metacentric_relaxed_MCF10A_chr19_PMP1_100_/CPC_all_11_26_25_metacentric_relaxed_MCF10A_chr19_PMP1_100_144x144__14max_4.9minmovie.mp4
    output: /Users/smgroves/Documents/GitHub/VCell_Analysis/5_vcell_to_ch/int/CPC_all_11_26_25_metacentric_relaxed_MCF10A_chr19_PMP1_100_/CPC_all_11_26_25_metacentric_relaxed_MCF10A_chr19_PMP1_100_144x144__14max_4.9minanalysis_plots.npz
    jobid: 40
    reason: Forced execution
    wildcards: simulation=CPC_all_11_26_25_metacentric_relaxed_MCF10A_chr19_PMP1_100_144x144__14max_4.9min
    resources: tmpdir=/var/folders/qg/8dr16mq572j_ksgn8_d2g59h0000gn/T
[Sat Jan 24 14:46:44 2026]
Finished jobid: 4 (Rule: python_analysis)
12 of 27 steps (44%) done
Select jobs to execute...
Execute 1 jobs...
[Sat Jan 24 14:46:44 2026]
localrule python_analysis:
    input: /Users/smgroves/Documents/GitHub/VCell_Analysis/5_vcell_to_ch/output/01_16_2026/CPC_all_11_26_25_metacentric_relaxed_MCF10A_chr19_PMP1_100_/CPC_all_11_26_25_metacentric_relaxed_MCF10A_chr19_PMP1_100_144x144__10max_4.9minfinal_phi.csv, /Users/smgroves/Documents/GitHub/VCell_Analysis/5_vcell_to_ch/output/01_16_2026/CPC_all_11_26_25_metacentric_relaxed_MCF10A_chr19_PMP1_100_/CPC_all_11_26_25_metacentric_relaxed_MCF10A_chr19_PMP1_100_144x144__10max_4.9minphi.csv, /Users/smgroves/Documents/GitHub/VCell_Analysis/5_vcell_to_ch/int/CPC_all_11_26_25_metacentric_relaxed_MCF10A_chr19_PMP1_100_/CPC_all_11_26_25_metacentric_relaxed_MCF10A_chr19_PMP1_100_144x144__10max_4.9minradius_data.csv, /Users/smgroves/Documents/GitHub/VCell_Analysis/5_vcell_to_ch/output/01_16_2026/CPC_all_11_26_25_metacentric_relaxed_MCF10A_chr19_PMP1_100_/CPC_all_11_26_25_metacentric_relaxed_MCF10A_chr19_PMP1_100_144x144__10max_4.9minmovie.mp4
    output: /Users/smgroves/Documents/GitHub/VCell_Analysis/5_vcell_to_ch/int/CPC_all_11_26_25_metacentric_relaxed_MCF10A_chr19_PMP1_100_/CPC_all_11_26_25_metacentric_relaxed_MCF10A_chr19_PMP1_100_144x144__10max_4.9minanalysis_plots.npz
    jobid: 26
    reason: Forced execution
    wildcards: simulation=CPC_all_11_26_25_metacentric_relaxed_MCF10A_chr19_PMP1_100_144x144__10max_4.9min
    resources: tmpdir=/var/folders/qg/8dr16mq572j_ksgn8_d2g59h0000gn/T
Select jobs to execute...
[Sat Jan 24 14:46:46 2026]
Finished jobid: 26 (Rule: python_analysis)
13 of 27 steps (48%) done
Execute 1 jobs...
[Sat Jan 24 14:46:46 2026]
localrule python_analysis:
    input: /Users/smgroves/Documents/GitHub/VCell_Analysis/5_vcell_to_ch/output/01_16_2026/CPC_all_11_26_25_metacentric_relaxed_MCF10A_chr19_PMP1_100_/CPC_all_11_26_25_metacentric_relaxed_MCF10A_chr19_PMP1_100_144x144__16max_4.5minfinal_phi.csv, /Users/smgroves/Documents/GitHub/VCell_Analysis/5_vcell_to_ch/output/01_16_2026/CPC_all_11_26_25_metacentric_relaxed_MCF10A_chr19_PMP1_100_/CPC_all_11_26_25_metacentric_relaxed_MCF10A_chr19_PMP1_100_144x144__16max_4.5minphi.csv, /Users/smgroves/Documents/GitHub/VCell_Analysis/5_vcell_to_ch/int/CPC_all_11_26_25_metacentric_relaxed_MCF10A_chr19_PMP1_100_/CPC_all_11_26_25_metacentric_relaxed_MCF10A_chr19_PMP1_100_144x144__16max_4.5minradius_data.csv, /Users/smgroves/Documents/GitHub/VCell_Analysis/5_vcell_to_ch/output/01_16_2026/CPC_all_11_26_25_metacentric_relaxed_MCF10A_chr19_PMP1_100_/CPC_all_11_26_25_metacentric_relaxed_MCF10A_chr19_PMP1_100_144x144__16max_4.5minmovie.mp4
    output: /Users/smgroves/Documents/GitHub/VCell_Analysis/5_vcell_to_ch/int/CPC_all_11_26_25_metacentric_relaxed_MCF10A_chr19_PMP1_100_/CPC_all_11_26_25_metacentric_relaxed_MCF10A_chr19_PMP1_100_144x144__16max_4.5minanalysis_plots.npz
    jobid: 10
    reason: Forced execution
    wildcards: simulation=CPC_all_11_26_25_metacentric_relaxed_MCF10A_chr19_PMP1_100_144x144__16max_4.5min
    resources: tmpdir=/var/folders/qg/8dr16mq572j_ksgn8_d2g59h0000gn/T
[Sat Jan 24 14:46:46 2026]
Finished jobid: 40 (Rule: python_analysis)
14 of 27 steps (52%) done
Select jobs to execute...
Execute 1 jobs...
[Sat Jan 24 14:46:46 2026]
localrule python_analysis:
    input: /Users/smgroves/Documents/GitHub/VCell_Analysis/5_vcell_to_ch/output/01_16_2026/CPC_all_11_26_25_metacentric_relaxed_MCF10A_chr19_PMP1_100_/CPC_all_11_26_25_metacentric_relaxed_MCF10A_chr19_PMP1_100_144x144__10max_5.0minfinal_phi.csv, /Users/smgroves/Documents/GitHub/VCell_Analysis/5_vcell_to_ch/output/01_16_2026/CPC_all_11_26_25_metacentric_relaxed_MCF10A_chr19_PMP1_100_/CPC_all_11_26_25_metacentric_relaxed_MCF10A_chr19_PMP1_100_144x144__10max_5.0minphi.csv, /Users/smgroves/Documents/GitHub/VCell_Analysis/5_vcell_to_ch/int/CPC_all_11_26_25_metacentric_relaxed_MCF10A_chr19_PMP1_100_/CPC_all_11_26_25_metacentric_relaxed_MCF10A_chr19_PMP1_100_144x144__10max_5.0minradius_data.csv, /Users/smgroves/Documents/GitHub/VCell_Analysis/5_vcell_to_ch/output/01_16_2026/CPC_all_11_26_25_metacentric_relaxed_MCF10A_chr19_PMP1_100_/CPC_all_11_26_25_metacentric_relaxed_MCF10A_chr19_PMP1_100_144x144__10max_5.0minmovie.mp4
    output: /Users/smgroves/Documents/GitHub/VCell_Analysis/5_vcell_to_ch/int/CPC_all_11_26_25_metacentric_relaxed_MCF10A_chr19_PMP1_100_/CPC_all_11_26_25_metacentric_relaxed_MCF10A_chr19_PMP1_100_144x144__10max_5.0minanalysis_plots.npz
    jobid: 30
    reason: Forced execution
    wildcards: simulation=CPC_all_11_26_25_metacentric_relaxed_MCF10A_chr19_PMP1_100_144x144__10max_5.0min
    resources: tmpdir=/var/folders/qg/8dr16mq572j_ksgn8_d2g59h0000gn/T
Select jobs to execute...
[Sat Jan 24 14:46:48 2026]
Finished jobid: 10 (Rule: python_analysis)
15 of 27 steps (56%) done
[Sat Jan 24 14:46:48 2026]
Finished jobid: 30 (Rule: python_analysis)
16 of 27 steps (59%) done
Execute 2 jobs...
[Sat Jan 24 14:46:48 2026]
localrule python_analysis:
    input: /Users/smgroves/Documents/GitHub/VCell_Analysis/5_vcell_to_ch/output/01_16_2026/CPC_all_11_26_25_metacentric_relaxed_MCF10A_chr19_PMP1_100_/CPC_all_11_26_25_metacentric_relaxed_MCF10A_chr19_PMP1_100_144x144__16max_5.0minfinal_phi.csv, /Users/smgroves/Documents/GitHub/VCell_Analysis/5_vcell_to_ch/output/01_16_2026/CPC_all_11_26_25_metacentric_relaxed_MCF10A_chr19_PMP1_100_/CPC_all_11_26_25_metacentric_relaxed_MCF10A_chr19_PMP1_100_144x144__16max_5.0minphi.csv, /Users/smgroves/Documents/GitHub/VCell_Analysis/5_vcell_to_ch/int/CPC_all_11_26_25_metacentric_relaxed_MCF10A_chr19_PMP1_100_/CPC_all_11_26_25_metacentric_relaxed_MCF10A_chr19_PMP1_100_144x144__16max_5.0minradius_data.csv, /Users/smgroves/Documents/GitHub/VCell_Analysis/5_vcell_to_ch/output/01_16_2026/CPC_all_11_26_25_metacentric_relaxed_MCF10A_chr19_PMP1_100_/CPC_all_11_26_25_metacentric_relaxed_MCF10A_chr19_PMP1_100_144x144__16max_5.0minmovie.mp4
    output: /Users/smgroves/Documents/GitHub/VCell_Analysis/5_vcell_to_ch/int/CPC_all_11_26_25_metacentric_relaxed_MCF10A_chr19_PMP1_100_/CPC_all_11_26_25_metacentric_relaxed_MCF10A_chr19_PMP1_100_144x144__16max_5.0minanalysis_plots.npz
    jobid: 48
    reason: Forced execution
    wildcards: simulation=CPC_all_11_26_25_metacentric_relaxed_MCF10A_chr19_PMP1_100_144x144__16max_5.0min
    resources: tmpdir=/var/folders/qg/8dr16mq572j_ksgn8_d2g59h0000gn/T
[Sat Jan 24 14:46:48 2026]
localrule python_analysis:
    input: /Users/smgroves/Documents/GitHub/VCell_Analysis/5_vcell_to_ch/output/01_16_2026/CPC_all_11_26_25_metacentric_relaxed_MCF10A_chr19_PMP1_100_/CPC_all_11_26_25_metacentric_relaxed_MCF10A_chr19_PMP1_100_144x144__12max_4.9minfinal_phi.csv, /Users/smgroves/Documents/GitHub/VCell_Analysis/5_vcell_to_ch/output/01_16_2026/CPC_all_11_26_25_metacentric_relaxed_MCF10A_chr19_PMP1_100_/CPC_all_11_26_25_metacentric_relaxed_MCF10A_chr19_PMP1_100_144x144__12max_4.9minphi.csv, /Users/smgroves/Documents/GitHub/VCell_Analysis/5_vcell_to_ch/int/CPC_all_11_26_25_metacentric_relaxed_MCF10A_chr19_PMP1_100_/CPC_all_11_26_25_metacentric_relaxed_MCF10A_chr19_PMP1_100_144x144__12max_4.9minradius_data.csv, /Users/smgroves/Documents/GitHub/VCell_Analysis/5_vcell_to_ch/output/01_16_2026/CPC_all_11_26_25_metacentric_relaxed_MCF10A_chr19_PMP1_100_/CPC_all_11_26_25_metacentric_relaxed_MCF10A_chr19_PMP1_100_144x144__12max_4.9minmovie.mp4
    output: /Users/smgroves/Documents/GitHub/VCell_Analysis/5_vcell_to_ch/int/CPC_all_11_26_25_metacentric_relaxed_MCF10A_chr19_PMP1_100_/CPC_all_11_26_25_metacentric_relaxed_MCF10A_chr19_PMP1_100_144x144__12max_4.9minanalysis_plots.npz
    jobid: 34
    reason: Forced execution
    wildcards: simulation=CPC_all_11_26_25_metacentric_relaxed_MCF10A_chr19_PMP1_100_144x144__12max_4.9min
    resources: tmpdir=/var/folders/qg/8dr16mq572j_ksgn8_d2g59h0000gn/T
Select jobs to execute...
[Sat Jan 24 14:46:51 2026]
Finished jobid: 48 (Rule: python_analysis)
17 of 27 steps (63%) done
Execute 1 jobs...
[Sat Jan 24 14:46:51 2026]
localrule python_analysis:
    input: /Users/smgroves/Documents/GitHub/VCell_Analysis/5_vcell_to_ch/output/01_16_2026/CPC_all_11_26_25_metacentric_relaxed_MCF10A_chr19_PMP1_100_/CPC_all_11_26_25_metacentric_relaxed_MCF10A_chr19_PMP1_100_144x144__17max_4.9minfinal_phi.csv, /Users/smgroves/Documents/GitHub/VCell_Analysis/5_vcell_to_ch/output/01_16_2026/CPC_all_11_26_25_metacentric_relaxed_MCF10A_chr19_PMP1_100_/CPC_all_11_26_25_metacentric_relaxed_MCF10A_chr19_PMP1_100_144x144__17max_4.9minphi.csv, /Users/smgroves/Documents/GitHub/VCell_Analysis/5_vcell_to_ch/int/CPC_all_11_26_25_metacentric_relaxed_MCF10A_chr19_PMP1_100_/CPC_all_11_26_25_metacentric_relaxed_MCF10A_chr19_PMP1_100_144x144__17max_4.9minradius_data.csv, /Users/smgroves/Documents/GitHub/VCell_Analysis/5_vcell_to_ch/output/01_16_2026/CPC_all_11_26_25_metacentric_relaxed_MCF10A_chr19_PMP1_100_/CPC_all_11_26_25_metacentric_relaxed_MCF10A_chr19_PMP1_100_144x144__17max_4.9minmovie.mp4
    output: /Users/smgroves/Documents/GitHub/VCell_Analysis/5_vcell_to_ch/int/CPC_all_11_26_25_metacentric_relaxed_MCF10A_chr19_PMP1_100_/CPC_all_11_26_25_metacentric_relaxed_MCF10A_chr19_PMP1_100_144x144__17max_4.9minanalysis_plots.npz
    jobid: 44
    reason: Forced execution
    wildcards: simulation=CPC_all_11_26_25_metacentric_relaxed_MCF10A_chr19_PMP1_100_144x144__17max_4.9min
    resources: tmpdir=/var/folders/qg/8dr16mq572j_ksgn8_d2g59h0000gn/T
[Sat Jan 24 14:46:51 2026]
Finished jobid: 34 (Rule: python_analysis)
18 of 27 steps (67%) done
Select jobs to execute...
Execute 1 jobs...
[Sat Jan 24 14:46:51 2026]
localrule python_analysis:
    input: /Users/smgroves/Documents/GitHub/VCell_Analysis/5_vcell_to_ch/output/01_16_2026/CPC_all_11_26_25_metacentric_relaxed_MCF10A_chr19_PMP1_100_/CPC_all_11_26_25_metacentric_relaxed_MCF10A_chr19_PMP1_100_144x144__14max_4.5minfinal_phi.csv, /Users/smgroves/Documents/GitHub/VCell_Analysis/5_vcell_to_ch/output/01_16_2026/CPC_all_11_26_25_metacentric_relaxed_MCF10A_chr19_PMP1_100_/CPC_all_11_26_25_metacentric_relaxed_MCF10A_chr19_PMP1_100_144x144__14max_4.5minphi.csv, /Users/smgroves/Documents/GitHub/VCell_Analysis/5_vcell_to_ch/int/CPC_all_11_26_25_metacentric_relaxed_MCF10A_chr19_PMP1_100_/CPC_all_11_26_25_metacentric_relaxed_MCF10A_chr19_PMP1_100_144x144__14max_4.5minradius_data.csv, /Users/smgroves/Documents/GitHub/VCell_Analysis/5_vcell_to_ch/output/01_16_2026/CPC_all_11_26_25_metacentric_relaxed_MCF10A_chr19_PMP1_100_/CPC_all_11_26_25_metacentric_relaxed_MCF10A_chr19_PMP1_100_144x144__14max_4.5minmovie.mp4
    output: /Users/smgroves/Documents/GitHub/VCell_Analysis/5_vcell_to_ch/int/CPC_all_11_26_25_metacentric_relaxed_MCF10A_chr19_PMP1_100_/CPC_all_11_26_25_metacentric_relaxed_MCF10A_chr19_PMP1_100_144x144__14max_4.5minanalysis_plots.npz
    jobid: 46
    reason: Forced execution
    wildcards: simulation=CPC_all_11_26_25_metacentric_relaxed_MCF10A_chr19_PMP1_100_144x144__14max_4.5min
    resources: tmpdir=/var/folders/qg/8dr16mq572j_ksgn8_d2g59h0000gn/T
Select jobs to execute...
[Sat Jan 24 14:46:53 2026]
Finished jobid: 44 (Rule: python_analysis)
19 of 27 steps (70%) done
Execute 1 jobs...
[Sat Jan 24 14:46:53 2026]
localrule python_analysis:
    input: /Users/smgroves/Documents/GitHub/VCell_Analysis/5_vcell_to_ch/output/01_16_2026/CPC_all_11_26_25_metacentric_relaxed_MCF10A_chr19_PMP1_100_/CPC_all_11_26_25_metacentric_relaxed_MCF10A_chr19_PMP1_100_144x144__12max_4.5minfinal_phi.csv, /Users/smgroves/Documents/GitHub/VCell_Analysis/5_vcell_to_ch/output/01_16_2026/CPC_all_11_26_25_metacentric_relaxed_MCF10A_chr19_PMP1_100_/CPC_all_11_26_25_metacentric_relaxed_MCF10A_chr19_PMP1_100_144x144__12max_4.5minphi.csv, /Users/smgroves/Documents/GitHub/VCell_Analysis/5_vcell_to_ch/int/CPC_all_11_26_25_metacentric_relaxed_MCF10A_chr19_PMP1_100_/CPC_all_11_26_25_metacentric_relaxed_MCF10A_chr19_PMP1_100_144x144__12max_4.5minradius_data.csv, /Users/smgroves/Documents/GitHub/VCell_Analysis/5_vcell_to_ch/output/01_16_2026/CPC_all_11_26_25_metacentric_relaxed_MCF10A_chr19_PMP1_100_/CPC_all_11_26_25_metacentric_relaxed_MCF10A_chr19_PMP1_100_144x144__12max_4.5minmovie.mp4
    output: /Users/smgroves/Documents/GitHub/VCell_Analysis/5_vcell_to_ch/int/CPC_all_11_26_25_metacentric_relaxed_MCF10A_chr19_PMP1_100_/CPC_all_11_26_25_metacentric_relaxed_MCF10A_chr19_PMP1_100_144x144__12max_4.5minanalysis_plots.npz
    jobid: 28
    reason: Forced execution
    wildcards: simulation=CPC_all_11_26_25_metacentric_relaxed_MCF10A_chr19_PMP1_100_144x144__12max_4.5min
    resources: tmpdir=/var/folders/qg/8dr16mq572j_ksgn8_d2g59h0000gn/T
Select jobs to execute...
[Sat Jan 24 14:46:53 2026]
Finished jobid: 46 (Rule: python_analysis)
20 of 27 steps (74%) done
Execute 1 jobs...
[Sat Jan 24 14:46:53 2026]
localrule python_analysis:
    input: /Users/smgroves/Documents/GitHub/VCell_Analysis/5_vcell_to_ch/output/01_16_2026/CPC_all_11_26_25_metacentric_relaxed_MCF10A_chr19_PMP1_100_/CPC_all_11_26_25_metacentric_relaxed_MCF10A_chr19_PMP1_100_144x144__14max_4.75minfinal_phi.csv, /Users/smgroves/Documents/GitHub/VCell_Analysis/5_vcell_to_ch/output/01_16_2026/CPC_all_11_26_25_metacentric_relaxed_MCF10A_chr19_PMP1_100_/CPC_all_11_26_25_metacentric_relaxed_MCF10A_chr19_PMP1_100_144x144__14max_4.75minphi.csv, /Users/smgroves/Documents/GitHub/VCell_Analysis/5_vcell_to_ch/int/CPC_all_11_26_25_metacentric_relaxed_MCF10A_chr19_PMP1_100_/CPC_all_11_26_25_metacentric_relaxed_MCF10A_chr19_PMP1_100_144x144__14max_4.75minradius_data.csv, /Users/smgroves/Documents/GitHub/VCell_Analysis/5_vcell_to_ch/output/01_16_2026/CPC_all_11_26_25_metacentric_relaxed_MCF10A_chr19_PMP1_100_/CPC_all_11_26_25_metacentric_relaxed_MCF10A_chr19_PMP1_100_144x144__14max_4.75minmovie.mp4
    output: /Users/smgroves/Documents/GitHub/VCell_Analysis/5_vcell_to_ch/int/CPC_all_11_26_25_metacentric_relaxed_MCF10A_chr19_PMP1_100_/CPC_all_11_26_25_metacentric_relaxed_MCF10A_chr19_PMP1_100_144x144__14max_4.75minanalysis_plots.npz
    jobid: 6
    reason: Forced execution
    wildcards: simulation=CPC_all_11_26_25_metacentric_relaxed_MCF10A_chr19_PMP1_100_144x144__14max_4.75min
    resources: tmpdir=/var/folders/qg/8dr16mq572j_ksgn8_d2g59h0000gn/T
Select jobs to execute...
[Sat Jan 24 14:46:56 2026]
Finished jobid: 6 (Rule: python_analysis)
21 of 27 steps (78%) done
Execute 1 jobs...
[Sat Jan 24 14:46:56 2026]
localrule python_analysis:
    input: /Users/smgroves/Documents/GitHub/VCell_Analysis/5_vcell_to_ch/output/01_16_2026/CPC_all_11_26_25_metacentric_relaxed_MCF10A_chr19_PMP1_100_/CPC_all_11_26_25_metacentric_relaxed_MCF10A_chr19_PMP1_100_144x144__16max_4.25minfinal_phi.csv, /Users/smgroves/Documents/GitHub/VCell_Analysis/5_vcell_to_ch/output/01_16_2026/CPC_all_11_26_25_metacentric_relaxed_MCF10A_chr19_PMP1_100_/CPC_all_11_26_25_metacentric_relaxed_MCF10A_chr19_PMP1_100_144x144__16max_4.25minphi.csv, /Users/smgroves/Documents/GitHub/VCell_Analysis/5_vcell_to_ch/int/CPC_all_11_26_25_metacentric_relaxed_MCF10A_chr19_PMP1_100_/CPC_all_11_26_25_metacentric_relaxed_MCF10A_chr19_PMP1_100_144x144__16max_4.25minradius_data.csv, /Users/smgroves/Documents/GitHub/VCell_Analysis/5_vcell_to_ch/output/01_16_2026/CPC_all_11_26_25_metacentric_relaxed_MCF10A_chr19_PMP1_100_/CPC_all_11_26_25_metacentric_relaxed_MCF10A_chr19_PMP1_100_144x144__16max_4.25minmovie.mp4
    output: /Users/smgroves/Documents/GitHub/VCell_Analysis/5_vcell_to_ch/int/CPC_all_11_26_25_metacentric_relaxed_MCF10A_chr19_PMP1_100_/CPC_all_11_26_25_metacentric_relaxed_MCF10A_chr19_PMP1_100_144x144__16max_4.25minanalysis_plots.npz
    jobid: 42
    reason: Forced execution
    wildcards: simulation=CPC_all_11_26_25_metacentric_relaxed_MCF10A_chr19_PMP1_100_144x144__16max_4.25min
    resources: tmpdir=/var/folders/qg/8dr16mq572j_ksgn8_d2g59h0000gn/T
[Sat Jan 24 14:46:56 2026]
Finished jobid: 28 (Rule: python_analysis)
22 of 27 steps (81%) done
Select jobs to execute...
Execute 1 jobs...
[Sat Jan 24 14:46:56 2026]
localrule python_analysis:
    input: /Users/smgroves/Documents/GitHub/VCell_Analysis/5_vcell_to_ch/output/01_16_2026/CPC_all_11_26_25_metacentric_relaxed_MCF10A_chr19_PMP1_100_/CPC_all_11_26_25_metacentric_relaxed_MCF10A_chr19_PMP1_100_144x144__13max_4.9minfinal_phi.csv, /Users/smgroves/Documents/GitHub/VCell_Analysis/5_vcell_to_ch/output/01_16_2026/CPC_all_11_26_25_metacentric_relaxed_MCF10A_chr19_PMP1_100_/CPC_all_11_26_25_metacentric_relaxed_MCF10A_chr19_PMP1_100_144x144__13max_4.9minphi.csv, /Users/smgroves/Documents/GitHub/VCell_Analysis/5_vcell_to_ch/int/CPC_all_11_26_25_metacentric_relaxed_MCF10A_chr19_PMP1_100_/CPC_all_11_26_25_metacentric_relaxed_MCF10A_chr19_PMP1_100_144x144__13max_4.9minradius_data.csv, /Users/smgroves/Documents/GitHub/VCell_Analysis/5_vcell_to_ch/output/01_16_2026/CPC_all_11_26_25_metacentric_relaxed_MCF10A_chr19_PMP1_100_/CPC_all_11_26_25_metacentric_relaxed_MCF10A_chr19_PMP1_100_144x144__13max_4.9minmovie.mp4
    output: /Users/smgroves/Documents/GitHub/VCell_Analysis/5_vcell_to_ch/int/CPC_all_11_26_25_metacentric_relaxed_MCF10A_chr19_PMP1_100_/CPC_all_11_26_25_metacentric_relaxed_MCF10A_chr19_PMP1_100_144x144__13max_4.9minanalysis_plots.npz
    jobid: 20
    reason: Forced execution
    wildcards: simulation=CPC_all_11_26_25_metacentric_relaxed_MCF10A_chr19_PMP1_100_144x144__13max_4.9min
    resources: tmpdir=/var/folders/qg/8dr16mq572j_ksgn8_d2g59h0000gn/T
Select jobs to execute...
[Sat Jan 24 14:46:58 2026]
Finished jobid: 20 (Rule: python_analysis)
23 of 27 steps (85%) done
Execute 1 jobs...
[Sat Jan 24 14:46:58 2026]
localrule python_analysis:
    input: /Users/smgroves/Documents/GitHub/VCell_Analysis/5_vcell_to_ch/output/01_16_2026/CPC_all_11_26_25_metacentric_relaxed_MCF10A_chr19_PMP1_100_/CPC_all_11_26_25_metacentric_relaxed_MCF10A_chr19_PMP1_100_144x144__15max_4.9minfinal_phi.csv, /Users/smgroves/Documents/GitHub/VCell_Analysis/5_vcell_to_ch/output/01_16_2026/CPC_all_11_26_25_metacentric_relaxed_MCF10A_chr19_PMP1_100_/CPC_all_11_26_25_metacentric_relaxed_MCF10A_chr19_PMP1_100_144x144__15max_4.9minphi.csv, /Users/smgroves/Documents/GitHub/VCell_Analysis/5_vcell_to_ch/int/CPC_all_11_26_25_metacentric_relaxed_MCF10A_chr19_PMP1_100_/CPC_all_11_26_25_metacentric_relaxed_MCF10A_chr19_PMP1_100_144x144__15max_4.9minradius_data.csv, /Users/smgroves/Documents/GitHub/VCell_Analysis/5_vcell_to_ch/output/01_16_2026/CPC_all_11_26_25_metacentric_relaxed_MCF10A_chr19_PMP1_100_/CPC_all_11_26_25_metacentric_relaxed_MCF10A_chr19_PMP1_100_144x144__15max_4.9minmovie.mp4
    output: /Users/smgroves/Documents/GitHub/VCell_Analysis/5_vcell_to_ch/int/CPC_all_11_26_25_metacentric_relaxed_MCF10A_chr19_PMP1_100_/CPC_all_11_26_25_metacentric_relaxed_MCF10A_chr19_PMP1_100_144x144__15max_4.9minanalysis_plots.npz
    jobid: 16
    reason: Forced execution
    wildcards: simulation=CPC_all_11_26_25_metacentric_relaxed_MCF10A_chr19_PMP1_100_144x144__15max_4.9min
    resources: tmpdir=/var/folders/qg/8dr16mq572j_ksgn8_d2g59h0000gn/T
[Sat Jan 24 14:46:58 2026]
Finished jobid: 42 (Rule: python_analysis)
24 of 27 steps (89%) done
[Sat Jan 24 14:47:00 2026]
Finished jobid: 16 (Rule: python_analysis)
25 of 27 steps (93%) done
Select jobs to execute...
Execute 1 jobs...
[Sat Jan 24 14:47:00 2026]
localrule combine_pdfs:
    input: /Users/smgroves/Documents/GitHub/VCell_Analysis/5_vcell_to_ch/int/CPC_all_11_26_25_metacentric_relaxed_MCF10A_chr19_PMP1_100_/CPC_all_11_26_25_metacentric_relaxed_MCF10A_chr19_PMP1_100_144x144__16max_4.9minanalysis_plots.npz, /Users/smgroves/Documents/GitHub/VCell_Analysis/5_vcell_to_ch/int/CPC_all_11_26_25_metacentric_relaxed_MCF10A_chr19_PMP1_100_/CPC_all_11_26_25_metacentric_relaxed_MCF10A_chr19_PMP1_100_144x144__16max_4.75minanalysis_plots.npz, /Users/smgroves/Documents/GitHub/VCell_Analysis/5_vcell_to_ch/int/CPC_all_11_26_25_metacentric_relaxed_MCF10A_chr19_PMP1_100_/CPC_all_11_26_25_metacentric_relaxed_MCF10A_chr19_PMP1_100_144x144__14max_4.75minanalysis_plots.npz, /Users/smgroves/Documents/GitHub/VCell_Analysis/5_vcell_to_ch/int/CPC_all_11_26_25_metacentric_relaxed_MCF10A_chr19_PMP1_100_/CPC_all_11_26_25_metacentric_relaxed_MCF10A_chr19_PMP1_100_144x144__12max_4.75minanalysis_plots.npz, /Users/smgroves/Documents/GitHub/VCell_Analysis/5_vcell_to_ch/int/CPC_all_11_26_25_metacentric_relaxed_MCF10A_chr19_PMP1_100_/CPC_all_11_26_25_metacentric_relaxed_MCF10A_chr19_PMP1_100_144x144__16max_4.5minanalysis_plots.npz, /Users/smgroves/Documents/GitHub/VCell_Analysis/5_vcell_to_ch/int/CPC_all_11_26_25_metacentric_relaxed_MCF10A_chr19_PMP1_100_/CPC_all_11_26_25_metacentric_relaxed_MCF10A_chr19_PMP1_100_144x144__14max_5.0minanalysis_plots.npz, /Users/smgroves/Documents/GitHub/VCell_Analysis/5_vcell_to_ch/int/CPC_all_11_26_25_metacentric_relaxed_MCF10A_chr19_PMP1_100_/CPC_all_11_26_25_metacentric_relaxed_MCF10A_chr19_PMP1_100_144x144__10max_4.75minanalysis_plots.npz, /Users/smgroves/Documents/GitHub/VCell_Analysis/5_vcell_to_ch/int/CPC_all_11_26_25_metacentric_relaxed_MCF10A_chr19_PMP1_100_/CPC_all_11_26_25_metacentric_relaxed_MCF10A_chr19_PMP1_100_144x144__15max_4.9minanalysis_plots.npz, /Users/smgroves/Documents/GitHub/VCell_Analysis/5_vcell_to_ch/int/CPC_all_11_26_25_metacentric_relaxed_MCF10A_chr19_PMP1_100_/CPC_all_11_26_25_metacentric_relaxed_MCF10A_chr19_PMP1_100_144x144__18max_4.9minanalysis_plots.npz, /Users/smgroves/Documents/GitHub/VCell_Analysis/5_vcell_to_ch/int/CPC_all_11_26_25_metacentric_relaxed_MCF10A_chr19_PMP1_100_/CPC_all_11_26_25_metacentric_relaxed_MCF10A_chr19_PMP1_100_144x144__13max_4.9minanalysis_plots.npz, /Users/smgroves/Documents/GitHub/VCell_Analysis/5_vcell_to_ch/int/CPC_all_11_26_25_metacentric_relaxed_MCF10A_chr19_PMP1_100_/CPC_all_11_26_25_metacentric_relaxed_MCF10A_chr19_PMP1_100_144x144__10max_4.5minanalysis_plots.npz, /Users/smgroves/Documents/GitHub/VCell_Analysis/5_vcell_to_ch/int/CPC_all_11_26_25_metacentric_relaxed_MCF10A_chr19_PMP1_100_/CPC_all_11_26_25_metacentric_relaxed_MCF10A_chr19_PMP1_100_144x144__12max_5.0minanalysis_plots.npz, /Users/smgroves/Documents/GitHub/VCell_Analysis/5_vcell_to_ch/int/CPC_all_11_26_25_metacentric_relaxed_MCF10A_chr19_PMP1_100_/CPC_all_11_26_25_metacentric_relaxed_MCF10A_chr19_PMP1_100_144x144__10max_4.9minanalysis_plots.npz, /Users/smgroves/Documents/GitHub/VCell_Analysis/5_vcell_to_ch/int/CPC_all_11_26_25_metacentric_relaxed_MCF10A_chr19_PMP1_100_/CPC_all_11_26_25_metacentric_relaxed_MCF10A_chr19_PMP1_100_144x144__12max_4.5minanalysis_plots.npz, /Users/smgroves/Documents/GitHub/VCell_Analysis/5_vcell_to_ch/int/CPC_all_11_26_25_metacentric_relaxed_MCF10A_chr19_PMP1_100_/CPC_all_11_26_25_metacentric_relaxed_MCF10A_chr19_PMP1_100_144x144__10max_5.0minanalysis_plots.npz, /Users/smgroves/Documents/GitHub/VCell_Analysis/5_vcell_to_ch/int/CPC_all_11_26_25_metacentric_relaxed_MCF10A_chr19_PMP1_100_/CPC_all_11_26_25_metacentric_relaxed_MCF10A_chr19_PMP1_100_144x144__11max_4.9minanalysis_plots.npz, /Users/smgroves/Documents/GitHub/VCell_Analysis/5_vcell_to_ch/int/CPC_all_11_26_25_metacentric_relaxed_MCF10A_chr19_PMP1_100_/CPC_all_11_26_25_metacentric_relaxed_MCF10A_chr19_PMP1_100_144x144__12max_4.9minanalysis_plots.npz, /Users/smgroves/Documents/GitHub/VCell_Analysis/5_vcell_to_ch/int/CPC_all_11_26_25_metacentric_relaxed_MCF10A_chr19_PMP1_100_/CPC_all_11_26_25_metacentric_relaxed_MCF10A_chr19_PMP1_100_144x144__12max_4.25minanalysis_plots.npz, /Users/smgroves/Documents/GitHub/VCell_Analysis/5_vcell_to_ch/int/CPC_all_11_26_25_metacentric_relaxed_MCF10A_chr19_PMP1_100_/CPC_all_11_26_25_metacentric_relaxed_MCF10A_chr19_PMP1_100_144x144__10max_4.25minanalysis_plots.npz, /Users/smgroves/Documents/GitHub/VCell_Analysis/5_vcell_to_ch/int/CPC_all_11_26_25_metacentric_relaxed_MCF10A_chr19_PMP1_100_/CPC_all_11_26_25_metacentric_relaxed_MCF10A_chr19_PMP1_100_144x144__14max_4.9minanalysis_plots.npz, /Users/smgroves/Documents/GitHub/VCell_Analysis/5_vcell_to_ch/int/CPC_all_11_26_25_metacentric_relaxed_MCF10A_chr19_PMP1_100_/CPC_all_11_26_25_metacentric_relaxed_MCF10A_chr19_PMP1_100_144x144__16max_4.25minanalysis_plots.npz, /Users/smgroves/Documents/GitHub/VCell_Analysis/5_vcell_to_ch/int/CPC_all_11_26_25_metacentric_relaxed_MCF10A_chr19_PMP1_100_/CPC_all_11_26_25_metacentric_relaxed_MCF10A_chr19_PMP1_100_144x144__17max_4.9minanalysis_plots.npz, /Users/smgroves/Documents/GitHub/VCell_Analysis/5_vcell_to_ch/int/CPC_all_11_26_25_metacentric_relaxed_MCF10A_chr19_PMP1_100_/CPC_all_11_26_25_metacentric_relaxed_MCF10A_chr19_PMP1_100_144x144__14max_4.5minanalysis_plots.npz, /Users/smgroves/Documents/GitHub/VCell_Analysis/5_vcell_to_ch/int/CPC_all_11_26_25_metacentric_relaxed_MCF10A_chr19_PMP1_100_/CPC_all_11_26_25_metacentric_relaxed_MCF10A_chr19_PMP1_100_144x144__16max_5.0minanalysis_plots.npz, /Users/smgroves/Documents/GitHub/VCell_Analysis/5_vcell_to_ch/int/CPC_all_11_26_25_metacentric_relaxed_MCF10A_chr19_PMP1_100_/CPC_all_11_26_25_metacentric_relaxed_MCF10A_chr19_PMP1_100_144x144__14max_4.25minanalysis_plots.npz
    output: /Users/smgroves/Documents/GitHub/VCell_Analysis/5_vcell_to_ch/generate_plot_pdf/CPC_all_11_26_25_metacentric_relaxed_MCF10A_chr19_PMP1_100__analysis.pdf
    jobid: 1
    reason: Input files updated by another job: /Users/smgroves/Documents/GitHub/VCell_Analysis/5_vcell_to_ch/int/CPC_all_11_26_25_metacentric_relaxed_MCF10A_chr19_PMP1_100_/CPC_all_11_26_25_metacentric_relaxed_MCF10A_chr19_PMP1_100_144x144__15max_4.9minanalysis_plots.npz, /Users/smgroves/Documents/GitHub/VCell_Analysis/5_vcell_to_ch/int/CPC_all_11_26_25_metacentric_relaxed_MCF10A_chr19_PMP1_100_/CPC_all_11_26_25_metacentric_relaxed_MCF10A_chr19_PMP1_100_144x144__13max_4.9minanalysis_plots.npz, /Users/smgroves/Documents/GitHub/VCell_Analysis/5_vcell_to_ch/int/CPC_all_11_26_25_metacentric_relaxed_MCF10A_chr19_PMP1_100_/CPC_all_11_26_25_metacentric_relaxed_MCF10A_chr19_PMP1_100_144x144__10max_4.9minanalysis_plots.npz, /Users/smgroves/Documents/GitHub/VCell_Analysis/5_vcell_to_ch/int/CPC_all_11_26_25_metacentric_relaxed_MCF10A_chr19_PMP1_100_/CPC_all_11_26_25_metacentric_relaxed_MCF10A_chr19_PMP1_100_144x144__10max_4.25minanalysis_plots.npz, /Users/smgroves/Documents/GitHub/VCell_Analysis/5_vcell_to_ch/int/CPC_all_11_26_25_metacentric_relaxed_MCF10A_chr19_PMP1_100_/CPC_all_11_26_25_metacentric_relaxed_MCF10A_chr19_PMP1_100_144x144__14max_4.75minanalysis_plots.npz, /Users/smgroves/Documents/GitHub/VCell_Analysis/5_vcell_to_ch/int/CPC_all_11_26_25_metacentric_relaxed_MCF10A_chr19_PMP1_100_/CPC_all_11_26_25_metacentric_relaxed_MCF10A_chr19_PMP1_100_144x144__12max_4.9minanalysis_plots.npz, /Users/smgroves/Documents/GitHub/VCell_Analysis/5_vcell_to_ch/int/CPC_all_11_26_25_metacentric_relaxed_MCF10A_chr19_PMP1_100_/CPC_all_11_26_25_metacentric_relaxed_MCF10A_chr19_PMP1_100_144x144__16max_4.25minanalysis_plots.npz, /Users/smgroves/Documents/GitHub/VCell_Analysis/5_vcell_to_ch/int/CPC_all_11_26_25_metacentric_relaxed_MCF10A_chr19_PMP1_100_/CPC_all_11_26_25_metacentric_relaxed_MCF10A_chr19_PMP1_100_144x144__11max_4.9minanalysis_plots.npz, /Users/smgroves/Documents/GitHub/VCell_Analysis/5_vcell_to_ch/int/CPC_all_11_26_25_metacentric_relaxed_MCF10A_chr19_PMP1_100_/CPC_all_11_26_25_metacentric_relaxed_MCF10A_chr19_PMP1_100_144x144__16max_5.0minanalysis_plots.npz, /Users/smgroves/Documents/GitHub/VCell_Analysis/5_vcell_to_ch/int/CPC_all_11_26_25_metacentric_relaxed_MCF10A_chr19_PMP1_100_/CPC_all_11_26_25_metacentric_relaxed_MCF10A_chr19_PMP1_100_144x144__16max_4.75minanalysis_plots.npz, /Users/smgroves/Documents/GitHub/VCell_Analysis/5_vcell_to_ch/int/CPC_all_11_26_25_metacentric_relaxed_MCF10A_chr19_PMP1_100_/CPC_all_11_26_25_metacentric_relaxed_MCF10A_chr19_PMP1_100_144x144__10max_4.75minanalysis_plots.npz, /Users/smgroves/Documents/GitHub/VCell_Analysis/5_vcell_to_ch/int/CPC_all_11_26_25_metacentric_relaxed_MCF10A_chr19_PMP1_100_/CPC_all_11_26_25_metacentric_relaxed_MCF10A_chr19_PMP1_100_144x144__14max_4.25minanalysis_plots.npz, /Users/smgroves/Documents/GitHub/VCell_Analysis/5_vcell_to_ch/int/CPC_all_11_26_25_metacentric_relaxed_MCF10A_chr19_PMP1_100_/CPC_all_11_26_25_metacentric_relaxed_MCF10A_chr19_PMP1_100_144x144__14max_4.5minanalysis_plots.npz, /Users/smgroves/Documents/GitHub/VCell_Analysis/5_vcell_to_ch/int/CPC_all_11_26_25_metacentric_relaxed_MCF10A_chr19_PMP1_100_/CPC_all_11_26_25_metacentric_relaxed_MCF10A_chr19_PMP1_100_144x144__17max_4.9minanalysis_plots.npz, /Users/smgroves/Documents/GitHub/VCell_Analysis/5_vcell_to_ch/int/CPC_all_11_26_25_metacentric_relaxed_MCF10A_chr19_PMP1_100_/CPC_all_11_26_25_metacentric_relaxed_MCF10A_chr19_PMP1_100_144x144__12max_4.25minanalysis_plots.npz, /Users/smgroves/Documents/GitHub/VCell_Analysis/5_vcell_to_ch/int/CPC_all_11_26_25_metacentric_relaxed_MCF10A_chr19_PMP1_100_/CPC_all_11_26_25_metacentric_relaxed_MCF10A_chr19_PMP1_100_144x144__14max_4.9minanalysis_plots.npz, /Users/smgroves/Documents/GitHub/VCell_Analysis/5_vcell_to_ch/int/CPC_all_11_26_25_metacentric_relaxed_MCF10A_chr19_PMP1_100_/CPC_all_11_26_25_metacentric_relaxed_MCF10A_chr19_PMP1_100_144x144__12max_4.5minanalysis_plots.npz, /Users/smgroves/Documents/GitHub/VCell_Analysis/5_vcell_to_ch/int/CPC_all_11_26_25_metacentric_relaxed_MCF10A_chr19_PMP1_100_/CPC_all_11_26_25_metacentric_relaxed_MCF10A_chr19_PMP1_100_144x144__16max_4.5minanalysis_plots.npz, /Users/smgroves/Documents/GitHub/VCell_Analysis/5_vcell_to_ch/int/CPC_all_11_26_25_metacentric_relaxed_MCF10A_chr19_PMP1_100_/CPC_all_11_26_25_metacentric_relaxed_MCF10A_chr19_PMP1_100_144x144__10max_5.0minanalysis_plots.npz, /Users/smgroves/Documents/GitHub/VCell_Analysis/5_vcell_to_ch/int/CPC_all_11_26_25_metacentric_relaxed_MCF10A_chr19_PMP1_100_/CPC_all_11_26_25_metacentric_relaxed_MCF10A_chr19_PMP1_100_144x144__12max_4.75minanalysis_plots.npz, /Users/smgroves/Documents/GitHub/VCell_Analysis/5_vcell_to_ch/int/CPC_all_11_26_25_metacentric_relaxed_MCF10A_chr19_PMP1_100_/CPC_all_11_26_25_metacentric_relaxed_MCF10A_chr19_PMP1_100_144x144__18max_4.9minanalysis_plots.npz, /Users/smgroves/Documents/GitHub/VCell_Analysis/5_vcell_to_ch/int/CPC_all_11_26_25_metacentric_relaxed_MCF10A_chr19_PMP1_100_/CPC_all_11_26_25_metacentric_relaxed_MCF10A_chr19_PMP1_100_144x144__14max_5.0minanalysis_plots.npz, /Users/smgroves/Documents/GitHub/VCell_Analysis/5_vcell_to_ch/int/CPC_all_11_26_25_metacentric_relaxed_MCF10A_chr19_PMP1_100_/CPC_all_11_26_25_metacentric_relaxed_MCF10A_chr19_PMP1_100_144x144__16max_4.9minanalysis_plots.npz, /Users/smgroves/Documents/GitHub/VCell_Analysis/5_vcell_to_ch/int/CPC_all_11_26_25_metacentric_relaxed_MCF10A_chr19_PMP1_100_/CPC_all_11_26_25_metacentric_relaxed_MCF10A_chr19_PMP1_100_144x144__10max_4.5minanalysis_plots.npz, /Users/smgroves/Documents/GitHub/VCell_Analysis/5_vcell_to_ch/int/CPC_all_11_26_25_metacentric_relaxed_MCF10A_chr19_PMP1_100_/CPC_all_11_26_25_metacentric_relaxed_MCF10A_chr19_PMP1_100_144x144__12max_5.0minanalysis_plots.npz
    resources: tmpdir=/var/folders/qg/8dr16mq572j_ksgn8_d2g59h0000gn/T
[Sat Jan 24 14:47:08 2026]
Finished jobid: 1 (Rule: combine_pdfs)
26 of 27 steps (96%) done
Select jobs to execute...
Execute 1 jobs...
[Sat Jan 24 14:47:08 2026]
localrule all:
    input: /Users/smgroves/Documents/GitHub/VCell_Analysis/5_vcell_to_ch/generate_plot_pdf/CPC_all_11_26_25_metacentric_relaxed_MCF10A_chr19_PMP1_100__analysis.pdf
    jobid: 0
    reason: Input files updated by another job: /Users/smgroves/Documents/GitHub/VCell_Analysis/5_vcell_to_ch/generate_plot_pdf/CPC_all_11_26_25_metacentric_relaxed_MCF10A_chr19_PMP1_100__analysis.pdf
    resources: tmpdir=/var/folders/qg/8dr16mq572j_ksgn8_d2g59h0000gn/T
[Sat Jan 24 14:47:08 2026]
Finished jobid: 0 (Rule: all)
27 of 27 steps (100%) done
Complete log(s): /Users/smgroves/Documents/Github/VCell_Analysis/5_vcell_to_ch/generate_plot_pdf/.snakemake/log/2026-01-24T144630.978737.snakemake.log
