Assuming unrestricted shared filesystem usage.
host: Sarahs-iMac.local
Building DAG of jobs...
Using shell: /bin/bash
Provided cores: 2
Rules claiming more threads will be scaled down.
Job stats:
job                 count
----------------  -------
all                     1
combine_pdfs            1
matlab_level_set        2
python_analysis         2
total                   6

Select jobs to execute...
Execute 2 jobs...
[Fri Jan 23 14:20:44 2026]
localrule matlab_level_set:
    input: /Users/smgroves/Documents/GitHub/VCell_Analysis/5_vcell_to_ch/output/test_snakemake/CPC_all_11_26_25_metacentric_relaxed_MCF10A_chr19_PMP1_100_144x144__18max_4.9minphi.csv, /Users/smgroves/Documents/GitHub/VCell_Analysis/5_vcell_to_ch/output/test_snakemake/CPC_all_11_26_25_metacentric_relaxed_MCF10A_chr19_PMP1_100_144x144__18max_4.9minmovie.mp4
    output: /Users/smgroves/Documents/GitHub/VCell_Analysis/5_vcell_to_ch/output/test_snakemake/CPC_all_11_26_25_metacentric_relaxed_MCF10A_chr19_PMP1_100_144x144__18max_4.9minradius_data.csv
    jobid: 3
    reason: Forced execution
    wildcards: simulation=CPC_all_11_26_25_metacentric_relaxed_MCF10A_chr19_PMP1_100_144x144__18max_4.9min
    resources: tmpdir=/var/folders/qg/8dr16mq572j_ksgn8_d2g59h0000gn/T
[Fri Jan 23 14:20:44 2026]
localrule matlab_level_set:
    input: /Users/smgroves/Documents/GitHub/VCell_Analysis/5_vcell_to_ch/output/test_snakemake/CPC_all_11_26_25_metacentric_relaxed_MCF10A_chr19_PMP1_100_144x144__17max_4.9minphi.csv, /Users/smgroves/Documents/GitHub/VCell_Analysis/5_vcell_to_ch/output/test_snakemake/CPC_all_11_26_25_metacentric_relaxed_MCF10A_chr19_PMP1_100_144x144__17max_4.9minmovie.mp4
    output: /Users/smgroves/Documents/GitHub/VCell_Analysis/5_vcell_to_ch/output/test_snakemake/CPC_all_11_26_25_metacentric_relaxed_MCF10A_chr19_PMP1_100_144x144__17max_4.9minradius_data.csv
    jobid: 5
    reason: Forced execution
    wildcards: simulation=CPC_all_11_26_25_metacentric_relaxed_MCF10A_chr19_PMP1_100_144x144__17max_4.9min
    resources: tmpdir=/var/folders/qg/8dr16mq572j_ksgn8_d2g59h0000gn/T
[Fri Jan 23 14:20:56 2026]
Finished jobid: 3 (Rule: matlab_level_set)
1 of 6 steps (17%) done
Select jobs to execute...
Execute 1 jobs...
[Fri Jan 23 14:20:56 2026]
localrule python_analysis:
    input: /Users/smgroves/Documents/GitHub/VCell_Analysis/5_vcell_to_ch/output/test_snakemake/CPC_all_11_26_25_metacentric_relaxed_MCF10A_chr19_PMP1_100_144x144__18max_4.9minfinal_phi.csv, /Users/smgroves/Documents/GitHub/VCell_Analysis/5_vcell_to_ch/output/test_snakemake/CPC_all_11_26_25_metacentric_relaxed_MCF10A_chr19_PMP1_100_144x144__18max_4.9minphi.csv, /Users/smgroves/Documents/GitHub/VCell_Analysis/5_vcell_to_ch/output/test_snakemake/CPC_all_11_26_25_metacentric_relaxed_MCF10A_chr19_PMP1_100_144x144__18max_4.9minradius_data.csv, /Users/smgroves/Documents/GitHub/VCell_Analysis/5_vcell_to_ch/output/test_snakemake/CPC_all_11_26_25_metacentric_relaxed_MCF10A_chr19_PMP1_100_144x144__18max_4.9minmovie.mp4
    output: /Users/smgroves/Documents/GitHub/VCell_Analysis/5_vcell_to_ch/output/test_snakemake/CPC_all_11_26_25_metacentric_relaxed_MCF10A_chr19_PMP1_100_144x144__18max_4.9minanalysis_plots.npz
    jobid: 2
    reason: Forced execution
    wildcards: simulation=CPC_all_11_26_25_metacentric_relaxed_MCF10A_chr19_PMP1_100_144x144__18max_4.9min
    resources: tmpdir=/var/folders/qg/8dr16mq572j_ksgn8_d2g59h0000gn/T
[Fri Jan 23 14:20:56 2026]
Finished jobid: 5 (Rule: matlab_level_set)
2 of 6 steps (33%) done
Select jobs to execute...
Execute 1 jobs...
[Fri Jan 23 14:20:56 2026]
localrule python_analysis:
    input: /Users/smgroves/Documents/GitHub/VCell_Analysis/5_vcell_to_ch/output/test_snakemake/CPC_all_11_26_25_metacentric_relaxed_MCF10A_chr19_PMP1_100_144x144__17max_4.9minfinal_phi.csv, /Users/smgroves/Documents/GitHub/VCell_Analysis/5_vcell_to_ch/output/test_snakemake/CPC_all_11_26_25_metacentric_relaxed_MCF10A_chr19_PMP1_100_144x144__17max_4.9minphi.csv, /Users/smgroves/Documents/GitHub/VCell_Analysis/5_vcell_to_ch/output/test_snakemake/CPC_all_11_26_25_metacentric_relaxed_MCF10A_chr19_PMP1_100_144x144__17max_4.9minradius_data.csv, /Users/smgroves/Documents/GitHub/VCell_Analysis/5_vcell_to_ch/output/test_snakemake/CPC_all_11_26_25_metacentric_relaxed_MCF10A_chr19_PMP1_100_144x144__17max_4.9minmovie.mp4
    output: /Users/smgroves/Documents/GitHub/VCell_Analysis/5_vcell_to_ch/output/test_snakemake/CPC_all_11_26_25_metacentric_relaxed_MCF10A_chr19_PMP1_100_144x144__17max_4.9minanalysis_plots.npz
    jobid: 4
    reason: Forced execution
    wildcards: simulation=CPC_all_11_26_25_metacentric_relaxed_MCF10A_chr19_PMP1_100_144x144__17max_4.9min
    resources: tmpdir=/var/folders/qg/8dr16mq572j_ksgn8_d2g59h0000gn/T
RuleException:
CalledProcessError in file "/Users/smgroves/Documents/Github/VCell_Analysis/5_vcell_to_ch/generate_plot_pdf/Snakefile", line 65:
Command 'set -euo pipefail;  
        python /Users/smgroves/Documents/GitHub/VCell_Analysis/5_vcell_to_ch/generate_plot_pdf/analyze_single_simulation.py             --final-phi /Users/smgroves/Documents/GitHub/VCell_Analysis/5_vcell_to_ch/output/test_snakemake/CPC_all_11_26_25_metacentric_relaxed_MCF10A_chr19_PMP1_100_144x144__18max_4.9minfinal_phi.csv             --phi /Users/smgroves/Documents/GitHub/VCell_Analysis/5_vcell_to_ch/output/test_snakemake/CPC_all_11_26_25_metacentric_relaxed_MCF10A_chr19_PMP1_100_144x144__18max_4.9minphi.csv             --radius-data /Users/smgroves/Documents/GitHub/VCell_Analysis/5_vcell_to_ch/output/test_snakemake/CPC_all_11_26_25_metacentric_relaxed_MCF10A_chr19_PMP1_100_144x144__18max_4.9minradius_data.csv             --dt 2.5e-05             --dt-out 10             --sim-name CPC_all_11_26_25_metacentric_relaxed_MCF10A_chr19_PMP1_100_144x144__18max_4.9min             --output /Users/smgroves/Documents/GitHub/VCell_Analysis/5_vcell_to_ch/output/test_snakemake/CPC_all_11_26_25_metacentric_relaxed_MCF10A_chr19_PMP1_100_144x144__18max_4.9minanalysis_plots.npz' returned non-zero exit status 2.
[Fri Jan 23 14:20:56 2026]
Error in rule python_analysis:
    message: None
    jobid: 2
    input: /Users/smgroves/Documents/GitHub/VCell_Analysis/5_vcell_to_ch/output/test_snakemake/CPC_all_11_26_25_metacentric_relaxed_MCF10A_chr19_PMP1_100_144x144__18max_4.9minfinal_phi.csv, /Users/smgroves/Documents/GitHub/VCell_Analysis/5_vcell_to_ch/output/test_snakemake/CPC_all_11_26_25_metacentric_relaxed_MCF10A_chr19_PMP1_100_144x144__18max_4.9minphi.csv, /Users/smgroves/Documents/GitHub/VCell_Analysis/5_vcell_to_ch/output/test_snakemake/CPC_all_11_26_25_metacentric_relaxed_MCF10A_chr19_PMP1_100_144x144__18max_4.9minradius_data.csv, /Users/smgroves/Documents/GitHub/VCell_Analysis/5_vcell_to_ch/output/test_snakemake/CPC_all_11_26_25_metacentric_relaxed_MCF10A_chr19_PMP1_100_144x144__18max_4.9minmovie.mp4
    output: /Users/smgroves/Documents/GitHub/VCell_Analysis/5_vcell_to_ch/output/test_snakemake/CPC_all_11_26_25_metacentric_relaxed_MCF10A_chr19_PMP1_100_144x144__18max_4.9minanalysis_plots.npz
    shell:
        
        python /Users/smgroves/Documents/GitHub/VCell_Analysis/5_vcell_to_ch/generate_plot_pdf/analyze_single_simulation.py             --final-phi /Users/smgroves/Documents/GitHub/VCell_Analysis/5_vcell_to_ch/output/test_snakemake/CPC_all_11_26_25_metacentric_relaxed_MCF10A_chr19_PMP1_100_144x144__18max_4.9minfinal_phi.csv             --phi /Users/smgroves/Documents/GitHub/VCell_Analysis/5_vcell_to_ch/output/test_snakemake/CPC_all_11_26_25_metacentric_relaxed_MCF10A_chr19_PMP1_100_144x144__18max_4.9minphi.csv             --radius-data /Users/smgroves/Documents/GitHub/VCell_Analysis/5_vcell_to_ch/output/test_snakemake/CPC_all_11_26_25_metacentric_relaxed_MCF10A_chr19_PMP1_100_144x144__18max_4.9minradius_data.csv             --dt 2.5e-05             --dt-out 10             --sim-name CPC_all_11_26_25_metacentric_relaxed_MCF10A_chr19_PMP1_100_144x144__18max_4.9min             --output /Users/smgroves/Documents/GitHub/VCell_Analysis/5_vcell_to_ch/output/test_snakemake/CPC_all_11_26_25_metacentric_relaxed_MCF10A_chr19_PMP1_100_144x144__18max_4.9minanalysis_plots.npz
        
        (command exited with non-zero exit code)
RuleException:
CalledProcessError in file "/Users/smgroves/Documents/Github/VCell_Analysis/5_vcell_to_ch/generate_plot_pdf/Snakefile", line 65:
Command 'set -euo pipefail;  
        python /Users/smgroves/Documents/GitHub/VCell_Analysis/5_vcell_to_ch/generate_plot_pdf/analyze_single_simulation.py             --final-phi /Users/smgroves/Documents/GitHub/VCell_Analysis/5_vcell_to_ch/output/test_snakemake/CPC_all_11_26_25_metacentric_relaxed_MCF10A_chr19_PMP1_100_144x144__17max_4.9minfinal_phi.csv             --phi /Users/smgroves/Documents/GitHub/VCell_Analysis/5_vcell_to_ch/output/test_snakemake/CPC_all_11_26_25_metacentric_relaxed_MCF10A_chr19_PMP1_100_144x144__17max_4.9minphi.csv             --radius-data /Users/smgroves/Documents/GitHub/VCell_Analysis/5_vcell_to_ch/output/test_snakemake/CPC_all_11_26_25_metacentric_relaxed_MCF10A_chr19_PMP1_100_144x144__17max_4.9minradius_data.csv             --dt 2.5e-05             --dt-out 10             --sim-name CPC_all_11_26_25_metacentric_relaxed_MCF10A_chr19_PMP1_100_144x144__17max_4.9min             --output /Users/smgroves/Documents/GitHub/VCell_Analysis/5_vcell_to_ch/output/test_snakemake/CPC_all_11_26_25_metacentric_relaxed_MCF10A_chr19_PMP1_100_144x144__17max_4.9minanalysis_plots.npz' returned non-zero exit status 2.
[Fri Jan 23 14:20:57 2026]
Error in rule python_analysis:
    message: None
    jobid: 4
    input: /Users/smgroves/Documents/GitHub/VCell_Analysis/5_vcell_to_ch/output/test_snakemake/CPC_all_11_26_25_metacentric_relaxed_MCF10A_chr19_PMP1_100_144x144__17max_4.9minfinal_phi.csv, /Users/smgroves/Documents/GitHub/VCell_Analysis/5_vcell_to_ch/output/test_snakemake/CPC_all_11_26_25_metacentric_relaxed_MCF10A_chr19_PMP1_100_144x144__17max_4.9minphi.csv, /Users/smgroves/Documents/GitHub/VCell_Analysis/5_vcell_to_ch/output/test_snakemake/CPC_all_11_26_25_metacentric_relaxed_MCF10A_chr19_PMP1_100_144x144__17max_4.9minradius_data.csv, /Users/smgroves/Documents/GitHub/VCell_Analysis/5_vcell_to_ch/output/test_snakemake/CPC_all_11_26_25_metacentric_relaxed_MCF10A_chr19_PMP1_100_144x144__17max_4.9minmovie.mp4
    output: /Users/smgroves/Documents/GitHub/VCell_Analysis/5_vcell_to_ch/output/test_snakemake/CPC_all_11_26_25_metacentric_relaxed_MCF10A_chr19_PMP1_100_144x144__17max_4.9minanalysis_plots.npz
    shell:
        
        python /Users/smgroves/Documents/GitHub/VCell_Analysis/5_vcell_to_ch/generate_plot_pdf/analyze_single_simulation.py             --final-phi /Users/smgroves/Documents/GitHub/VCell_Analysis/5_vcell_to_ch/output/test_snakemake/CPC_all_11_26_25_metacentric_relaxed_MCF10A_chr19_PMP1_100_144x144__17max_4.9minfinal_phi.csv             --phi /Users/smgroves/Documents/GitHub/VCell_Analysis/5_vcell_to_ch/output/test_snakemake/CPC_all_11_26_25_metacentric_relaxed_MCF10A_chr19_PMP1_100_144x144__17max_4.9minphi.csv             --radius-data /Users/smgroves/Documents/GitHub/VCell_Analysis/5_vcell_to_ch/output/test_snakemake/CPC_all_11_26_25_metacentric_relaxed_MCF10A_chr19_PMP1_100_144x144__17max_4.9minradius_data.csv             --dt 2.5e-05             --dt-out 10             --sim-name CPC_all_11_26_25_metacentric_relaxed_MCF10A_chr19_PMP1_100_144x144__17max_4.9min             --output /Users/smgroves/Documents/GitHub/VCell_Analysis/5_vcell_to_ch/output/test_snakemake/CPC_all_11_26_25_metacentric_relaxed_MCF10A_chr19_PMP1_100_144x144__17max_4.9minanalysis_plots.npz
        
        (command exited with non-zero exit code)
Shutting down, this might take some time.
Exiting because a job execution failed. Look below for error messages
[Fri Jan 23 14:20:57 2026]
Error in rule python_analysis:
    message: None
    jobid: 4
    input: /Users/smgroves/Documents/GitHub/VCell_Analysis/5_vcell_to_ch/output/test_snakemake/CPC_all_11_26_25_metacentric_relaxed_MCF10A_chr19_PMP1_100_144x144__17max_4.9minfinal_phi.csv, /Users/smgroves/Documents/GitHub/VCell_Analysis/5_vcell_to_ch/output/test_snakemake/CPC_all_11_26_25_metacentric_relaxed_MCF10A_chr19_PMP1_100_144x144__17max_4.9minphi.csv, /Users/smgroves/Documents/GitHub/VCell_Analysis/5_vcell_to_ch/output/test_snakemake/CPC_all_11_26_25_metacentric_relaxed_MCF10A_chr19_PMP1_100_144x144__17max_4.9minradius_data.csv, /Users/smgroves/Documents/GitHub/VCell_Analysis/5_vcell_to_ch/output/test_snakemake/CPC_all_11_26_25_metacentric_relaxed_MCF10A_chr19_PMP1_100_144x144__17max_4.9minmovie.mp4
    output: /Users/smgroves/Documents/GitHub/VCell_Analysis/5_vcell_to_ch/output/test_snakemake/CPC_all_11_26_25_metacentric_relaxed_MCF10A_chr19_PMP1_100_144x144__17max_4.9minanalysis_plots.npz
    shell:
        
        python /Users/smgroves/Documents/GitHub/VCell_Analysis/5_vcell_to_ch/generate_plot_pdf/analyze_single_simulation.py             --final-phi /Users/smgroves/Documents/GitHub/VCell_Analysis/5_vcell_to_ch/output/test_snakemake/CPC_all_11_26_25_metacentric_relaxed_MCF10A_chr19_PMP1_100_144x144__17max_4.9minfinal_phi.csv             --phi /Users/smgroves/Documents/GitHub/VCell_Analysis/5_vcell_to_ch/output/test_snakemake/CPC_all_11_26_25_metacentric_relaxed_MCF10A_chr19_PMP1_100_144x144__17max_4.9minphi.csv             --radius-data /Users/smgroves/Documents/GitHub/VCell_Analysis/5_vcell_to_ch/output/test_snakemake/CPC_all_11_26_25_metacentric_relaxed_MCF10A_chr19_PMP1_100_144x144__17max_4.9minradius_data.csv             --dt 2.5e-05             --dt-out 10             --sim-name CPC_all_11_26_25_metacentric_relaxed_MCF10A_chr19_PMP1_100_144x144__17max_4.9min             --output /Users/smgroves/Documents/GitHub/VCell_Analysis/5_vcell_to_ch/output/test_snakemake/CPC_all_11_26_25_metacentric_relaxed_MCF10A_chr19_PMP1_100_144x144__17max_4.9minanalysis_plots.npz
        
        (command exited with non-zero exit code)
[Fri Jan 23 14:20:57 2026]
Error in rule python_analysis:
    message: None
    jobid: 2
    input: /Users/smgroves/Documents/GitHub/VCell_Analysis/5_vcell_to_ch/output/test_snakemake/CPC_all_11_26_25_metacentric_relaxed_MCF10A_chr19_PMP1_100_144x144__18max_4.9minfinal_phi.csv, /Users/smgroves/Documents/GitHub/VCell_Analysis/5_vcell_to_ch/output/test_snakemake/CPC_all_11_26_25_metacentric_relaxed_MCF10A_chr19_PMP1_100_144x144__18max_4.9minphi.csv, /Users/smgroves/Documents/GitHub/VCell_Analysis/5_vcell_to_ch/output/test_snakemake/CPC_all_11_26_25_metacentric_relaxed_MCF10A_chr19_PMP1_100_144x144__18max_4.9minradius_data.csv, /Users/smgroves/Documents/GitHub/VCell_Analysis/5_vcell_to_ch/output/test_snakemake/CPC_all_11_26_25_metacentric_relaxed_MCF10A_chr19_PMP1_100_144x144__18max_4.9minmovie.mp4
    output: /Users/smgroves/Documents/GitHub/VCell_Analysis/5_vcell_to_ch/output/test_snakemake/CPC_all_11_26_25_metacentric_relaxed_MCF10A_chr19_PMP1_100_144x144__18max_4.9minanalysis_plots.npz
    shell:
        
        python /Users/smgroves/Documents/GitHub/VCell_Analysis/5_vcell_to_ch/generate_plot_pdf/analyze_single_simulation.py             --final-phi /Users/smgroves/Documents/GitHub/VCell_Analysis/5_vcell_to_ch/output/test_snakemake/CPC_all_11_26_25_metacentric_relaxed_MCF10A_chr19_PMP1_100_144x144__18max_4.9minfinal_phi.csv             --phi /Users/smgroves/Documents/GitHub/VCell_Analysis/5_vcell_to_ch/output/test_snakemake/CPC_all_11_26_25_metacentric_relaxed_MCF10A_chr19_PMP1_100_144x144__18max_4.9minphi.csv             --radius-data /Users/smgroves/Documents/GitHub/VCell_Analysis/5_vcell_to_ch/output/test_snakemake/CPC_all_11_26_25_metacentric_relaxed_MCF10A_chr19_PMP1_100_144x144__18max_4.9minradius_data.csv             --dt 2.5e-05             --dt-out 10             --sim-name CPC_all_11_26_25_metacentric_relaxed_MCF10A_chr19_PMP1_100_144x144__18max_4.9min             --output /Users/smgroves/Documents/GitHub/VCell_Analysis/5_vcell_to_ch/output/test_snakemake/CPC_all_11_26_25_metacentric_relaxed_MCF10A_chr19_PMP1_100_144x144__18max_4.9minanalysis_plots.npz
        
        (command exited with non-zero exit code)
Complete log(s): /Users/smgroves/Documents/Github/VCell_Analysis/5_vcell_to_ch/generate_plot_pdf/.snakemake/log/2026-01-23T142044.239800.snakemake.log
WorkflowError:
At least one job did not complete successfully.
