   0 SimID_264784301_0_0000.sim SimID_264784301_0_00.zip 0
   1 SimID_264784301_0_0001.sim SimID_264784301_0_00.zip 0.1
   2 SimID_264784301_0_0002.sim SimID_264784301_0_00.zip 0.2
   3 SimID_264784301_0_0003.sim SimID_264784301_0_00.zip 0.3
   4 SimID_264784301_0_0004.sim SimID_264784301_0_00.zip 0.4
   5 SimID_264784301_0_0005.sim SimID_264784301_0_00.zip 0.5
   6 SimID_264784301_0_0006.sim SimID_264784301_0_00.zip 0.6
   7 SimID_264784301_0_0007.sim SimID_264784301_0_00.zip 0.7
   8 SimID_264784301_0_0008.sim SimID_264784301_0_00.zip 0.8
   9 SimID_264784301_0_0009.sim SimID_264784301_0_00.zip 0.9
  10 SimID_264784301_0_0010.sim SimID_264784301_0_00.zip 1
  11 SimID_264784301_0_0011.sim SimID_264784301_0_00.zip 1.1
  12 SimID_264784301_0_0012.sim SimID_264784301_0_00.zip 1.2
  13 SimID_264784301_0_0013.sim SimID_264784301_0_00.zip 1.3
  14 SimID_264784301_0_0014.sim SimID_264784301_0_00.zip 1.4
  15 SimID_264784301_0_0015.sim SimID_264784301_0_00.zip 1.5
  16 SimID_264784301_0_0016.sim SimID_264784301_0_00.zip 1.6
  17 SimID_264784301_0_0017.sim SimID_264784301_0_00.zip 1.7
  18 SimID_264784301_0_0018.sim SimID_264784301_0_00.zip 1.8
  19 SimID_264784301_0_0019.sim SimID_264784301_0_00.zip 1.9
  20 SimID_264784301_0_0020.sim SimID_264784301_0_00.zip 2
  21 SimID_264784301_0_0021.sim SimID_264784301_0_00.zip 2.1
  22 SimID_264784301_0_0022.sim SimID_264784301_0_00.zip 2.2
  23 SimID_264784301_0_0023.sim SimID_264784301_0_00.zip 2.3
  24 SimID_264784301_0_0024.sim SimID_264784301_0_00.zip 2.4
  25 SimID_264784301_0_0025.sim SimID_264784301_0_00.zip 2.5
  26 SimID_264784301_0_0026.sim SimID_264784301_0_00.zip 2.6
  27 SimID_264784301_0_0027.sim SimID_264784301_0_00.zip 2.7
  28 SimID_264784301_0_0028.sim SimID_264784301_0_00.zip 2.8
  29 SimID_264784301_0_0029.sim SimID_264784301_0_00.zip 2.9
  30 SimID_264784301_0_0030.sim SimID_264784301_0_00.zip 3
  31 SimID_264784301_0_0031.sim SimID_264784301_0_00.zip 3.1
  32 SimID_264784301_0_0032.sim SimID_264784301_0_00.zip 3.2
  33 SimID_264784301_0_0033.sim SimID_264784301_0_00.zip 3.3
  34 SimID_264784301_0_0034.sim SimID_264784301_0_00.zip 3.4
  35 SimID_264784301_0_0035.sim SimID_264784301_0_00.zip 3.5
  36 SimID_264784301_0_0036.sim SimID_264784301_0_00.zip 3.6
  37 SimID_264784301_0_0037.sim SimID_264784301_0_00.zip 3.7
  38 SimID_264784301_0_0038.sim SimID_264784301_0_00.zip 3.8
  39 SimID_264784301_0_0039.sim SimID_264784301_0_00.zip 3.9
  40 SimID_264784301_0_0040.sim SimID_264784301_0_00.zip 4
  41 SimID_264784301_0_0041.sim SimID_264784301_0_00.zip 4.1
  42 SimID_264784301_0_0042.sim SimID_264784301_0_00.zip 4.2
  43 SimID_264784301_0_0043.sim SimID_264784301_0_00.zip 4.3
  44 SimID_264784301_0_0044.sim SimID_264784301_0_00.zip 4.4
  45 SimID_264784301_0_0045.sim SimID_264784301_0_00.zip 4.5
  46 SimID_264784301_0_0046.sim SimID_264784301_0_00.zip 4.6
  47 SimID_264784301_0_0047.sim SimID_264784301_0_00.zip 4.7
  48 SimID_264784301_0_0048.sim SimID_264784301_0_00.zip 4.8
  49 SimID_264784301_0_0049.sim SimID_264784301_0_00.zip 4.9
  50 SimID_264784301_0_0050.sim SimID_264784301_0_00.zip 5
  51 SimID_264784301_0_0051.sim SimID_264784301_0_00.zip 5.1
  52 SimID_264784301_0_0052.sim SimID_264784301_0_00.zip 5.2
  53 SimID_264784301_0_0053.sim SimID_264784301_0_00.zip 5.3
  54 SimID_264784301_0_0054.sim SimID_264784301_0_00.zip 5.4
  55 SimID_264784301_0_0055.sim SimID_264784301_0_00.zip 5.5
  56 SimID_264784301_0_0056.sim SimID_264784301_0_00.zip 5.6
  57 SimID_264784301_0_0057.sim SimID_264784301_0_00.zip 5.7
  58 SimID_264784301_0_0058.sim SimID_264784301_0_00.zip 5.8
  59 SimID_264784301_0_0059.sim SimID_264784301_0_00.zip 5.9
  60 SimID_264784301_0_0060.sim SimID_264784301_0_00.zip 5.99999999999999
  61 SimID_264784301_0_0061.sim SimID_264784301_0_00.zip 6.09999999999999
  62 SimID_264784301_0_0062.sim SimID_264784301_0_00.zip 6.19999999999999
  63 SimID_264784301_0_0063.sim SimID_264784301_0_00.zip 6.29999999999999
  64 SimID_264784301_0_0064.sim SimID_264784301_0_00.zip 6.39999999999999
  65 SimID_264784301_0_0065.sim SimID_264784301_0_00.zip 6.49999999999999
  66 SimID_264784301_0_0066.sim SimID_264784301_0_00.zip 6.59999999999999
  67 SimID_264784301_0_0067.sim SimID_264784301_0_00.zip 6.69999999999999
  68 SimID_264784301_0_0068.sim SimID_264784301_0_00.zip 6.79999999999999
  69 SimID_264784301_0_0069.sim SimID_264784301_0_00.zip 6.89999999999999
  70 SimID_264784301_0_0070.sim SimID_264784301_0_00.zip 6.99999999999999
  71 SimID_264784301_0_0071.sim SimID_264784301_0_00.zip 7.09999999999999
  72 SimID_264784301_0_0072.sim SimID_264784301_0_00.zip 7.19999999999999
  73 SimID_264784301_0_0073.sim SimID_264784301_0_00.zip 7.29999999999999
  74 SimID_264784301_0_0074.sim SimID_264784301_0_00.zip 7.39999999999999
  75 SimID_264784301_0_0075.sim SimID_264784301_0_00.zip 7.49999999999999
  76 SimID_264784301_0_0076.sim SimID_264784301_0_00.zip 7.59999999999999
  77 SimID_264784301_0_0077.sim SimID_264784301_0_00.zip 7.69999999999999
  78 SimID_264784301_0_0078.sim SimID_264784301_0_00.zip 7.79999999999999
  79 SimID_264784301_0_0079.sim SimID_264784301_0_00.zip 7.89999999999999
  80 SimID_264784301_0_0080.sim SimID_264784301_0_00.zip 7.99999999999999
  81 SimID_264784301_0_0081.sim SimID_264784301_0_00.zip 8.09999999999999
  82 SimID_264784301_0_0082.sim SimID_264784301_0_00.zip 8.19999999999999
  83 SimID_264784301_0_0083.sim SimID_264784301_0_00.zip 8.29999999999999
  84 SimID_264784301_0_0084.sim SimID_264784301_0_00.zip 8.39999999999999
  85 SimID_264784301_0_0085.sim SimID_264784301_0_00.zip 8.49999999999999
  86 SimID_264784301_0_0086.sim SimID_264784301_0_00.zip 8.59999999999999
  87 SimID_264784301_0_0087.sim SimID_264784301_0_00.zip 8.69999999999999
  88 SimID_264784301_0_0088.sim SimID_264784301_0_00.zip 8.79999999999998
  89 SimID_264784301_0_0089.sim SimID_264784301_0_00.zip 8.89999999999998
  90 SimID_264784301_0_0090.sim SimID_264784301_0_00.zip 8.99999999999998
  91 SimID_264784301_0_0091.sim SimID_264784301_0_00.zip 9.09999999999998
  92 SimID_264784301_0_0092.sim SimID_264784301_0_00.zip 9.19999999999998
  93 SimID_264784301_0_0093.sim SimID_264784301_0_00.zip 9.29999999999998
  94 SimID_264784301_0_0094.sim SimID_264784301_0_00.zip 9.39999999999998
  95 SimID_264784301_0_0095.sim SimID_264784301_0_00.zip 9.49999999999998
  96 SimID_264784301_0_0096.sim SimID_264784301_0_00.zip 9.59999999999998
  97 SimID_264784301_0_0097.sim SimID_264784301_0_00.zip 9.69999999999998
  98 SimID_264784301_0_0098.sim SimID_264784301_0_00.zip 9.79999999999998
  99 SimID_264784301_0_0099.sim SimID_264784301_0_00.zip 9.89999999999998
 100 SimID_264784301_0_0100.sim SimID_264784301_0_00.zip 9.99999999999998
